ï¿½Jï¿½ï¿½Ñ¹esp32: SPI Speed      : 4ï¿½ets Jul 29 2019 12:21:46

rst:0x1 (POWERON_RESET),boot:0x13 (SPI_FAST_FLASH_BOOT)
configsip: 0, SPIWP:0xee
clk_drv:0x00,q_drv:0x00,d_drv:0x00,cs0_drv:0x00,hd_drv:0x00,wp_drv:0x00
mode:DIO, clock div:2
load:0x3fff0030,len:7176
load:0x40078000,len:15564
ho 0 tail 12 room 4
load:0x40080400,len:4
load:0x40080404,len:3904
entry 0x40080640
[0;32mI (31) boot: ESP-IDF v5.3.2-dirty 2nd stage bootloader[0m
[0;32mI (31) boot: compile time May  7 2025 04:51:56[0m
[0;32mI (31) boot: Multicore bootloader[0m
[0;32mI (36) boot: chip revision: v3.1[0m
[0;32mI (40) boot.esp32: SPI Speed      : 40MHz[0m
[0;32mI (44) boot.esp32: SPI Mode       : DIO[0m
[0;32mI (49) boot.esp32: SPI Flash Size : 2MB[0m
[0;32mI (53) boot: Enabling RNG early entropy source...[0m
[0;32mI (59) boot: Partition Table:[0m
[0;32mI (62) boot: ## Label            Usage          Type ST Offset   Length[0m
[0;32mI (70) boot:  0 nvs              WiFi data        01 02 00009000 00006000[0m
[0;32mI (77) boot:  1 phy_init         RF data          01 01 0000f000 00001000[0m
[0;32mI (85) boot:  2 factory          factory app      00 00 00010000 00100000[0m
[0;32mI (92) boot: End of partition table[0m
[0;32mI (96) esp_image: segment 0: paddr=00010020 vaddr=3f400020 size=0aa8ch ( 43660) map[0m
[0;32mI (120) esp_image: segment 1: paddr=0001aab4 vaddr=3ffb0000 size=02364h (  9060) load[0m
[0;32mI (123) esp_image: segment 2: paddr=0001ce20 vaddr=40080000 size=031f8h ( 12792) load[0m
[0;32mI (131) esp_image: segment 3: paddr=00020020 vaddr=400d0020 size=16550h ( 91472) map[0m
[0;32mI (165) esp_image: segment 4: paddr=00036578 vaddr=400831f8 size=0a914h ( 43284) load[0m
[0;32mI (189) boot: Loaded app from partition at offset 0x10000[0m
[0;32mI (190) boot: Disabling RNG early entropy source...[0m
[0;32mI (202) cpu_start: Multicore app[0m
[0;32mI (210) cpu_start: Pro cpu start user code[0m
[0;32mI (210) cpu_start: cpu freq: 160000000 Hz[0m
[0;32mI (210) app_init: Application information:[0m
[0;32mI (213) app_init: Project name:     AWAKE[0m
[0;32mI (218) app_init: App version:      1[0m
[0;32mI (222) app_init: Compile time:     May  7 2025 04:51:34[0m
[0;32mI (228) app_init: ELF file SHA256:  46baa7b5b...[0m
[0;32mI (234) app_init: ESP-IDF:          v5.3.2-dirty[0m
[0;32mI (239) efuse_init: Min chip rev:     v0.0[0m
[0;32mI (244) efuse_init: Max chip rev:     v3.99 [0m
[0;32mI (249) efuse_init: Chip rev:         v3.1[0m
[0;32mI (254) heap_init: Initializing. RAM available for dynamic allocation:[0m
[0;32mI (261) heap_init: At 3FFAE6E0 len 00001920 (6 KiB): DRAM[0m
[0;32mI (267) heap_init: At 3FFB2C30 len 0002D3D0 (180 KiB): DRAM[0m
[0;32mI (273) heap_init: At 3FFE0440 len 00003AE0 (14 KiB): D/IRAM[0m
[0;32mI (279) heap_init: At 3FFE4350 len 0001BCB0 (111 KiB): D/IRAM[0m
[0;32mI (286) heap_init: At 4008DB0C len 000124F4 (73 KiB): IRAM[0m
[0;32mI (293) spi_flash: detected chip: generic[0m
[0;32mI (297) spi_flash: flash io: dio[0m
[0;33mW (300) spi_flash: Detected size(4096k) larger than the size in the binary image header(2048k). Using the size in the binary image header.[0m
[0;32mI (314) main_task: Started on CPU0[0m
[0;32mI (324) main_task: Calling app_main()[0m
[0;32mI (384) TGAM: Received 128 bytes:[0m
11 FB AA AA 04 80 02 FD 89 F7 AA AA 04 80 02 01 1B 61 AA AA 04 80 02 03 32 48 AA AA 04 80 02 01 69 13 AA AA 04 80 02 FE 75 0A AA AA 04 80 02 FE 1C 63 AA AA 04 80 02 00 90 ED AA AA 04 80 02 02 7A 01 AA AA 04 80 02 01 83 F9 AA AA 04 80 02 FE D8 A7 AA AA 04 80 02 FD 4A 36 AA AA 04 80 02 FF FA 84 AA AA 04 80 02 02 EA 91 AA AA 04 80 02 02 18 63 AA AA 04 80 02 FF 15 69 AA AA 04 80 02 FD 
[0;32mI (604) TGAM: Received 128 bytes:[0m
9D E3 AA AA 04 80 02 FF 87 F7 AA AA 04 80 02 02 29 52 AA AA 04 80 02 02 2B 50 AA AA 04 80 02 FF 7E 00 AA AA 04 80 02 FC EC 95 AA AA 04 80 02 FE 7C 03 AA AA 04 80 02 02 59 22 AA AA 04 80 02 02 B3 C8 AA AA 04 80 02 FF FF 7F AA AA 04 80 02 FD BF C1 AA AA 04 80 02 FE D3 AC AA AA 04 80 02 01 68 14 AA AA 04 80 02 02 2A 51 AA AA 04 80 02 00 44 39 AA AA 04 80 02 FD 9F E1 AA AA 04 80 02 FD 
[0;32mI (824) TGAM: Received 128 bytes:[0m
8E F2 AA AA 04 80 02 01 43 39 AA AA 04 80 02 02 ED 8E AA AA 04 80 02 00 E5 98 AA AA 04 80 02 FE 13 6C AA AA 04 80 02 FE 04 7B AA AA 04 80 02 00 C8 B5 AA AA 04 80 02 02 B8 C3 AA AA 04 80 02 01 88 F4 AA AA 04 80 02 FE AA D5 AA AA 04 80 02 FD 2A 56 AA AA 04 80 02 00 2B 52 AA AA 04 80 02 02 F4 87 AA AA 04 80 02 01 CB B1 AA AA 04 80 02 FE EC 93 AA AA 04 80 02 FD E5 9B AA AA 04 80 02 FF 
[0;32mI (1044) TGAM: Received 128 bytes:[0m
EF 8F AA AA 04 80 02 02 57 24 AA AA 04 80 02 02 25 56 AA AA 04 80 02 FF 87 F7 AA AA 04 80 02 FD 57 29 AA AA 04 80 02 FF 4F 2F AA AA 04 80 02 02 BB C0 AA AA 04 80 02 02 95 E6 AA AA 04 80 02 FF B3 CB AA AA 04 80 02 FD 9C E4 AA AA 04 80 02 FE F8 87 AA AA 04 80 02 01 B4 C8 AA AA 04 80 02 02 53 28 AA AA 04 80 02 00 32 4B AA AA 04 80 02 FD 82 FE AA AA 04 80 02 FD F9 87 AA AA 04 80 02 01 
[0;32mI (1264) TGAM: Received 128 bytes:[0m
F4 88 AA AA 04 80 02 03 40 3A AA AA 04 80 02 00 E2 9B AA AA 04 80 02 FD F3 8D AA AA 04 80 02 FE 17 68 AA AA 04 80 02 01 11 6B AA AA 04 80 02 02 BA C1 AA AA 04 80 02 01 3A 42 AA AA 04 80 02 FE 5B 24 AA AA 04 80 02 FD 3F 41 AA AA 04 80 02 00 7A 03 AA AA 04 80 02 02 E4 97 AA AA 04 80 02 01 7C 00 AA AA 04 80 02 FE 86 F9 AA AA 04 80 02 FD C8 B8 AA AA 04 80 02 00 48 35 AA AA 04 80 02 02 
[0;32mI (1484) TGAM: Received 128 bytes:[0m
A8 D3 AA AA 04 80 02 01 D8 A4 AA AA 04 80 02 FF 1B 63 AA AA 04 80 02 FD 37 49 AA AA 04 80 02 FF 8C F2 AA AA 04 80 02 02 CD AE AA AA 04 80 02 02 57 24 AA AA 04 80 02 FF 54 2A AA AA 04 80 02 FD 7E 02 AA AA 04 80 02 FF 5F 1F AA AA 04 80 02 02 58 23 AA AA 04 80 02 02 85 F6 AA AA 04 80 02 FF FA 84 AA AA 04 80 02 FD 66 1A AA AA 04 80 02 FE 6D 12 AA AA 04 80 02 02 16 65 AA AA 04 80 02 02 
[0;32mI (1704) TGAM: Received 128 bytes:[0m
B8 C3 AA AA 04 80 02 00 31 4C AA AA 04 80 02 FD AA D6 AA AA 04 80 02 FE 6B 14 AA AA 04 80 02 01 90 EC AA AA 04 80 02 02 BC BF AA AA 04 80 02 00 B9 C4 AA AA 04 80 02 FD EB 95 AA AA 04 80 02 FD 77 09 AA AA 04 80 02 01 28 54 AA AA 04 80 02 03 42 38 AA AA 04 80 02 01 5D 1F AA AA 04 80 02 FE 2F 50 AA AA 04 80 02 FD CF B1 AA AA 04 80 02 00 85 F8 AA AA 04 80 02 02 9B E0 AA AA 04 80 02 01 
[0;32mI (1924) TGAM: Received 128 bytes:[0m
7B 01 AA AA 04 80 02 FE A9 D6 AA AA 04 80 02 FC FE 83 AA AA 04 80 02 FF BE C0 AA AA 04 80 02 02 EA 91 AA AA 04 80 02 02 24 57 AA AA 04 80 02 FE F9 86 AA AA 04 80 02 FD 76 0A AA AA 04 80 02 FF 86 F8 AA AA 04 80 02 02 3C 3F AA AA 04 80 02 02 39 42 AA AA 04 80 02 FF B5 C9 AA AA 04 80 02 FD 29 57 AA AA 04 80 02 FE 9E E1 AA AA 04 80 02 02 68 13 AA AA 04 80 02 02 CA B1 AA AA 04 80 02 00 
[0;32mI (2144) TGAM: Received 128 bytes:[0m
0C 71 AA AA 04 80 02 FD BE C2 AA AA 04 80 02 FE BE C1 AA AA 04 80 02 01 B4 C8 AA AA 04 80 02 02 8A F1 AA AA 04 80 02 00 54 29 AA AA 04 80 02 FD 88 F8 AA AA 04 80 02 FD 89 F7 AA AA 04 80 02 01 6A 12 AA AA 04 80 02 03 47 33 AA AA 04 80 02 01 4A 32 AA AA 04 80 02 FE 53 2C AA AA 04 80 02 FE 07 78 AA AA 04 80 02 00 92 EB AA AA 04 80 02 02 55 26 AA AA 04 80 02 01 38 44 AA AA 04 80 02 FE 
[0;32mI (2364) TGAM: Received 128 bytes:[0m
88 F7 AA AA 04 80 02 FD 07 79 AA AA 04 80 02 00 01 7C AA AA 04 80 02 02 DD 9E AA AA 04 80 02 01 B1 CB AA AA 04 80 02 FE D7 A8 AA AA 04 80 02 FD DE A2 AA AA 04 80 02 FF F6 88 AA AA 04 80 02 02 6B 10 AA AA 04 80 02 02 38 43 AA AA 04 80 02 FF 9F DF AA AA 04 80 02 FD 4D 33 AA AA 04 80 02 FF 28 56 AA AA 04 80 02 02 B1 CA AA AA 04 80 02 02 97 E4 AA AA 04 80 02 FF AA D4 AA AA 04 80 02 FD 
[0;32mI (2584) TGAM: Received 128 bytes:[0m
9B E5 AA AA 04 80 02 FF 06 78 AA AA 04 80 02 02 03 78 AA AA 04 80 02 02 99 E2 AA AA 04 80 02 00 4B 32 AA AA 04 80 02 FD A3 DD AA AA 04 80 02 FD F4 8C AA AA 04 80 02 01 D8 A4 AA AA 04 80 02 03 13 67 AA AA 04 80 02 00 96 E7 AA AA 04 80 02 FD A5 DB AA AA 04 80 02 FD FF 81 AA AA 04 80 02 01 21 5B AA AA 04 80 02 02 B8 C3 AA AA 04 80 02 00 FA 83 AA AA 04 80 02 FD FC 84 AA AA 04 80 02 FD 
[0;32mI (2804) TGAM: Received 128 bytes:[0m
05 7B AA AA 04 80 02 00 76 07 AA AA 04 80 02 03 11 69 AA AA 04 80 02 01 9A E2 AA AA 04 80 02 FE 53 2C AA AA 04 80 02 FD 7E 02 AA AA 04 80 02 00 2D 50 AA AA 04 80 02 02 A4 D7 AA AA 04 80 02 01 B7 C5 AA AA 04 80 02 FE FB 84 AA AA 04 80 02 FD 14 6C AA AA 04 80 02 FF 4E 30 AA AA 04 80 02 02 A5 D6 AA AA 04 80 02 02 57 24 AA AA 04 80 02 FF 58 26 AA AA 04 80 02 FD 63 1D AA AA 04 80 02 FF 
[0;32mI (3024) TGAM: Received 128 bytes:[0m
37 47 AA AA 04 80 02 02 57 24 AA AA 04 80 02 02 A7 D4 AA AA 04 80 02 00 11 6C AA AA 04 80 02 FD 5A 26 AA AA 04 80 02 FE 2F 50 AA AA 04 80 02 02 38 43 AA AA 04 80 02 03 31 49 AA AA 04 80 02 00 8D F0 AA AA 04 80 02 FD C4 BC AA AA 04 80 02 FE 5D 22 AA AA 04 80 02 01 6C 10 AA AA 04 80 02 02 A3 D8 AA AA 04 80 02 00 C2 BB AA AA 04 80 02 FE 0C 73 AA AA 04 80 02 FD 9D E3 AA AA 04 80 02 01 
[0;32mI (3244) TGAM: Received 128 bytes:[0m
1C 60 AA AA 04 80 02 03 22 58 AA AA 04 80 02 01 49 33 AA AA 04 80 02 FE 3E 41 AA AA 04 80 02 FD E3 9D AA AA 04 80 02 00 95 E8 AA AA 04 80 02 02 C6 B5 AA AA 04 80 02 01 AA D2 AA AA 04 80 02 FE CF B0 AA AA 04 80 02 FD 1D 63 AA AA 04 80 02 FF D9 A5 AA AA 04 80 02 03 0B 6F AA AA 04 80 02 02 67 14 AA AA 04 80 02 FF 58 26 AA AA 04 80 02 FD C3 BD AA AA 04 80 02 FF 95 E9 AA AA 04 80 02 02 
[0;32mI (3464) TGAM: Received 128 bytes:[0m
35 46 AA AA 04 80 02 02 30 4B AA AA 04 80 02 FF A6 D8 AA AA 04 80 02 FD 32 4E AA AA 04 80 02 FE A6 D9 AA AA 04 80 02 02 64 17 AA AA 04 80 02 02 C7 B4 AA AA 04 80 02 00 0B 72 AA AA 04 80 02 FD AE D2 AA AA 04 80 02 FE 86 F9 AA AA 04 80 02 01 70 0C AA AA 04 80 02 02 88 F3 AA AA 04 80 02 00 A4 D9 AA AA 04 80 02 FD D7 A9 AA AA 04 80 02 FD AA D6 AA AA 04 80 02 01 73 09 AA AA 04 80 02 03 
[0;32mI (3684) TGAM: Received 128 bytes:[0m
34 46 AA AA 04 80 02 01 39 43 AA AA 04 80 02 FE 43 3C AA AA 04 80 02 FD F4 8C AA AA 04 80 02 00 8A F3 AA AA 04 80 02 02 8C EF AA AA 04 80 02 01 86 F6 AA AA 04 80 02 FE CB B4 AA AA 04 80 02 FD 4C 34 AA AA 04 80 02 00 0D 70 AA AA 04 80 02 02 B7 C4 AA AA 04 80 02 01 A9 D3 AA AA 04 80 02 FE E9 96 AA AA 04 80 02 FD E6 9A AA AA 04 80 02 FF EA 94 AA AA 04 80 02 02 3B 40 AA AA 04 80 02 01 
[0;32mI (3904) TGAM: Received 128 bytes:[0m
E9 93 AA AA 04 80 02 FF 4D 31 AA AA 04 80 02 FC FB 86 AA AA 04 80 02 FE AF D0 AA AA 04 80 02 02 68 13 AA AA 04 80 02 02 9C DF AA AA 04 80 02 FF DB A3 AA AA 04 80 02 FD CD B3 AA AA 04 80 02 FF 1A 64 AA AA 04 80 02 01 D7 A5 AA AA 04 80 02 02 55 26 AA AA 04 80 02 00 38 45 AA AA 04 80 02 FD 94 EC AA AA 04 80 02 FD CC B4 AA AA 04 80 02 01 B0 CC AA AA 04 80 02 03 0D 6D AA AA 04 80 02 00 
[0;32mI (4124) TGAM: Received 128 bytes:[0m
AA D3 AA AA 04 80 02 FD BD C3 AA AA 04 80 02 FE 09 76 AA AA 04 80 02 01 13 69 AA AA 04 80 02 02 BB C0 AA AA 04 80 02 01 40 3C AA AA 04 80 02 FE 88 F7 AA AA 04 80 02 FD 76 0A AA AA 04 80 02 00 A9 D4 AA AA 04 80 02 03 17 63 AA AA 04 80 02 01 A9 D3 AA AA 04 80 02 FE AE D1 AA AA 04 80 02 FD DE A2 AA AA 04 80 02 00 20 5D AA AA 04 80 02 02 56 25 AA AA 04 80 02 01 94 E8 AA AA 04 80 02 FE 
[0;32mI (4344) TGAM: Received 128 bytes:[0m
F2 8D AA AA 04 80 02 FD 0D 73 AA AA 04 80 02 FF 4D 31 AA AA 04 80 02 02 B4 C7 AA AA 04 80 02 02 80 FB AA AA 04 80 02 FF A5 D9 AA AA 04 80 02 FD B3 CD AA AA 04 80 02 FF 2E 50 AA AA 04 80 02 01 F1 8B AA AA 04 80 02 02 4A 31 AA AA 04 80 02 00 01 7C AA AA 04 80 02 FD 64 1C AA AA 20 02 C8 83 18 0F 92 4A 19 90 F8 06 13 79 02 4E 76 0B D1 FC 01 32 B7 00 41 27 00 FB BD 04 00 05 00 CB AA AA 
[0;32mI (4564) TGAM: Received 128 bytes:[0m
04 80 02 FE 19 66 AA AA 04 80 02 01 C0 BC AA AA 04 80 02 02 93 E8 AA AA 04 80 02 00 7A 03 AA AA 04 80 02 FD F6 8A AA AA 04 80 02 FE 74 0B AA AA 04 80 02 01 52 2A AA AA 04 80 02 02 C3 B8 AA AA 04 80 02 01 58 24 AA AA 04 80 02 FE 5E 21 AA AA 04 80 02 FD 47 39 AA AA 02 11 6A AA AA 04 80 02 FF 8A F4 AA AA 04 80 02 FD 2C 54 AA AA 04 80 02 FE D7 A8 AA AA 04 80 02 02 70 0B AA AA 04 80 02 
[0;32mI (4784) TGAM: Received 128 bytes:[0m
02 91 EA AA AA 04 80 02 FF C5 B9 AA AA 04 80 02 FD 9A E6 AA AA 04 80 02 FE D6 A9 AA AA 04 80 02 01 A5 D7 AA AA 04 80 02 02 68 13 AA AA 04 80 02 00 53 2A AA AA 04 80 02 FD 75 0B AA AA 04 80 02 FD 8A F6 AA AA 04 80 02 01 93 E9 AA AA 04 80 02 80 02 01 BD BF AA AA 04 80 02 02 AC CF AA AA 04 80 02 00 AD D0 AA AA 04 80 02 FD CB B5 AA AA 04 80 02 FD AB D5 AA AA 04 80 02 01 7B 01 AA AA 04 
[0;32mI (5004) TGAM: Received 128 bytes:[0m
80 02 03 11 69 AA AA 04 80 02 00 E9 94 AA AA 04 80 02 FE 07 78 AA AA 04 80 02 FE 09 76 AA AA 04 80 02 00 D1 AC AA AA 04 80 02 02 A8 D3 AA AA 04 80 02 01 54 28 AA AA 04 80 02 FE 6D 12 AA AA 04 80 02 FD 1A 66 AA AA 04 AA 04 80 02 FD EB 95 AA AA 04 80 02 00 B9 C4 AA AA 04 80 02 02 8A F1 AA AA 04 80 02 01 35 47 AA AA 04 80 02 FE 5E 21 AA AA 04 80 02 FD 0C 74 AA AA 04 80 02 00 1C 61 AA 
[0;32mI (5224) TGAM: Received 128 bytes:[0m
AA 04 80 02 02 D9 A2 AA AA 04 80 02 01 AB D1 AA AA 04 80 02 FE A8 D7 AA AA 04 80 02 FD A8 D8 AA AA 04 80 02 00 06 77 AA AA 04 80 02 02 83 F8 AA AA 04 80 02 01 F4 88 AA AA 04 80 02 FF 4E 30 AA A0 AA AA 04 80 02 FE D4 AB AA AA 04 80 02 FD AA D6 AA AA 04 80 02 FF FC 82 AA AA 04 80 02 02 96 E5 AA AA 04 80 02 02 2B 50 AA AA 04 80 02 FF 5B 23 AA AA 04 80 02 FC E7 9A AA AA 04 80 02 FE C6 
[0;32mI (5444) TGAM: Received 128 bytes:[0m
B9 AA AA 04 80 02 02 92 E9 AA AA 04 80 02 02 AD CE AA AA 04 80 02 FF AD D1 AA AA 04 80 02 FD 84 FC AA AA 04 80 02 FF 04 7A AA AA 04 80 02 01 F6 86 AA AA 04 80 02 02 8A 04 80 02 00 F4 89 AA AA 04 80 02 FE 3B 44 AA AA 04 80 02 FE 4C 33 AA AA 04 80 02 00 F6 87 AA AA 04 80 02 02 CD AE AA AA 04 80 02 01 A9 D3 AA AA 04 80 02 FE 92 ED AA AA 04 80 02 FD 3E 42 AA AA 04 80 02 00 A7 D6 AA AA 
[0;32mI (5664) TGAM: Received 128 bytes:[0m
04 80 02 03 22 58 AA AA 04 80 02 01 9C E0 AA AA 04 80 02 FE 78 07 AA AA 04 80 02 FD A2 DE AA AA 04 80 02 00 0A 73 AA AA 04 80 02 02 70 0B AA AA AA AA 04 80 02 03 07 73 AA AA 04 80 02 01 98 E4 AA AA 04 80 02 FE 7D 02 AA AA 04 80 02 FD 9E E2 AA AA 04 80 02 00 07 76 AA AA 04 80 02 02 86 F5 AA AA 04 80 02 01 E9 93 AA AA 04 80 02 FF 23 5B AA AA 04 80 02 FD 0C 74 AA AA 04 80 02 FF 3D 41 
[0;32mI (5884) TGAM: Received 128 bytes:[0m
AA AA 04 80 02 02 AB D0 AA AA 04 80 02 02 78 03 AA AA 04 80 02 FF 87 F7 AA AA 04 80 02 FD 8A F6 AA AA 04 80 02 FF 3A 44 38 48 AA AA 04 80 02 FF 4E 30 AA AA 04 80 02 02 96 E5 AA AA 04 80 02 02 43 38 AA AA 04 80 02 FF 5B 23 AA AA 04 80 02 FD 6D 13 AA AA 04 80 02 FF 05 79 AA AA 04 80 02 01 D0 AC AA AA 04 80 02 02 21 5A AA AA 04 80 02 FF B5 C9 AA AA 04 80 02 FD 1D 63 AA AA 04 80 02 FE 
[0;32mI (6104) TGAM: Received 128 bytes:[0m
1F 60 AA AA 04 80 02 02 1C 5F AA AA 04 80 02 03 01 79 AA AA 04 80 02 00 6D 10 AA AA 04 80 02 FD 02 00 1D 60 AA AA 04 80 02 FD 83 FD AA AA 04 80 02 FD CC B4 AA AA 04 80 02 01 B0 CC AA AA 04 80 02 02 F5 86 AA AA 04 80 02 00 95 E8 AA AA 04 80 02 FD E4 9C AA AA 04 80 02 FE 32 4D AA AA 04 80 02 01 02 7A AA AA 04 80 02 02 97 E4 AA AA 04 80 02 01 17 65 AA AA 04 80 02 FE 3A 45 AA AA 04 80 
[0;32mI (6324) TGAM: Received 128 bytes:[0m
02 FD 3B 45 AA AA 04 80 02 00 9C E1 AA AA 04 80 02 03 21 59 AA AA 04 80 04 80 02 02 B4 C7 AA AA 04 80 02 01 25 57 AA AA 04 80 02 FE 3B 44 AA AA 04 80 02 FD 18 68 AA AA 04 80 02 00 42 3B AA AA 04 80 02 02 C9 B2 AA AA 04 80 02 01 78 04 AA AA 04 80 02 FE 75 0A AA AA 04 80 02 FD 9D E3 AA AA 04 80 02 00 1B 62 AA AA 04 80 02 02 95 E6 AA AA 04 80 02 01 AA D2 AA AA 04 80 02 FE D8 A7 AA AA 
[0;32mI (6544) TGAM: Received 128 bytes:[0m
04 80 02 FD 04 7C AA AA 04 80 02 FF 64 1A AA AA 02 00 52 2B AA AA 04 80 02 03 13 67 AA AA 04 80 02 01 D2 AA AA AA 04 80 02 FE CA B5 AA AA 04 80 02 FD C4 BC AA AA 04 80 02 FF F5 89 AA AA 04 80 02 02 66 15 AA AA 04 80 02 02 15 66 AA AA 04 80 02 FF 5B 23 AA AA 04 80 02 FD 08 78 AA AA 04 80 02 FF 0D 71 AA AA 04 80 02 02 A0 DB AA AA 04 80 02 02 94 E7 AA AA 04 80 02 FF C8 B6 AA AA 04 80 
[0;32mI (6764) TGAM: Received 128 bytes:[0m
02 FD BD C3 AA AA 04 80 80 02 FE 26 59 AA AA 04 80 02 01 06 76 AA AA 04 80 02 02 93 E8 AA AA 04 80 02 00 FC 81 AA AA 04 80 02 FE 39 46 AA AA 04 80 02 FD 3E 42 AA AA 04 80 02 00 7C 01 AA AA 04 80 02 02 F2 89 AA AA 04 80 02 01 85 F7 AA AA 04 80 02 FE A7 D8 AA AA 04 80 02 FD F7 89 AA AA 04 80 02 00 35 48 AA AA 04 80 02 02 69 12 AA AA 04 80 02 01 B6 C6 AA AA 04 80 02 FF 17 67 AA AA 04 
[0;32mI (6984) TGAM: Received 128 bytes:[0m
80 02 FD 48 38 AA AA 04 80 02 FF A7 D7 AA AA 04 80 02 02 D3 A8 AA AA 04 80 02 02 66 15 AA AA 04 80 02 FF 68 16 AA AA 04 80 02 FD 93 ED AA AA 04 80 02 FF 3F 3F AA AA 04 80 02 02 38 43 AA AA 04 80 02 02 9B E0 AA AA 04 80 02 00 01 7C AA AA 04 80 02 FD 35 4B AA AA 04 80 02 FD F4 8C AA AA 04 80 02 01 F3 89 AA AA 04 80 02 03 12 68 AA AA 04 80 02 00 A7 D6 AA AA 04 AA AA 04 80 02 01 BA C2 
[0;32mI (7204) TGAM: Received 128 bytes:[0m
AA AA 04 80 02 FE B4 CB AA AA 04 80 02 FD B8 C8 AA AA 04 80 02 FF ED 91 AA AA 04 80 02 02 3C 3F AA AA 04 80 02 01 BC C0 AA AA 04 80 02 FF 25 59 AA AA 04 80 02 FD 0A 76 AA AA 04 80 02 FF 3C 42 AA AA 04 80 02 02 D2 A9 AA AA 04 80 02 02 A2 D9 AA AA 04 80 02 FF CC B2 AA AA 04 80 02 FD EF 91 AA AA 04 80 02 FF 5C 22 AA AA 04 80 02 02 08 73 33 4B AA AA 04 80 02 02 8D EE AA AA 04 80 02 02 
[0;32mI (7424) TGAM: Received 128 bytes:[0m
8A F1 AA AA 04 80 02 FF D8 A6 AA AA 04 80 02 FD C8 B8 AA AA 04 80 02 FF 05 79 AA AA 04 80 02 01 A5 D7 AA AA 04 80 02 02 3B 40 AA AA 04 80 02 00 37 46 AA AA 04 80 02 FD 83 FD AA AA 04 80 02 FD E5 9B AA AA 04 80 02 01 DB A1 AA AA 04 80 02 03 21 59 AA AA 04 80 02 00 D0 AD AA AA 04 80 02 FE 0F 70 AA AA 04 80 02 FE 02 FD A8 D8 AA AA 04 80 02 FD D7 A9 AA AA 20 02 C8 83 18 04 78 0D 06 79 
[0;32mI (7644) TGAM: Received 128 bytes:[0m
3E 00 A0 42 01 4F 30 01 DE 61 00 40 CD 00 3E B8 00 8B E4 04 00 05 00 37 AA AA 04 80 02 01 A9 D3 AA AA 04 80 02 02 D3 A8 AA AA 04 80 02 00 80 FD AA AA 04 80 02 FD F9 87 AA AA 04 80 02 FE 43 3C AA AA 04 80 02 00 D5 A8 AA AA 04 80 02 02 57 24 AA AA 04 80 02 01 4A 32 AA AA 04 80 02 FE B6 C9 E9 94 AA AA 04 80 02 FD F7 89 AA AA 04 80 02 FD FB 85 AA AA 04 80 02 00 CB B2 AA AA 04 80 02 02 
[0;32mI (7864) TGAM: Received 128 bytes:[0m
9C DF AA AA 04 80 02 01 38 44 AA AA 04 80 02 FE 5C 23 AA AA 04 80 02 FD 1D 63 AA AA 04 80 02 00 60 1D AA AA 04 80 02 03 2B 4F AA AA 04 80 02 01 DB A1 AA AA 04 80 02 FE B7 C8 AA AA 04 80 02 FD AC D4 AA AA 04 80 02 FF E8 96 AA AA 04 80 02 02 35 46 AA AA 04 80 02 01 02 02 D2 A9 AA AA 04 80 02 01 DC A0 AA AA 04 80 02 FE A8 D7 AA AA 04 80 02 FD 4D 33 AA AA 04 80 02 FF BC C2 AA AA 04 80 
[0;32mI (8084) TGAM: Received 128 bytes:[0m
02 02 7C FF AA AA 04 80 02 02 10 6B AA AA 04 80 02 FF 4D 31 AA AA 04 80 02 FC F3 8E AA AA 04 80 02 FE DC A3 AA AA 04 80 02 02 B1 CA AA AA 04 80 02 02 C4 B7 AA AA 04 80 02 FF B9 C5 AA AA 04 80 02 FD 66 1A AA AA 04 80 02 FE DB A4 AA AA 04 80 04 80 02 FE BA C5 AA AA 04 80 02 02 95 E6 AA AA 04 80 02 02 E1 9A AA AA 04 80 02 FF FC 82 AA AA 04 80 02 FD 7E 02 AA AA 04 80 02 FE 88 F7 AA AA 
[0;32mI (8304) TGAM: Received 128 bytes:[0m
04 80 02 01 66 16 AA AA 04 80 02 02 53 28 AA AA 04 80 02 00 55 28 AA AA 04 80 02 FD 7F 01 AA AA 04 80 02 FD 8F F1 AA AA 04 80 02 01 87 F5 AA AA 04 80 02 03 1A 60 AA AA 04 80 02 00 ED 90 AA AA 04 80 02 FD F5 8B AA AA AA AA 04 80 02 FD C4 BC AA AA 04 80 02 FD 9B E5 AA AA 04 80 02 01 58 24 AA AA 04 80 02 02 FB 80 AA AA 04 80 02 00 E4 99 AA AA 04 80 02 FD F6 8A AA AA 04 80 02 FE 05 7A 
[0;32mI (8524) TGAM: Received 128 bytes:[0m
AA AA 04 80 02 00 F5 88 AA AA 04 80 02 02 B0 CB AA AA 04 80 02 01 32 4A AA AA 04 80 02 FE 45 3A AA AA 04 80 02 FC F6 8B AA AA 04 80 02 00 35 48 AA AA 04 80 02 03 39 41 AA AA 04 80 02 02 02 79 80 02 FF 73 0B AA AA 04 80 02 FC FB 86 AA AA 04 80 02 FE C5 BA AA AA 04 80 02 02 9B E0 AA AA 04 80 02 02 D0 AB AA AA 04 80 02 FF D3 AB AA AA 04 80 02 FD 47 39 AA AA 04 80 02 FE 68 17 AA AA 04 
[0;32mI (8744) TGAM: Received 128 bytes:[0m
80 02 01 64 18 AA AA 04 80 02 02 60 1B AA AA 04 80 02 00 72 0B AA AA 04 80 02 FD B9 C7 AA AA 04 80 02 FD D3 AD AA AA 04 80 02 01 BB C1 AA AA 04 80 02 03 40 3A AA AA 04 AA 04 80 02 02 A3 D8 AA AA 04 80 02 00 A9 D4 AA AA 04 80 02 FD C7 B9 AA AA 04 80 02 FD 8A F6 AA AA 04 80 02 01 51 2B AA AA 04 80 02 03 08 72 AA AA 04 80 02 01 03 79 AA AA 04 80 02 FE 17 68 AA AA 04 80 02 FD CD B3 AA 
[0;32mI (8964) TGAM: Received 128 bytes:[0m
AA 04 80 02 00 6C 11 AA AA 04 80 02 02 83 F8 AA AA 04 80 02 01 69 13 AA AA 04 80 02 FE A8 D7 AA AA 04 80 02 FD 3B 45 AA AA 04 80 02 00 20 5D AA 9D AA AA 04 80 02 00 77 06 AA AA 04 80 02 02 8D EE AA AA 04 80 02 01 83 F9 AA AA 04 80 02 FE AF D0 AA AA 04 80 02 FD 0A 76 AA AA 04 80 02 FF D2 AC AA AA 04 80 02 02 E4 97 AA AA 04 80 02 02 31 4A AA AA 04 80 02 FF 24 5A AA AA 04 80 02 FD 68 
[0;32mI (9184) TGAM: Received 128 bytes:[0m
18 AA AA 04 80 02 FF 2C 52 AA AA 04 80 02 01 F8 84 AA AA 04 80 02 02 3A 41 AA AA 04 80 02 FF E2 9C AA AA 04 80 02 FD 68 FF 56 28 AA AA 04 80 02 FD 8C F4 AA AA 04 80 02 FF 4C 32 AA AA 04 80 02 02 09 72 AA AA 04 80 02 02 36 45 AA AA 04 80 02 FF CE B0 AA AA 04 80 02 FD 4F 31 AA AA 04 80 02 FE 95 EA AA AA 04 80 02 02 76 05 AA AA 04 80 02 03 0C 6E AA AA 04 80 02 00 4D 30 AA AA 04 80 02 
[0;32mI (9404) TGAM: Received 128 bytes:[0m
FD 84 FC AA AA 04 80 02 FE 2D 52 AA AA 04 80 02 01 53 29 AA AA 04 80 02 02 92 E9 AA AA 04 80 02 80 02 02 D5 A6 AA AA 04 80 02 00 45 38 AA AA 04 80 02 FD 9B E5 AA AA 04 80 02 FE 37 48 AA AA 04 80 02 01 47 35 AA AA 04 80 02 02 98 E3 AA AA 04 80 02 00 D8 A5 AA AA 04 80 02 FE 1E 61 AA AA 04 80 02 FD A6 DA AA AA 04 80 02 01 45 37 AA AA 04 80 02 03 49 31 AA AA 04 80 02 01 66 16 AA AA 04 
[0;32mI (9624) TGAM: Received 128 bytes:[0m
80 02 FE 2F 50 AA AA 20 02 C8 83 18 03 70 9B 09 73 2B 00 91 82 01 76 6B 01 16 66 AA AA 04 80 02 02 95 E6 AA AA 04 80 02 00 F5 88 AA AA 04 80 02 FE 2A 55 AA AA 04 80 02 FD 63 1D AA AA 04 80 02 00 C5 B8 AA AA 04 80 02 03 1A 60 AA AA 04 80 02 01 7D FF AA AA 04 80 02 FE 44 3B AA AA 04 80 02 FD A6 DA AA AA 04 80 02 00 2A 53 AA AA 04 80 02 02 80 FB AA AA 04 80 02 01 BB C1 AA AA 04 80 02 
[0;32mI (9844) TGAM: Received 128 bytes:[0m
FF 18 66 AA AA 04 80 02 FD 37 49 AA AA 04 80 02 FF 82 FC AA AA 04 80 02 02 01 D7 A5 AA AA 04 80 02 03 1A 60 AA AA 04 80 02 00 A9 D4 AA AA 04 80 02 FD B3 CD AA AA 04 80 02 FE 15 6A AA AA 04 80 02 01 28 54 AA AA 04 80 02 02 C3 B8 AA AA 04 80 02 01 11 6B AA AA 04 80 02 FE 27 58 AA AA 04 80 02 FD 68 18 AA AA 04 80 02 00 E9 94 AA AA 04 80 02 03 3C 3E AA AA 04 80 02 01 B1 CB AA AA 04 80 
[0;32mI (10064) TGAM: Received 128 bytes:[0m
02 FE 95 EA AA AA 04 80 02 FD DF A1 AA AA 04 80 04 80 02 FC FA 87 AA AA 04 80 02 00 25 58 AA AA 04 80 02 02 EC 8F AA AA 04 80 02 01 A5 D7 AA AA 04 80 02 FE 77 08 AA AA 04 80 02 FD 92 EE AA AA 04 80 02 FF F7 87 AA AA 04 80 02 02 7C FF AA AA 04 80 02 02 23 58 AA AA 04 80 02 FF 77 07 AA AA 04 80 02 FD 22 5E AA AA 04 80 02 FF 1D 61 AA AA 04 80 02 02 A0 DB AA AA 04 80 02 02 8D EE AA AA 
[0;32mI (10284) TGAM: Received 128 bytes:[0m
04 80 02 FF 9B E3 AA AA AA AA 04 80 02 FF 6D 11 AA AA 04 80 02 FD 3A 46 AA AA 04 80 02 FF 17 67 AA AA 04 80 02 02 B6 C5 AA AA 04 80 02 02 B8 C3 AA AA 04 80 02 FF B7 C7 AA AA 04 80 02 FD 94 EC AA AA 04 80 02 FF 03 7B AA AA 04 80 02 01 D4 A8 AA AA 04 80 02 02 82 F9 AA AA 04 80 02 00 66 17 AA AA 04 80 02 FD 9B E5 AA AA 04 80 02 FD D3 AD AA AA 04 80 02 01 BC C0 AA AA 04 80 02 03 31 49 
[0;32mI (10504) TGAM: Received 128 bytes:[0m
AA AA 04 80 02 00 F7 86 AA AA 04 80 02 FE 1D 62 AA AA 04 80 02 FE 3E 41 AA AA 04 80 02 00 DA A3 AA AA 04 80 02 02 74 07 AA AA 04 80 02 01 35 47 AA AA 04 80 02 FE 79 06 AA AA 04 80 02 FD 4B 35 AA AA 04 80 02 00 6B 12 AA AA 04 80 02 03 26 54 AA AA 04 80 02 01 E4 98 AA AA 04 80 02 FE CD B2 AA AA 04 80 02 FD EB 95 AA AA 04 80 02 00 3D 40 AA AA 04 80 02 02 99 E2 AA 04 80 02 02 2C 4F AA 
[0;32mI (10724) TGAM: Received 128 bytes:[0m
AA 04 80 02 02 95 E6 AA AA 04 80 02 00 02 7B AA AA 04 80 02 FD CD B3 AA AA 04 80 02 FE 98 E7 AA AA 04 80 02 01 64 18 AA AA 04 80 02 02 68 13 AA AA 04 80 02 00 63 1A AA AA 04 80 02 FD 9A E6 AA AA 04 80 02 FD 98 E8 AA AA 04 80 02 01 6B 11 AA AA 04 80 02 03 0B 6F AA AA 04 80 02 00 D5 A8 AA AA 04 80 02 FD F4 8C AA AA 04 80 02 FD F7 89 AA 82 AA AA 04 80 02 FD 7B 05 AA AA 04 80 02 01 18 
[0;32mI (10944) TGAM: Received 128 bytes:[0m
64 AA AA 04 80 02 03 12 68 AA AA 04 80 02 01 21 5B AA AA 04 80 02 FE 3A 45 AA AA 04 80 02 FE 0F 70 AA AA 04 80 02 00 90 ED AA AA 04 80 02 02 78 03 AA AA 04 80 02 01 90 EC AA AA 04 80 02 FE E7 98 AA AA 04 80 02 FD 2F 51 AA AA 04 80 02 FF EE 90 AA AA 04 80 02 03 05 75 AA AA 04 80 02 02 12 69 AA AA 04 80 02 FE DB 01 D1 AB AA AA 04 80 02 FF 34 4A AA AA 04 80 02 FD 45 3B AA AA 04 80 02 
[0;32mI (11164) TGAM: Received 128 bytes:[0m
FF 92 EC AA AA 04 80 02 02 B8 C3 AA AA 04 80 02 02 33 48 AA AA 04 80 02 FF 4C 32 AA AA 04 80 02 FD B7 C9 AA AA 04 80 02 FF 56 28 AA AA 04 80 02 01 F0 8C AA AA 04 80 02 02 3B 40 AA AA 04 80 02 FF F4 8A AA AA 04 80 02 FD 4F 31 AA AA 04 80 02 FE 4C 33 AA AA 04 80 02 02 23 58 AA AA 04 80 02 80 02 01 F9 83 AA AA 04 80 02 02 4D 2E AA AA 04 80 02 00 10 6D AA AA 04 80 02 FD 5F 21 AA AA 04 
[0;32mI (11384) TGAM: Received 128 bytes:[0m
80 02 FD DF A1 AA AA 04 80 02 01 E7 95 AA AA 04 80 02 03 16 64 AA AA 04 80 02 00 92 EB AA AA 04 80 02 FD A9 D7 AA AA 04 80 02 FE 26 59 AA AA 04 80 02 01 2D 4F AA AA 04 80 02 02 A8 D3 AA AA 04 80 02 01 09 73 AA AA 04 80 02 FE 1C 63 AA AA 04 80 02 FD 26 5A AA AA 04 AA 04 80 02 FE 1E 61 AA AA 04 80 02 01 04 78 AA AA 04 80 02 02 99 E2 AA AA 04 80 02 01 15 67 AA AA 04 80 02 FE 42 3D AA 
[0;32mI (11604) TGAM: Received 128 bytes:[0m
AA 04 80 02 FD 1F 61 AA AA 04 80 02 00 5B 22 AA AA 04 80 02 02 FA 81 AA AA 04 80 02 01 84 F8 AA AA 04 80 02 FE 62 1D AA AA 04 80 02 FD A6 DA AA AA 04 80 02 00 16 67 AA AA 04 80 02 02 74 07 AA AA 04 80 02 01 D7 A5 AA AA 04 80 02 FF 55 29 AA 02 FD AF D1 AA AA 04 80 02 FF 1C 62 AA AA 04 80 02 01 CA B2 AA AA 04 80 02 02 5A 21 AA AA 04 80 02 00 59 24 AA AA 04 80 02 FD B5 CB AA AA 04 80 
[0;32mI (11824) TGAM: Received 128 bytes:[0m
02 FD D4 AC AA AA 04 80 02 01 8C F0 AA AA 04 80 02 02 D2 A9 AA AA 04 80 02 00 89 F4 AA AA 04 80 02 FD DD A3 AA AA 04 80 02 FE 49 36 AA AA 04 80 02 01 42 3A AA AA 04 80 02 02 C6 B5 AA AA 04 80 02 01 1B 61 AA AA 04 80 04 80 02 01 35 47 AA AA 04 80 02 FE 35 4A AA AA 04 80 02 FD FC 84 AA AA 04 80 02 00 A8 D5 AA AA 04 80 02 02 A4 D7 AA AA 04 80 02 01 74 08 AA AA 04 80 02 FE 95 EA AA AA 
[0;32mI (12044) TGAM: Received 128 bytes:[0m
04 80 02 FD 05 7B AA AA 04 80 02 FF EE 90 AA AA 04 80 02 02 F2 89 AA AA 04 80 02 02 29 52 AA AA 04 80 02 FF 04 7A AA AA 04 80 02 FD 83 FD AA AA 04 80 02 FF 8E F0 AA AA 04 80 02 02 4C 2F AA AA AA AA 04 80 02 02 C7 B4 AA AA 04 80 02 02 34 47 AA AA 04 80 02 FF 2F 4F AA AA 04 80 02 FD 98 E8 AA AA 04 80 02 FF 6F 0F AA AA 04 80 02 02 15 66 AA AA 04 80 02 02 2B 50 AA AA 04 80 02 FF A3 DB 
[0;32mI (12264) TGAM: Received 128 bytes:[0m
AA AA 04 80 02 FD 16 6A AA AA 04 80 02 FE 69 16 AA AA 04 80 02 02 21 5A AA AA 04 80 02 02 92 E9 AA AA 04 80 02 FF EE 90 AA AA 04 80 02 FD AE D2 AA AA 04 80 02 FE A7 D8 3C 44 AA AA 04 80 02 FD F2 8E AA AA 04 80 02 01 BB C1 AA AA 04 80 02 02 C9 B2 AA AA 04 80 02 00 7A 03 AA AA 04 80 02 FD E8 98 AA AA 04 80 02 FE 48 37 AA AA 04 80 02 00 FA 83 AA AA 04 80 02 02 64 17 AA AA 04 80 02 00 
[0;32mI (12484) TGAM: Received 128 bytes:[0m
D6 A7 AA AA 04 80 02 FE 06 79 AA AA 04 80 02 FD 38 48 AA AA 04 80 02 00 96 E7 AA AA 04 80 02 02 ED 8E AA AA 04 80 02 01 82 FA AA AA 04 80 02 FE AA AA 04 80 02 FD BF C1 AA AA 04 80 02 FD FD 83 AA AA 04 80 02 00 FC 81 AA AA 04 80 02 02 BA C1 AA AA 04 80 02 01 30 4C AA AA 04 80 02 FE 34 4B AA AA 04 80 02 FD 16 6A AA AA 04 80 02 00 82 FB AA AA 04 80 02 03 37 43 AA AA 04 80 02 01 D8 A4 
[0;32mI (12704) TGAM: Received 128 bytes:[0m
AA AA 04 80 02 FE AB D4 AA AA 04 80 02 FD A6 DA AA AA 04 80 02 FF FE 80 AA AA 04 80 02 02 73 08 AA AA 04 80 02 01 DB A1 04 AA AA 04 80 02 00 56 27 AA AA 04 80 02 FD 82 FE AA AA 04 80 02 FD 8C F4 AA AA 04 80 02 01 84 F8 AA AA 04 80 02 03 10 6A AA AA 04 80 02 00 E2 9B AA AA 04 80 02 FE 19 66 AA AA 04 80 02 FE 39 46 AA AA 04 80 02 00 E8 95 AA AA 04 80 02 02 9C DF AA AA 04 80 02 01 50 
[0;32mI (12924) TGAM: Received 128 bytes:[0m
2C AA AA 04 80 02 FE 98 E7 AA AA 04 80 02 FD 56 2A AA AA 04 80 02 00 75 08 AA AA 04 80 02 03 27 00 9B E2 AA AA 04 80 02 02 66 15 AA AA 04 80 02 01 52 2A AA AA 04 80 02 FE 87 F8 AA AA 04 80 02 FC DC A5 AA AA 04 80 02 FF D6 A8 AA AA 04 80 02 02 F4 87 AA AA 04 80 02 02 20 5B AA AA 04 80 02 FF 1D 61 AA AA 04 80 02 FD C7 B9 AA AA 04 80 02 FF B5 C9 AA AA 04 80 02 02 36 45 AA AA 04 80 02 
[0;32mI (13144) TGAM: Received 128 bytes:[0m
02 2A 51 AA AA 04 80 02 FF A8 D6 AA AA 04 80 02 FD 3F 41 AA AA 04 80 02 80 02 FD A9 D7 AA AA 04 80 02 FF 53 2B AA AA 04 80 02 02 21 5A AA AA 04 80 02 02 73 08 AA AA 04 80 02 FF FF 7F AA AA 04 80 02 FD 44 3C AA AA 04 80 02 FE 6B 14 AA AA 04 80 02 02 34 47 AA AA 04 80 02 02 D6 A5 AA AA 04 80 02 00 43 3A AA AA 04 80 02 FD BE C2 AA AA 04 80 02 FE 56 29 AA AA 04 80 02 01 51 2B AA AA 04 
[0;32mI (13364) TGAM: Received 128 bytes:[0m
80 02 02 A5 D6 AA AA 04 80 02 00 E0 9D AA AA 04 AA 04 80 02 00 D1 AC AA AA 04 80 02 FD F2 8E AA AA 04 80 02 FE 33 4C AA AA 04 80 02 01 04 78 AA AA 04 80 02 02 92 E9 AA AA 04 80 02 00 FC 81 AA AA 04 80 02 FE 06 79 AA AA 04 80 02 FD 2C 54 AA AA 04 80 02 00 D1 AC AA AA 04 80 02 03 50 2A AA AA 04 80 02 01 CB B1 AA AA 04 80 02 FE AC D3 AA AA 04 80 02 FD FB 85 AA AA 04 80 02 00 5B 22 AA 
[0;32mI (13584) TGAM: Received 128 bytes:[0m
AA 04 80 02 02 89 F2 AA 80 02 02 81 FA AA AA 04 80 02 01 52 2A AA AA 04 80 02 FE 8D F2 AA AA 04 80 02 FD 1D 63 AA AA 04 80 02 00 34 49 AA AA 04 80 02 03 15 65 AA AA 04 80 02 01 E0 9C AA AA 04 80 02 FE CA B5 AA AA 04 80 02 FD AC D4 AA AA 04 80 02 FF C4 BA AA AA 04 80 02 02 38 43 AA AA 04 80 02 01 FB 81 AA AA 04 80 02 FF 4F 2F AA AA 04 80 02 FD 0A 76 AA AA 04 80 02 FE FC 83 AA AA 04 
[0;32mI (13804) TGAM: Received 128 bytes:[0m
80 02 02 9C DF AA AA 04 80 02 02 B4 C7 AA AA 04 80 02 FF FD 81 AA AA 04 80 02 FD E5 9B AA AA 04 80 02 FE F5 8A AA AA 04 80 02 01 98 E4 AA AA 04 80 02 02 6B 10 AA AA 04 80 02 00 75 08 AA AA 04 80 02 FD AF D1 AA AA 04 80 02 FD C8 B8 AA AA 04 80 02 01 AB D1 AA AA 04 80 02 03 1D 5D AA AA 04 80 02 00 E7 96 AA AA 04 80 02 FE 12 6D AA AA 04 80 02 FE 16 69 AA AA 04 AA AA 04 80 02 FD EB 95 
[0;32mI (14024) TGAM: Received 128 bytes:[0m
AA AA 04 80 02 FF 96 E8 AA AA 04 80 02 02 14 67 AA AA 04 80 02 02 1D 5E AA AA 04 80 02 FF A7 D7 AA AA 04 80 02 FD 34 4C AA AA 04 80 02 FE 86 F9 AA AA 04 80 02 02 31 4A AA AA 04 80 02 02 B8 C3 AA AA 04 80 02 00 21 5C AA AA 04 80 02 FD D6 AA AA AA 04 80 02 FE BF C0 AA AA 04 80 02 01 9B E1 AA AA 04 80 02 02 A7 D4 AA AA 04 80 02 00 8B F2 D3 A8 AA AA 04 80 02 00 44 39 AA AA 04 80 02 FD 
[0;32mI (14244) TGAM: Received 128 bytes:[0m
B6 CA AA AA 04 80 02 FE 46 39 AA AA 04 80 02 01 26 56 AA AA 04 80 02 02 96 E5 AA AA 04 80 02 00 ED 90 AA AA 04 80 02 FD FF 81 AA AA 04 80 02 FD 26 5A AA AA 04 80 02 00 C9 B4 AA AA 04 80 02 03 32 48 AA AA 04 80 02 01 90 EC AA AA 04 80 02 FE 89 F6 AA AA 04 80 02 FD FC 84 AA AA 04 80 02 00 67 16 AA AA 04 80 02 02 02 00 57 26 AA AA 04 80 02 03 1A 60 AA AA 04 80 02 01 F8 84 AA AA 04 80 
[0;32mI (14464) TGAM: Received 128 bytes:[0m
02 FE F4 8B AA AA 04 80 02 FD BE C2 AA AA 04 80 02 FF D7 A7 AA AA 04 80 02 02 46 35 AA AA 04 80 02 02 0A 71 AA AA 04 80 02 FF 58 26 AA AA 04 80 02 FC F6 8B AA AA 04 80 02 FE E5 9A AA AA 04 80 02 02 8D EE AA AA 04 80 02 02 8C EF AA AA 04 80 02 FF A5 D9 AA AA 04 80 02 FD 9B E5 AA AA 04 80 09 AA AA 04 80 02 01 59 23 AA AA 04 80 02 03 21 59 AA AA 04 80 02 01 26 56 AA AA 04 80 02 FE 48 
[0;32mI (14684) TGAM: Received 128 bytes:[0m
37 AA AA 04 80 02 FE 1F 60 AA AA 04 80 02 00 B0 CD AA AA 04 80 02 02 54 27 AA AA 04 80 02 01 1A 62 AA AA 04 80 02 FE 74 0B AA AA 04 80 02 FD 1C 64 AA AA 04 80 02 00 16 67 AA AA 04 80 02 02 F0 8B AA AA 04 80 02 01 F3 89 AA AA 04 80 02 FF 0A 74 AA AA 04 80 02 FD DF FE FD 82 AA AA 04 80 02 FD 53 2D AA AA 04 80 02 FF C8 B6 AA AA 04 80 02 02 D5 A6 AA AA 04 80 02 02 55 26 AA AA 04 80 02 
[0;32mI (14904) TGAM: Received 128 bytes:[0m
FF 88 F6 AA AA 04 80 02 FD F3 8D AA AA 04 80 02 FF 8E F0 AA AA 04 80 02 02 01 7A AA AA 04 80 02 01 EB 91 AA AA 04 80 02 FF 89 F5 AA AA 04 80 02 FD 37 49 AA AA 04 80 02 FE 96 E9 AA AA 04 80 02 02 64 17 AA AA 04 80 02 02 EC 8F AA AA 04 80 02 80 02 02 5B 20 AA AA 04 80 02 00 33 4A AA AA 04 80 02 FD 66 1A AA AA 04 80 02 FD E6 9A AA AA 04 80 02 01 DD 9F AA AA 04 80 02 03 1C 5E AA AA 04 
[0;32mI (15124) TGAM: Received 128 bytes:[0m
80 02 00 D6 A7 AA AA 04 80 02 FE 0D 72 AA AA 04 80 02 FE 3C 43 AA AA 04 80 02 00 D4 A9 AA AA 04 80 02 02 2B 50 AA AA 04 80 02 00 B4 C9 AA AA 04 80 02 FE 09 76 AA AA 04 80 02 FD 5B 25 AA AA 04 80 02 00 E2 9B AA AA 04 AA 04 80 02 00 DD A0 AA AA 04 80 02 02 8A F1 AA AA 04 80 02 01 4A 32 AA AA 04 80 02 FE 95 EA AA AA 04 80 02 FD 3F 41 AA AA 04 80 02 00 44 39 AA AA 04 80 02 02 FC 7F AA 
[0;32mI (15344) TGAM: Received 128 bytes:[0m
AA 04 80 02 01 B9 C3 AA AA 04 80 02 FE DB A4 AA AA 04 80 02 FD EF 91 AA AA 04 80 02 FF EB 93 AA AA 04 80 02 02 29 52 AA AA 04 80 02 01 F9 83 AA AA 04 80 02 FF 7B 03 AA AA 04 80 02 FD 4A 36 AA 11 AA AA 04 80 02 FD AA D6 AA AA 04 80 02 FF 58 26 AA AA 04 80 02 02 0C 6F AA AA 04 80 02 02 47 34 AA AA 04 80 02 FF E8 96 AA AA 04 80 02 FD 64 1C AA AA 04 80 02 FE 98 E7 AA AA 04 80 02 02 41 
[0;32mI (15564) TGAM: Received 128 bytes:[0m
3A AA AA 04 80 02 02 DA A1 AA AA 04 80 02 00 5C 21 AA AA 04 80 02 FD F5 8B AA AA 04 80 02 FE 6F 10 AA AA 04 80 02 01 07 75 AA AA 04 80 02 02 4A 31 AA AA 04 80 02 00 B0 AA 04 80 02 00 04 79 AA AA 04 80 02 FD 4D 33 AA AA 04 80 02 FD FC 84 AA AA 04 80 02 02 12 69 AA AA 04 80 02 03 33 47 AA AA 04 80 02 00 A9 D4 AA AA 04 80 02 FD E5 9B AA AA 04 80 02 FE 49 36 AA AA 04 80 02 01 26 56 AA 
[0;32mI (15784) TGAM: Received 128 bytes:[0m
AA 04 80 02 02 A3 D8 AA AA 04 80 02 01 18 64 AA AA 04 80 02 FE 42 3D AA AA 04 80 02 FD 53 2D AA AA 04 80 02 00 B5 C8 AA AA 04 80 02 03 10 6A AA AA 04 80 02 01 86 F6 FF AA AA 04 80 02 FF B6 C8 AA AA 04 80 02 FD A7 D9 AA AA 04 80 02 FE BE C1 AA AA 04 80 02 01 97 E5 AA AA 04 80 02 02 70 0B AA AA 04 80 02 00 6D 10 AA AA 04 80 02 FD A5 DB AA AA 04 80 02 FD D3 AD AA AA 04 80 02 01 B0 CC 
[0;32mI (16004) TGAM: Received 128 bytes:[0m
AA AA 04 80 02 03 08 72 AA AA 04 80 02 00 CB B2 AA AA 04 80 02 FE 27 58 AA AA 04 80 02 FE 86 F9 AA AA 04 80 02 01 40 3C AA AA 04 80 02 02 B9 01 50 2C AA AA 04 80 02 03 12 68 AA AA 04 80 02 01 0B 71 AA AA 04 80 02 FE 53 2C AA AA 04 80 02 FE 2A 55 AA AA 04 80 02 00 AD D0 AA AA 04 80 02 02 95 E6 AA AA 04 80 02 01 84 F8 AA AA 04 80 02 FE B7 C8 AA AA 04 80 02 FD 2A 56 AA AA 04 80 02 00 
[0;32mI (16224) TGAM: Received 128 bytes:[0m
17 66 AA AA 04 80 02 03 0B 6F AA AA 04 80 02 02 12 69 AA AA 04 80 02 FF 2E 50 AA AA 04 80 02 FD D8 A8 AA AA 04 80 02 80 02 FD 1A 66 AA AA 04 80 02 FF 87 F7 AA AA 04 80 02 02 C0 BB AA AA 04 80 02 02 60 1B AA AA 04 80 02 FF 7F FF AA AA 04 80 02 FD A7 D9 AA AA 04 80 02 FF 3E 40 AA AA 04 80 02 01 C1 BB AA AA 04 80 02 01 E9 93 AA AA 04 80 02 FF C7 B7 AA AA 04 80 02 FD 66 1A AA AA 04 80 
[0;32mI (16444) TGAM: Received 128 bytes:[0m
02 FE 77 08 AA AA 04 80 02 02 0C 6F AA AA 04 80 02 02 B9 C2 AA AA 04 80 02 00 67 16 AA AA 04 FF AE D0 AA AA 04 80 02 FD 8D F3 AA AA 04 80 02 FE D6 A9 AA AA 04 80 02 01 8C F0 AA AA 04 80 02 02 2B 50 AA AA 04 80 02 00 13 6A AA AA 04 80 02 FD 6C 14 AA AA 04 80 02 FD CF B1 AA AA 04 80 02 01 CC B0 AA AA 04 80 02 03 45 35 AA AA 04 80 02 00 EA 93 AA AA 04 80 02 FD DC A4 AA AA 04 80 02 FD 
[0;32mI (16664) TGAM: Received 128 bytes:[0m
FC 84 AA AA 04 80 02 00 E2 9B AA AA 04 80 02 02 AC CF AA AA 04 80 02 80 02 03 09 71 AA AA 04 80 02 01 01 7B AA AA 04 80 02 FE 33 4C AA AA 04 80 02 FE 1C 63 AA AA 04 80 02 00 9B E2 AA AA 04 80 02 02 7A 01 AA AA 04 80 02 01 96 E6 AA AA 04 80 02 FE E3 9C AA AA 04 80 02 FD 4F 31 AA AA 04 80 02 00 20 5D AA AA 04 80 02 02 FC 7F AA AA 04 80 02 01 F0 8C AA AA 04 80 02 FE FF 80 AA AA 04 80 
[0;32mI (16884) TGAM: Received 128 bytes:[0m
02 FD B2 CE AA AA 04 80 02 FF 8D F1 AA AA 04 AA 04 80 02 FF 73 0B AA AA 04 80 02 02 B4 C7 AA AA 04 80 02 02 61 1A AA AA 04 80 02 FF 93 EB AA AA 04 80 02 FD CD B3 AA AA 04 80 02 FF 5A 24 AA AA 04 80 02 01 F6 86 AA AA 04 80 02 02 49 32 AA AA 04 80 02 FF FE 80 AA AA 04 80 02 FD 5A 26 AA AA 04 80 02 FE 5B 24 AA AA 04 80 02 02 37 44 AA AA 04 80 02 02 F3 88 AA AA 04 80 02 00 46 37 AA AA 
[0;32mI (17104) TGAM: Received 128 bytes:[0m
04 80 02 FD A5 DB AA ED AA AA 04 80 02 FD C8 B8 AA AA 04 80 02 FD C9 B7 AA AA 04 80 02 01 7B 01 AA AA 04 80 02 03 09 71 AA AA 04 80 02 00 F7 86 AA AA 04 80 02 FE 3C 43 AA AA 04 80 02 FE 56 29 AA AA 04 80 02 00 E3 9A AA AA 04 80 02 02 81 FA AA AA 04 80 02 01 3B 41 AA AA 04 80 02 FE 73 0C AA AA 04 80 02 FD 3B 45 AA AA 04 80 02 00 35 48 AA AA 04 80 02 02 CC AF AA AA 04 80 02 01 90 EC 
[0;32mI (17324) TGAM: Received 128 bytes:[0m
AA AA 04 80 02 FE CF B0 AA AA 04 80 02 FE 0A 75 AA AA 04 80 02 00 0B 72 AA AA 04 80 02 02 1A 61 AA AA 04 80 02 01 86 F6 AA AA 04 80 02 FF 15 69 AA AA 04 80 02 FD 27 59 AA AA 04 80 02 FE 94 EB AA AA 04 80 02 01 C0 BC AA AA 04 80 02 02 8A F1 AA AA 04 80 02 00 C1 BC AA AA 04 80 02 FE EB 94 AA AA 04 80 02 FF 4D 31 AA AA 04 80 02 01 49 33 AA AA 04 80 02 01 E5 02 00 30 4D AA AA 04 80 02 
[0;32mI (17544) TGAM: Received 128 bytes:[0m
01 FA 82 AA AA 04 80 02 01 8C F0 AA AA 04 80 02 FF 89 F5 AA AA 04 80 02 FD F8 88 AA AA 04 80 02 FF BA C4 AA AA 04 80 02 02 2C 4F AA AA 04 80 02 01 E6 96 AA AA 04 80 02 FF 9A E4 AA AA 04 80 02 FE 3D 42 AA AA 04 80 02 FF 7F FF AA AA 04 80 02 01 AB D1 AA AA 04 80 02 02 19 62 AA AA 04 80 02 00 14 69 AA AA 04 80 02 FD A3 DD AA AA 04 80 24 AA AA 04 80 02 01 1A 62 AA AA 04 80 02 02 98 E3 
[0;32mI (17764) TGAM: Received 128 bytes:[0m
AA AA 04 80 02 01 33 49 AA AA 04 80 02 FE 97 E8 AA AA 04 80 02 FD D2 AE AA AA 04 80 02 00 F4 89 AA AA 04 80 02 02 C7 B4 AA AA 04 80 02 00 F1 8C AA AA 04 80 02 FE 34 4B AA AA 04 80 02 FD D2 AE AA AA 04 80 02 00 2C 51 AA AA 04 80 02 02 5B 20 AA AA 04 80 02 01 A1 DB AA AA 04 80 02 FF 08 76 AA AA 04 80 02 FD 5F FE FF 80 AA AA 04 80 02 FD EB 95 AA AA 04 80 02 FF E6 98 AA AA 04 80 02 02 
[0;32mI (17984) TGAM: Received 128 bytes:[0m
3B 40 AA AA 04 80 02 02 02 79 AA AA 04 80 02 FF 6A 14 AA AA 04 80 02 FD 1C 64 AA AA 04 80 02 FE E5 9A AA AA 04 80 02 02 3A 41 AA AA 04 80 02 02 1C 5F AA AA 04 80 02 FF 74 0A AA AA 04 80 02 FD B4 CC AA AA 04 80 02 FF 1B 63 AA AA 04 80 02 01 CB B1 AA AA 04 80 02 02 82 F9 AA AA 04 80 02 80 02 02 D5 A6 AA AA 04 80 02 00 3D 40 AA AA 04 80 02 FD C3 BD AA AA 04 80 02 FE 54 2B AA AA 04 80 
[0;32mI (18204) TGAM: Received 128 bytes:[0m
02 01 22 5A AA AA 04 80 02 02 81 FA AA AA 04 80 02 00 E1 9C AA AA 04 80 02 FD FC 84 AA AA 04 80 02 FD 4E 32 AA AA 04 80 02 00 C6 B7 AA AA 04 80 02 02 E1 9A AA AA 04 80 02 01 6B 11 AA AA 04 80 02 FE A9 D6 AA AA 04 80 02 FE 17 68 AA AA 04 80 02 00 78 05 AA AA 04 AA 04 80 02 00 6C 11 AA AA 04 80 02 02 D1 AA AA AA 04 80 02 01 78 04 AA AA 04 80 02 FE D8 A7 AA AA 04 80 02 FE 46 39 AA AA 
[0;32mI (18424) TGAM: Received 128 bytes:[0m
04 80 02 00 79 04 AA AA 04 80 02 02 76 05 AA AA 04 80 02 01 8D EF AA AA 04 80 02 FE D8 A7 AA AA 04 80 02 FC F7 8A AA AA 04 80 02 FE FB 84 AA AA 04 80 02 02 09 72 AA AA 04 80 02 01 F1 8B AA AA 04 80 02 FF 76 08 AA AA 04 80 02 FE 08 77 AA 80 02 FE 19 66 AA AA 04 80 02 FF A9 D5 AA AA 04 80 02 02 21 5A AA AA 04 80 02 02 50 2B AA AA 04 80 02 FF F4 8A AA AA 04 80 02 FD 79 07 AA AA 04 80 
[0;32mI (18644) TGAM: Received 128 bytes:[0m
02 FE E2 9D AA AA 04 80 02 02 42 39 AA AA 04 80 02 02 81 FA AA AA 04 80 02 FF FD 81 AA AA 04 80 02 FE 08 77 AA AA 04 80 02 FF 14 6A AA AA 04 80 02 01 76 06 AA AA 04 80 02 02 20 5B AA AA 04 80 02 00 52 2B AA AA 04 AA 04 80 02 00 55 28 AA AA 04 80 02 FE 16 69 AA AA 04 80 02 FE 8F F0 AA AA 04 80 02 01 25 57 AA AA 04 80 02 02 61 1A AA AA 04 80 02 00 C8 B5 AA AA 04 80 02 FE 24 5B AA AA 
[0;32mI (18864) TGAM: Received 128 bytes:[0m
04 80 02 FD AB D5 AA AA 04 80 02 00 F9 84 AA AA 04 80 02 02 DA A1 AA AA 04 80 02 01 2A 52 AA AA 04 80 02 FE 77 08 AA AA 04 80 02 FE 2D 52 AA AA 04 80 02 00 85 F8 AA AA 04 80 02 02 4C 2F AA AA 04 80 02 01 4B 31 37 AA AA 04 80 02 00 55 28 AA AA 04 80 02 FD DB A5 AA AA 04 80 02 FE 1E 61 AA AA 04 80 02 01 A1 DB AA AA 04 80 02 02 D0 AB AA AA 04 80 02 00 C2 BB AA AA 04 80 02 FE 55 2A AA 
[0;32mI (19084) TGAM: Received 128 bytes:[0m
AA 04 80 02 FE A7 D8 AA AA 04 80 02 01 36 46 AA AA 04 80 02 02 93 E8 AA AA 04 80 02 01 17 65 AA AA 04 80 02 FE 67 18 AA AA 04 80 02 FD 94 EC AA AA 04 80 02 00 B7 C6 AA AA 04 80 02 02 E9 00 D2 AB AA AA 04 80 02 02 75 06 AA AA 04 80 02 01 3D 3F AA AA 04 80 02 FE AC D3 AA AA 04 80 02 FD 5F 21 AA AA 04 80 02 00 03 7A AA AA 04 80 02 02 99 E2 AA AA 04 80 02 01 B3 C9 AA AA 04 80 02 FF 16 
[0;32mI (19304) TGAM: Received 128 bytes:[0m
68 AA AA 04 80 02 FE 0C 73 AA AA 04 80 02 FF D9 A5 AA AA 04 80 02 02 1B 60 AA AA 04 80 02 01 F7 85 AA AA 04 80 02 FF 7E 00 AA AA 04 80 02 FD 64 1C AA AA 04 80 02 80 02 FD E4 9C AA AA 04 80 02 FF 7D 01 AA AA 04 80 02 01 E6 96 AA AA 04 80 02 02 11 6A AA AA 04 80 02 FF E8 96 AA AA 04 80 02 FD 7E 02 AA AA 04 80 02 FE 75 0A AA AA 04 80 02 01 E0 9C AA AA 04 80 02 02 77 04 AA AA 04 80 02 
[0;32mI (19524) TGAM: Received 128 bytes:[0m
00 33 4A AA AA 04 80 02 FE 0A 75 AA AA 04 80 02 FE AC D3 AA AA 04 80 02 01 4C 30 AA AA 04 80 02 02 70 0B AA AA 04 80 02 00 B8 C5 AA AA 04 00 28 55 AA AA 04 80 02 FD 94 EC AA AA 04 80 02 FD E6 9A AA AA 04 80 02 01 96 E6 AA AA 04 80 02 02 F0 8B AA AA 04 80 02 00 DA A3 AA AA 04 80 02 FE 33 4C AA AA 04 80 02 FE 42 3D AA AA 04 80 02 00 BA C3 AA AA 04 80 02 02 44 37 AA AA 04 80 02 01 0C 
[0;32mI (19744) TGAM: Received 128 bytes:[0m
70 AA AA 04 80 02 FE 6A 15 AA AA 04 80 02 FD 48 38 AA AA 04 80 02 00 4A 33 AA AA 04 80 02 02 B8 C3 AA AA 04 80 02 80 02 02 55 26 AA AA 04 80 02 01 60 1C AA AA 04 80 02 FE C3 BC AA AA 04 80 02 FD 4D 33 AA AA 04 80 02 FF FE 80 AA AA 04 80 02 02 CA B1 AA AA 04 80 02 02 06 75 AA AA 04 80 02 FF 2F 4F AA AA 04 80 02 FD ED 93 AA AA 04 80 02 FF D5 A9 AA AA 04 80 02 02 32 49 AA AA 04 80 02 
[0;32mI (19964) TGAM: Received 128 bytes:[0m
01 F0 8C AA AA 04 80 02 FF 5B 23 AA AA 04 80 02 FD 25 5B AA AA 04 80 02 FE C5 BA AA AA 04 AA 04 80 02 FF 2C 52 AA AA 04 80 02 02 07 74 AA AA 04 80 02 02 6D 0E AA AA 04 80 02 00 24 59 AA AA 04 80 02 FD 84 FC AA AA 04 80 02 FE 16 69 AA AA 04 80 02 01 C7 B5 AA AA 04 80 02 02 C2 B9 AA AA 04 80 02 00 89 F4 AA AA 04 80 02 FD FE 82 AA AA 04 80 02 FE 57 28 AA AA 04 80 02 01 30 4C AA AA 04 
[0;32mI (20184) TGAM: Received 128 bytes:[0m
80 02 02 9D DE AA AA 04 80 02 00 D1 AC AA AA 04 80 02 FD DD A3 AA 72 AA AA 04 80 02 FE 45 3A AA AA 04 80 02 FE 1F 60 AA AA 04 80 02 00 B0 CD AA AA 04 80 02 02 59 22 AA AA 04 80 02 01 11 6B AA AA 04 80 02 FE 5C 23 AA AA 04 80 02 FD 44 3C AA AA 04 80 02 00 4C 31 AA AA 04 80 02 02 CB B0 AA AA 04 80 02 01 87 F5 AA AA 04 80 02 FE B4 CB AA AA 04 80 02 FD C7 B9 AA AA 04 80 02 FF DE A0 AA 
[0;32mI (20404) TGAM: Received 128 bytes:[0m
AA 04 80 02 02 27 54 AA AA 04 80 02 01 C0 04 80 02 00 2C 51 AA AA 04 80 02 FD CA B6 AA AA 04 80 02 FE 7A 05 AA AA 04 80 02 01 5B 21 AA AA 04 80 02 02 80 FB AA AA 04 80 02 00 8D F0 AA AA 04 80 02 FD CE B2 AA AA 04 80 02 FD 87 F9 AA AA 04 80 02 01 11 6B AA AA 04 80 02 02 E1 9A AA AA 04 80 02 01 12 6A AA AA 04 80 02 FE 6B 14 AA AA 04 80 02 FE 4A 35 AA AA 04 80 02 00 DA A3 AA AA 04 80 
[0;32mI (20624) TGAM: Received 128 bytes:[0m
02 02 AA D1 AA AA AA AA 04 80 02 02 E7 94 AA AA 04 80 02 01 79 03 AA AA 04 80 02 FE 8D F2 AA AA 04 80 02 FD C5 BB AA AA 04 80 02 00 31 4C AA AA 04 80 02 02 87 F4 AA AA 04 80 02 01 B0 CC AA AA 04 80 02 FF 23 5B AA AA 04 80 02 FD 53 2D AA AA 04 80 02 FF 7A 04 AA AA 04 80 02 02 97 E4 AA AA 04 80 02 02 45 36 AA AA 04 80 02 FF AD D1 AA AA 04 80 02 FD FD 83 AA AA 04 80 02 FF 7F FF AA AA 
[0;32mI (20844) TGAM: Received 128 bytes:[0m
04 80 02 02 31 4A AA AA 04 80 02 02 88 F3 AA AA 04 80 02 00 15 68 AA AA 04 80 02 FD 68 18 AA AA 04 80 02 FE 32 4D AA AA 04 80 02 02 07 74 AA AA 04 80 02 03 05 75 AA AA 04 80 02 00 B0 CD AA AA 04 80 02 FE 1C 63 AA AA 04 80 02 FE 6B 14 AA AA 04 80 02 01 43 39 AA AA 04 80 02 02 B9 C2 AA AA 04 80 02 00 FA 83 AA AA 04 80 02 FD FD 83 AA AA 04 80 02 FD 5C 24 FF A4 DA AA AA 04 80 02 FD 86 
[0;32mI (21064) TGAM: Received 128 bytes:[0m
FA AA AA 04 80 02 FF 1C 62 AA AA 04 80 02 02 68 13 AA AA 04 80 02 02 7B 00 AA AA 04 80 02 FF F4 8A AA AA 04 80 02 FE 06 79 AA AA 04 80 02 FF 36 48 AA AA 04 80 02 01 BA C2 AA AA 04 80 02 02 34 47 AA AA 04 80 02 00 32 4B AA AA 04 80 02 FD AA D6 AA AA 04 80 02 FD CD B3 AA AA 04 80 02 01 5B 21 AA AA 04 80 02 02 D4 A7 AA AA 04 80 02 80 02 02 8A F1 AA AA 04 80 02 00 E2 9B AA AA 04 80 02 
[0;32mI (21284) TGAM: Received 128 bytes:[0m
FE 47 38 AA AA 04 80 02 FD CD B3 AA AA 04 80 02 00 E8 95 AA AA 04 80 02 02 BA C1 AA AA 04 80 02 01 37 45 AA AA 04 80 02 FE B7 C8 AA AA 04 80 02 FE 5B 24 AA AA 04 80 02 00 78 05 AA AA 04 80 02 02 11 6A AA AA 04 80 02 01 21 5B AA AA 04 80 02 FE C8 B7 AA AA 04 80 02 FD 68 18 AA AA 04 80 02 FF D4 AA AA AA 04 AA 04 80 02 00 36 47 AA AA 04 80 02 02 50 2B AA AA 04 80 02 01 A9 D3 AA AA 04 
[0;32mI (21504) TGAM: Received 128 bytes:[0m
80 02 FF 46 38 AA AA 04 80 02 FD 7E 02 AA AA 04 80 02 FF 56 28 AA AA 04 80 02 02 62 19 AA AA 04 80 02 02 3C 3F AA AA 04 80 02 FF A7 D7 AA AA 04 80 02 FE 03 7C AA AA 04 80 02 FF 77 07 AA AA 04 80 02 01 B6 C6 AA AA 04 80 02 01 E9 93 AA AA 04 80 02 FF DD A1 AA AA 04 80 02 FD A8 D8 AA 80 02 FD 7F 01 AA AA 04 80 02 FE CD B2 AA AA 04 80 02 02 10 6B AA AA 04 80 02 02 76 05 AA AA 04 80 02 
[0;32mI (21724) TGAM: Received 128 bytes:[0m
00 43 3A AA AA 04 80 02 FE 4B 34 AA AA 04 80 02 FE F5 8A AA AA 04 80 02 01 61 1B AA AA 04 80 02 02 4B 30 AA AA 04 80 02 00 86 F7 AA AA 04 80 02 FD F4 8C AA AA 04 80 02 FD E5 9B AA AA 04 80 02 01 38 44 AA AA 04 80 02 02 C3 B8 AA AA 04 80 02 00 F8 85 AA AA 04 AA 04 80 02 00 C1 BC AA AA 04 80 02 FE 3B 44 AA AA 04 80 02 FD A9 D7 AA AA 04 80 02 00 C7 B6 AA AA 04 80 02 02 D6 A5 AA AA 04 
[0;32mI (21944) TGAM: Received 128 bytes:[0m
80 02 01 65 17 AA AA 04 80 02 FE A6 D9 AA AA 04 80 02 FE 1B 64 AA AA 04 80 02 00 77 06 AA AA 04 80 02 02 6A 11 AA AA 04 80 02 01 64 18 AA AA 04 80 02 FE CC B3 AA AA 04 80 02 FD 46 3A AA AA 04 80 02 FF 9E E0 AA AA 04 80 02 02 90 EB AA AA 04 80 02 02 10 6B AA AA AA 04 80 02 00 C7 B6 AA AA 04 80 02 FE 3C 43 AA AA 04 80 02 FE 1E 61 AA AA 04 80 02 00 6A 13 AA AA 04 80 02 02 18 63 AA AA 
[0;32mI (22164) TGAM: Received 128 bytes:[0m
04 80 02 01 15 67 AA AA 04 80 02 FE B9 C6 AA AA 04 80 02 FD C9 B7 AA AA 04 80 02 00 9D E0 AA AA 04 80 02 02 EA 91 AA AA 04 80 02 01 BA C2 AA AA 04 80 02 FF 0E 70 AA AA 04 80 02 FE 2F 50 AA AA 04 80 02 00 08 75 AA AA 04 80 02 01 FD 7F 15 68 AA AA 04 80 02 02 A9 D2 AA AA 04 80 02 01 C5 B7 AA AA 04 80 02 FF 1E 60 AA AA 04 80 02 FD D8 A8 AA AA 04 80 02 FF 7A 04 AA AA 04 80 02 01 C8 B4 
[0;32mI (22384) TGAM: Received 128 bytes:[0m
AA AA 04 80 02 01 CA B2 AA AA 04 80 02 FF 9F DF AA AA 04 80 02 FD 89 F7 AA AA 04 80 02 FE CF B0 AA AA 04 80 02 02 09 72 AA AA 04 80 02 02 73 08 AA AA 04 80 02 00 1C 61 AA AA 04 80 02 FD F2 8E AA AA 04 80 02 FE AA AA 04 80 02 FF 66 18 AA AA 04 80 02 01 87 F5 AA AA 04 80 02 02 24 57 AA AA 04 80 02 00 73 0A AA AA 04 80 02 FE 17 68 AA AA 04 80 02 FE 5A 25 AA AA 04 80 02 01 98 E4 AA AA 
[0;32mI (22604) TGAM: Received 128 bytes:[0m
04 80 02 02 E9 92 AA AA 04 80 02 01 40 3C AA AA 04 80 02 FE BC C3 AA AA 04 80 02 FE 6C 13 AA AA 04 80 02 00 B3 CA AA AA 04 80 02 02 23 58 AA AA 04 80 02 00 E2 9B AA AA 04 80 02 FE 5E 21 F9 84 AA AA 04 80 02 FE 64 1B AA AA 04 80 02 FE 36 49 AA AA 04 80 02 00 94 E9 AA AA 04 80 02 02 38 43 AA AA 04 80 02 01 0A 72 AA AA 04 80 02 FE 87 F8 AA AA 04 80 02 FD 65 1B AA AA 04 80 02 00 26 57 
[0;32mI (22824) TGAM: Received 128 bytes:[0m
AA AA 04 80 02 02 A5 D6 AA AA 04 80 02 01 9B E1 AA AA 04 80 02 FE F3 8C AA AA 04 80 02 FD D5 AB AA AA 04 80 02 FF 97 E7 AA AA 04 80 02 01 D6 A6 AA AA 04 80 02 01 02 02 95 E6 AA AA 04 80 02 02 25 56 AA AA 04 80 02 FF 7C 02 AA AA 04 80 02 FD F7 89 AA AA 04 80 02 FF 69 15 AA AA 04 80 02 01 B7 C5 AA AA 04 80 02 01 DB A1 AA AA 04 80 02 FF C9 B5 AA AA 04 80 02 FD 84 FC AA AA 04 80 02 FE 
[0;32mI (23044) TGAM: Received 128 bytes:[0m
5D 22 AA AA 04 80 02 01 A1 DB AA AA 04 80 02 02 56 25 AA AA 04 80 02 00 48 35 AA AA 04 80 02 FE 13 6C AA AA 04 80 02 FE 93 EC AA AA 04 80 04 80 02 FE 15 6A AA AA 04 80 02 01 89 F3 AA AA 04 80 02 02 C9 B2 AA AA 04 80 02 00 DB A2 AA AA 04 80 02 FE 5D 22 AA AA 04 80 02 FE 5E 21 AA AA 04 80 02 00 B2 CB AA AA 04 80 02 02 35 46 AA AA 04 80 02 01 18 64 AA AA 04 80 02 FE 93 EC AA AA 04 80 
[0;32mI (23264) TGAM: Received 128 bytes:[0m
02 FD 6E 12 AA AA 04 80 02 00 53 2A AA AA 04 80 02 02 AB D0 AA AA 04 80 02 01 6B 11 AA AA 04 80 02 FE AE D1 AA AA AA AA 04 80 02 FE F5 8A AA AA 04 80 02 FD 94 EC AA AA 04 80 02 FF FC 82 AA AA 04 80 02 02 85 F6 AA AA 04 80 02 01 C7 B5 AA AA 04 80 02 FF 33 4B AA AA 04 80 02 FE 02 7D AA AA 04 80 02 FF AC D2 AA AA 04 80 02 01 F3 89 AA AA 04 80 02 02 01 7A AA AA 04 80 02 FF CC B2 AA AA 
[0;32mI (23484) TGAM: Received 128 bytes:[0m
04 80 02 FD 87 F9 AA AA 04 80 02 FE C3 BC AA AA 04 80 02 02 0A 71 AA AA 04 80 02 02 66 15 80 02 00 EB 92 AA AA 04 80 02 FE 3F 40 AA AA 04 80 02 FD 88 F8 AA AA 04 80 02 00 B0 CD AA AA 04 80 02 02 C3 B8 AA AA 04 80 02 01 40 3C AA AA 04 80 02 FE 8D F2 AA AA 04 80 02 FD FC 84 AA AA 04 80 02 00 30 4D AA AA 04 80 02 02 25 56 AA AA 04 80 02 01 66 16 AA AA 04 80 02 FF 0A 74 AA AA 04 80 02 
[0;32mI (23704) TGAM: Received 128 bytes:[0m
FD 79 07 AA AA 04 80 02 FF 99 E5 AA AA 04 80 02 02 71 0A AA AA 04 AA 04 80 02 01 E9 93 AA AA 04 80 02 01 BB C1 AA AA 04 80 02 FF 77 07 AA AA 04 80 02 FD 6C 14 AA AA 04 80 02 FF 0D 71 AA AA 04 80 02 02 28 53 AA AA 04 80 02 02 17 64 AA AA 04 80 02 FF A9 D5 AA AA 04 80 02 FE 03 7C AA AA 04 80 02 FF 33 4B AA AA 04 80 02 01 76 06 AA AA 04 80 02 02 04 77 AA AA 04 80 02 00 3C 41 AA AA 04 
[0;32mI (23924) TGAM: Received 128 bytes:[0m
80 02 FD F9 87 AA AA 04 80 02 FE 2A 55 AA 72 AA AA 04 80 02 FE 9B E4 AA AA 04 80 02 01 24 58 AA AA 04 80 02 02 52 29 AA AA 04 80 02 00 C3 BA AA AA 04 80 02 FE 33 4C AA AA 04 80 02 FD C6 BA AA AA 04 80 02 00 F6 87 AA AA 04 80 02 02 A4 D7 AA AA 04 80 02 01 13 69 AA AA 04 80 02 FE A9 D6 AA AA 04 80 02 FE 64 1B AA AA 04 80 02 00 96 E7 AA AA 04 80 02 02 4A 31 AA AA 04 80 02 01 5D 1F AA 
[0;32mI (24144) TGAM: Received 128 bytes:[0m
AA 04 80 02 FE EA 01 75 07 AA AA 04 80 02 FE CC B3 AA AA 04 80 02 FE 0D 72 AA AA 04 80 02 FF F3 8B AA AA 04 80 02 01 E8 94 AA AA 04 80 02 01 98 E4 AA AA 04 80 02 FF 3F 3F AA AA 04 80 02 FD 65 1B AA AA 04 80 02 FF 69 15 AA AA 04 80 02 02 52 29 AA AA 04 80 02 02 05 76 AA AA 04 80 02 FF 77 07 AA AA 04 80 02 FD E7 99 AA AA 04 80 02 FF 5B 23 AA AA 04 80 02 01 C7 B5 AA AA 04 80 02 02 14 
[0;32mI (24364) TGAM: Received 128 bytes:[0m
67 AA AA 04 80 02 FF F7 87 AA AA 04 80 02 FD 9D E3 AA AA 04 80 02 FE 73 0C AA AA 04 80 02 01 D9 A3 AA AA 04 80 02 02 B3 C8 AA AA 04 80 02 00 A7 D6 AA AA 04 80 02 FE 55 2A AA AA 04 80 02 FE 8C F3 AA AA 04 80 02 00 F8 85 AA AA 04 80 02 02 62 19 AA AA 04 80 02 01 06 76 AA AA 04 80 02 FE 6A 15 AA AA 04 80 02 FD BF C1 AA AA 04 80 02 00 E1 9C AA AA 04 80 02 04 80 02 FE E2 9D AA AA 04 80 
[0;32mI (24584) TGAM: Received 128 bytes:[0m
02 02 1C 5F AA AA 20 02 C8 83 18 03 88 DC 0A 1A 12 00 A4 FD 00 E8 30 01 E1 26 00 4F 3A 00 17 CC 00 1E EA 04 00 05 00 BF AA AA 04 80 02 02 64 17 AA AA 04 80 02 FF DE A0 AA AA 04 80 02 FD B5 CB AA AA 04 80 02 FE B6 C9 AA AA 04 80 02 01 5A 22 AA AA 04 80 02 02 4C 2F AA AA 04 80 02 00 D5 A8 AA AA 04 80 02 FE 5D 22 AA AA 04 80 02 FD 02 FE 45 3A AA AA 04 80 02 FE BD C2 AA AA 04 80 02 01 
[0;32mI (24804) TGAM: Received 128 bytes:[0m
2B 51 AA AA 04 80 02 02 43 38 AA AA 04 80 02 00 AB D2 AA AA 04 80 02 FE 19 66 AA AA 04 80 02 FD 84 FC AA AA 04 80 02 00 9B E2 AA AA 04 80 02 02 90 EB AA AA 04 80 02 01 20 5C AA AA 04 80 02 FE A2 DD AA AA 04 80 02 FE 24 5B AA AA 04 80 02 00 5C 21 AA AA 04 80 02 02 40 3B AA AA 04 80 02 01 72 0A AA AA 04 80 80 02 00 35 48 AA AA 04 80 02 FD BE C2 AA AA 04 80 02 FD F5 8B AA AA 04 80 02 
[0;32mI (25024) TGAM: Received 128 bytes:[0m
01 59 23 AA AA 04 80 02 02 B0 CB AA AA 04 80 02 00 D0 AD AA AA 04 80 02 FE 68 17 AA AA 04 80 02 FE 88 F7 AA AA 04 80 02 00 F0 8D AA AA 04 80 02 02 76 05 AA AA 04 80 02 01 3B 41 AA AA 04 80 02 FE B7 C8 AA AA 04 80 02 FD AE D2 AA AA 04 80 02 00 86 F7 AA AA 04 80 02 02 CA B1 AA AA 04 AA 04 80 02 02 27 54 AA AA 04 80 02 01 20 5C AA AA 04 80 02 FE AB D4 AA AA 04 80 02 FD 55 2B AA AA 04 
[0;32mI (25244) TGAM: Received 128 bytes:[0m
80 02 FF E3 9B AA AA 04 80 02 02 A1 DA AA AA 04 80 02 02 0D 6E AA AA 04 80 02 FF 5E 20 AA AA 04 80 02 FE 0B 74 AA AA 04 80 02 FF B8 C6 AA AA 04 80 02 01 FC 80 AA AA 04 80 02 02 02 79 AA AA 04 80 02 FF B3 CB AA AA 04 80 02 FD 6F 11 AA AA 04 80 02 FE D5 AA AA 8E AA AA 04 80 02 FF 58 26 AA AA 04 80 02 01 C8 B4 AA AA 04 80 02 01 F4 88 AA AA 04 80 02 FF CC B2 AA AA 04 80 02 FD 79 07 AA 
[0;32mI (25464) TGAM: Received 128 bytes:[0m
AA 04 80 02 FE 43 3C AA AA 04 80 02 01 C9 B3 AA AA 04 80 02 02 AD CE AA AA 04 80 02 00 81 FC AA AA 04 80 02 FD FA 86 AA AA 04 80 02 FE 5A 25 AA AA 04 80 02 01 36 46 AA AA 04 80 02 02 A5 D6 AA AA 04 80 02 01 11 6B AA AA 04 80 02 FE 5B AA 04 80 02 FD D5 AB AA AA 04 80 02 FD F9 87 AA AA 04 80 02 01 A6 D6 AA AA 04 80 02 03 1D 5D AA AA 04 80 02 01 15 67 AA AA 04 80 02 FE 48 37 AA AA 04 
[0;32mI (25684) TGAM: Received 128 bytes:[0m
80 02 FE 2A 55 AA AA 04 80 02 00 C1 BC AA AA 04 80 02 02 7D FE AA AA 04 80 02 01 53 29 AA AA 04 80 02 FE AD D2 AA AA 04 80 02 FD 3D 43 AA AA 04 80 02 00 10 6D AA AA 04 80 02 02 BA C1 AA AA 04 80 02 01 AD CF AA 41 AA AA 04 80 02 01 85 F7 AA AA 04 80 02 FE FF 80 AA AA 04 80 02 FD 53 2D AA AA 04 80 02 FF DE A0 AA AA 04 80 02 03 21 59 AA AA 04 80 02 02 93 E8 AA AA 04 80 02 FF 59 25 AA 
[0;32mI (25904) TGAM: Received 128 bytes:[0m
AA 04 80 02 FD 65 1B AA AA 04 80 02 FE FE 81 AA AA 04 80 02 01 A9 D3 AA AA 04 80 02 02 16 65 AA AA 04 80 02 FF E2 9C AA AA 04 80 02 FD 28 58 AA AA 04 80 02 FE 3F 40 AA AA 04 80 02 02 3A FF 1F 5F AA AA 04 80 02 01 AC D0 AA AA 04 80 02 02 2B 50 AA AA 04 80 02 00 06 77 AA AA 04 80 02 FD 7B 05 AA AA 04 80 02 FE 04 7B AA AA 04 80 02 01 DA A2 AA AA 04 80 02 03 07 73 AA AA 04 80 02 00 C5 
[0;32mI (26124) TGAM: Received 128 bytes:[0m
B8 AA AA 04 80 02 FE 17 68 AA AA 04 80 02 FE 47 38 AA AA 04 80 02 00 F5 88 AA AA 04 80 02 02 93 E8 AA AA 04 80 02 01 2C 50 AA AA 04 80 02 FE 4A 35 AA AA 04 80 02 80 02 FE 4A 35 AA AA 04 80 02 FE 02 7D AA AA 04 80 02 00 67 16 AA AA 04 80 02 02 30 4B AA AA 04 80 02 01 26 56 AA AA 04 80 02 FE 93 EC AA AA 04 80 02 FD 3D 43 AA AA 04 80 02 FF FE 80 AA AA 04 80 02 02 BD BE AA AA 04 80 02 
[0;32mI (26344) TGAM: Received 128 bytes:[0m
01 F0 8C AA AA 04 80 02 FF 1B 63 AA AA 04 80 02 FD C8 B8 AA AA 04 80 02 FF BA C4 AA AA 04 80 02 02 34 47 AA AA 04 80 02 02 1B 60 AA AA 04 AA 04 80 02 02 54 27 AA AA 04 80 02 FF 66 18 AA AA 04 80 02 FD 85 FB AA AA 04 80 02 FF 1F 5F AA AA 04 80 02 01 E9 93 AA AA 04 80 02 02 57 24 AA AA 04 80 02 00 0C 71 AA AA 04 80 02 FD 65 1B AA AA 04 80 02 FE 06 79 AA AA 04 80 02 01 D5 A7 AA AA 04 
[0;32mI (26564) TGAM: Received 128 bytes:[0m
80 02 02 E5 96 AA AA 04 80 02 00 A3 DA AA AA 04 80 02 FE 08 77 AA AA 20 02 C8 83 18 04 13 71 04 1B 3A 00 07 5E 00 02 02 DC 9F AA AA 04 80 02 01 B2 CA AA AA 04 80 02 FE F2 8D AA AA 04 80 02 FE 0C 73 AA AA 04 80 02 00 14 69 AA AA 04 80 02 02 47 34 AA AA 04 80 02 01 BB C1 AA AA 04 80 02 FF 69 15 AA AA 04 80 02 FD A9 D7 AA AA 04 80 02 FF 99 E5 AA AA 04 80 02 02 E3 98 AA AA 04 80 02 02 
[0;32mI (26784) TGAM: Received 128 bytes:[0m
B2 C9 AA AA 04 80 02 FF BE C0 AA AA 04 80 02 FD 94 EC AA AA 04 80 02 FE E8 97 AA AA 04 80 04 80 02 FE 65 1A AA AA 04 80 02 02 1A 61 AA AA 04 80 02 02 B6 C5 AA AA 04 80 02 00 35 48 AA AA 04 80 02 FD F7 89 AA AA 04 80 02 FE C3 BC AA AA 04 80 02 01 73 09 AA AA 04 80 02 02 64 17 AA AA 04 80 02 00 90 ED AA AA 04 80 02 FD DC A4 AA AA 04 80 02 FD 96 EA AA AA 04 80 02 01 2D 4F AA AA 04 80 
[0;32mI (27004) TGAM: Received 128 bytes:[0m
02 02 F4 87 AA AA 04 80 02 01 12 6A AA AA 04 80 02 FE 44 3B AA AA AA AA 04 80 02 FE 4E 31 AA AA 04 80 02 FD 7C 04 AA AA 04 80 02 00 CB B2 AA AA 04 80 02 03 16 64 AA AA 04 80 02 01 A4 D8 AA AA 04 80 02 FE BC C3 AA AA 04 80 02 FE 04 7B AA AA 04 80 02 00 66 17 AA AA 04 80 02 02 6B 10 AA AA 04 80 02 01 94 E8 AA AA 04 80 02 FE FF 80 AA AA 04 80 02 FD 2A 56 AA AA 04 80 02 FF 6E 10 AA AA 
[0;32mI (27224) TGAM: Received 128 bytes:[0m
04 80 02 02 AC CF AA AA 04 80 02 02 5A 21 28 53 AA AA 04 80 02 01 DD 9F AA AA 04 80 02 FF 5A 24 AA AA 04 80 02 FD 2F 51 AA AA 04 80 02 FE C9 B6 AA AA 04 80 02 02 58 23 AA AA 04 80 02 02 B1 CA AA AA 04 80 02 00 15 68 AA AA 04 80 02 FD DC A4 AA AA 04 80 02 FE B5 CA AA AA 04 80 02 01 50 2C AA AA 04 80 02 02 3A 41 AA AA 04 80 02 00 70 0D AA AA 04 80 02 FD CE B2 AA AA 04 80 02 FD DA A6 
[0;32mI (27444) TGAM: Received 128 bytes:[0m
AA AA 04 80 02 01 AA AA 04 80 02 01 C1 BB AA AA 04 80 02 02 A0 DB AA AA 04 80 02 00 80 FD AA AA 04 80 02 FE 3E 41 AA AA 04 80 02 FE C6 B9 AA AA 04 80 02 01 71 0B AA AA 04 80 02 02 A4 D7 AA AA 04 80 02 00 E5 98 AA AA 04 80 02 FE 0C 73 AA AA 04 80 02 FD 6A 16 AA AA 04 80 02 00 DA A3 AA AA 04 80 02 02 D3 A8 AA AA 04 80 02 01 34 48 AA AA 04 80 02 FE 6E 11 AA AA 04 80 02 FE 0A 75 AA AA 
[0;32mI (27664) TGAM: Received 128 bytes:[0m
04 80 02 00 8A F3 AA AA 04 80 02 02 65 16 AA AA 04 80 02 01 60 1C AA AA 04 80 02 FE CB B4 AA AA 04 80 02 FD 55 2B AA AA 04 80 02 00 1A 63 AA AA 04 80 02 03 26 54 AA AA 04 80 02 02 40 3B AA AA 04 80 02 FF 4B 33 AA AA 04 80 02 FD E3 9D AA AA 04 80 02 FF AB D3 AA AA 04 80 02 02 15 66 AA AA 04 80 02 02 23 58 AA AA 04 80 02 FF C3 BB AA AA 04 80 02 FD 54 2C 01 45 37 AA AA 04 80 02 FE 8A 
[0;32mI (27884) TGAM: Received 128 bytes:[0m
F5 AA AA 04 80 02 FD 5E 22 AA AA 04 80 02 00 5C 21 AA AA 04 80 02 02 C7 B4 AA AA 04 80 02 01 93 E9 AA AA 04 80 02 FE DF A0 AA AA 04 80 02 FE 02 7D AA AA 04 80 02 00 02 7B AA AA 04 80 02 02 21 5A AA AA 04 80 02 01 C4 B8 AA AA 04 80 02 FF 93 EB AA AA 04 80 02 FD AA D6 AA AA 04 80 02 FF 6A 14 AA AA 04 80 02 02 76 05 AA AA 04 80 02 02 46 35 AA AA 04 80 80 02 00 FB 82 AA AA 04 80 02 FE 
[0;32mI (28104) TGAM: Received 128 bytes:[0m
6E 11 AA AA 04 80 02 FE 55 2A AA AA 04 80 02 00 95 E8 AA AA 04 80 02 02 47 34 AA AA 04 80 02 01 2B 51 AA AA 04 80 02 FE 98 E7 AA AA 04 80 02 FD 47 39 AA AA 04 80 02 FF F6 88 AA AA 04 80 02 02 94 E7 AA AA 04 80 02 01 C3 B9 AA AA 04 80 02 FE FC 83 AA AA 04 80 02 FD EB 95 AA AA 04 80 02 FF E3 9B AA AA 04 80 02 02 3B 40 AA AA 04 AA 04 80 02 02 72 09 AA AA 04 80 02 01 F8 84 AA AA 04 80 
[0;32mI (28324) TGAM: Received 128 bytes:[0m
02 FF 3A 44 AA AA 04 80 02 FD B3 CD AA AA 04 80 02 FF 2A 54 AA AA 04 80 02 01 A1 DB AA AA 04 80 02 02 09 72 AA AA 04 80 02 00 23 5A AA AA 04 80 02 FD C4 BC AA AA 04 80 02 FE 67 18 AA AA 04 80 02 01 F4 88 AA AA 04 80 02 02 B4 C7 AA AA 04 80 02 00 57 26 AA AA 04 80 02 FE 0D 72 AA AA 04 80 02 FE A9 D6 AA CB AA AA 04 80 02 FD DF A1 AA AA 04 80 02 01 8A F2 AA AA 04 80 02 02 CC AF AA AA 
[0;32mI (28544) TGAM: Received 128 bytes:[0m
04 80 02 00 91 EC AA AA 04 80 02 FD F8 88 AA AA 04 80 02 FE 3B 44 AA AA 04 80 02 00 E8 95 AA AA 04 80 02 02 75 06 AA AA 20 02 C8 83 18 0E FB A6 14 3A ED 02 BC 5C 0B 9C F2 01 80 16 01 19 54 00 69 05 00 5A 28 04 00 05 00 FF AA AA 04 80 02 01 39 43 AA AA 04 80 02 FE 59 26 AA AA 04 AA 04 80 02 FE 47 38 AA AA 04 80 02 FE 19 66 AA AA 04 80 02 00 83 FA AA AA 04 80 02 02 53 28 AA AA 04 80 
[0;32mI (28764) TGAM: Received 128 bytes:[0m
02 01 58 24 AA AA 04 80 02 FE BA C5 AA AA 04 80 02 FD 36 4A AA AA 04 80 02 FF F8 86 AA AA 04 80 02 02 E5 96 AA AA 04 80 02 02 22 59 AA AA 04 80 02 FF 2E 50 AA AA 04 80 02 FD A4 DC AA AA 04 80 02 FF 75 09 AA AA 04 80 02 01 F7 85 AA AA 04 80 02 01 F7 85 AA D9 AA AA 04 80 02 02 3B 40 AA AA 04 80 02 FF 78 06 AA AA 04 80 02 FD E3 9D AA AA 04 80 02 FF 6A 14 AA AA 04 80 02 01 E2 9A AA AA 
[0;32mI (28984) TGAM: Received 128 bytes:[0m
04 80 02 02 24 57 AA AA 04 80 02 FF F5 89 AA AA 04 80 02 FD 79 07 AA AA 04 80 02 FE 3E 41 AA AA 04 80 02 01 D6 A6 AA AA 04 80 02 02 B3 C8 AA AA 04 80 02 00 65 18 AA AA 04 80 02 FD E9 97 AA AA 04 80 02 FE 68 17 AA AA 04 80 02 01 21 FD CC B4 AA AA 04 80 02 01 65 17 AA AA 04 80 02 02 E2 99 AA AA 04 80 02 00 DD A0 AA AA 04 80 02 FE 4F 30 AA AA 04 80 02 FE 67 18 AA AA 04 80 02 00 C7 B6 
[0;32mI (29204) TGAM: Received 128 bytes:[0m
AA AA 04 80 02 02 43 38 AA AA 04 80 02 01 2C 50 AA AA 04 80 02 FE C7 B8 AA AA 04 80 02 FD 98 E8 AA AA 04 80 02 00 77 06 AA AA 04 80 02 02 FB 80 AA AA 04 80 02 01 CD AF AA AA 04 80 02 FE CF B0 AA AA 04 80 02 80 02 FF 03 7B AA AA 04 80 02 FD 56 2A AA AA 04 80 02 FF B4 CA AA AA 04 80 02 02 A6 D5 AA AA 04 80 02 02 10 6B AA AA 04 80 02 FF 45 39 AA AA 04 80 02 FD C3 BD AA AA 04 80 02 FF 
[0;32mI (29424) TGAM: Received 128 bytes:[0m
55 29 AA AA 04 80 02 01 BD BF AA AA 04 80 02 01 F6 86 AA AA 04 80 02 FF F8 86 AA AA 04 80 02 FD BF C1 AA AA 04 80 02 FE AD D2 AA AA 04 80 02 01 F3 89 AA AA 04 80 02 02 60 1B AA AA 04 08 74 AA AA 04 80 02 FE 83 FC AA AA 04 80 02 FD 87 F9 AA AA 04 80 02 00 93 EA AA AA 04 80 02 02 C2 B9 AA AA 04 80 02 01 36 46 AA AA 04 80 02 FE 94 EB AA AA 04 80 02 FE 0D 72 AA AA 04 80 02 00 0D 70 AA 
[0;32mI (29644) TGAM: Received 128 bytes:[0m
AA 04 80 02 01 EC 90 AA AA 04 80 02 01 63 19 AA AA 04 80 02 FF 2B 53 AA AA 04 80 02 FD 7C 04 AA AA 04 80 02 FF 8D F1 AA AA 04 80 02 02 85 F6 AA AA 04 80 02 02 02 02 0C 6F AA AA 04 80 02 01 B3 C9 AA AA 04 80 02 FF A9 D5 AA AA 04 80 02 FD BF C1 AA AA 04 80 02 FF 32 4C AA AA 04 80 02 02 74 07 AA AA 04 80 02 02 59 22 AA AA 04 80 02 FF A8 D6 AA AA 04 80 02 FD C3 BD AA AA 04 80 02 FF 0E 
[0;32mI (29864) TGAM: Received 128 bytes:[0m
70 AA AA 04 80 02 01 A0 DC AA AA 04 80 02 02 45 36 AA AA 04 80 02 00 75 08 AA AA 04 80 02 FD FB 85 AA AA 04 80 02 FD EE 92 AA AA 04 80 04 80 02 FE B4 CB AA AA 04 80 02 01 23 59 AA AA 04 80 02 02 66 15 AA AA 04 80 02 00 F2 8B AA AA 04 80 02 FE 5B 24 AA AA 04 80 02 FD B6 CA AA AA 04 80 02 00 E4 99 AA AA 04 80 02 02 C3 B8 AA AA 04 80 02 01 32 4A AA AA 04 80 02 FE B4 CB AA AA 04 80 02 
[0;32mI (30084) TGAM: Received 128 bytes:[0m
FE 56 29 AA AA 04 80 02 00 72 0B AA AA 04 80 02 02 30 4B AA AA 04 80 02 01 6C 10 AA AA 04 80 02 FE FF 80 AA AA AA AA 04 80 02 FE E6 99 AA AA 04 80 02 FE 17 68 AA AA 04 80 02 00 12 6B AA AA 04 80 02 02 1C 5F AA AA 04 80 02 01 A1 DB AA AA 04 80 02 FF 6B 13 AA AA 04 80 02 FD 83 FD AA AA 04 80 02 FF 2B 53 AA AA 04 80 02 02 2B 50 AA AA 04 80 02 02 00 7B AA AA 04 80 02 FF 7A 04 AA AA 04 
[0;32mI (30304) TGAM: Received 128 bytes:[0m
80 02 FD D8 A8 AA AA 04 80 02 FF 37 47 AA AA 04 80 02 01 A6 D6 AA AA 04 80 02 02 27 54 39 42 AA AA 04 80 02 02 87 F4 AA AA 04 80 02 FF F4 8A AA AA 04 80 02 FD CB B5 AA AA 04 80 02 FE E7 98 AA AA 04 80 02 01 8C F0 AA AA 04 80 02 02 47 34 AA AA 04 80 02 00 58 25 AA AA 04 80 02 FD C6 BA AA AA 04 80 02 FD B2 CE AA AA 04 80 02 01 44 38 AA AA 04 80 02 02 E1 9A AA AA 04 80 02 00 FA 83 AA 
[0;32mI (30524) TGAM: Received 128 bytes:[0m
AA 04 80 02 FE 5B 24 AA AA 04 80 02 FE 47 38 AA AA 04 80 02 00 AA AA 04 80 02 01 24 58 AA AA 04 80 02 02 8A F1 AA AA 04 80 02 00 D4 A9 AA AA 04 80 02 FE 05 7A AA AA 04 80 02 FD 4B 35 AA AA 04 80 02 00 B8 C5 AA AA 04 80 02 03 17 63 AA AA 04 80 02 01 A1 DB AA AA 04 80 02 FE BC C3 AA AA 04 80 02 FE 0C 73 AA AA 04 80 02 00 32 4B AA AA 04 80 02 02 29 52 AA AA 04 80 02 01 76 06 AA AA 04 
[0;32mI (30744) TGAM: Received 128 bytes:[0m
80 02 FF 0E 70 AA AA 04 80 02 FD 5F 21 27 57 AA AA 04 80 02 FE 3D 42 AA AA 04 80 02 00 10 6D AA AA 04 80 02 02 07 74 AA AA 04 80 02 01 B9 C3 AA AA 04 80 02 FF B3 CB AA AA 04 80 02 FD C8 B8 AA AA 04 80 02 FF 4C 32 AA AA 04 80 02 02 67 14 AA AA 04 80 02 02 69 12 AA AA 04 80 02 FF DF 9F AA AA 04 80 02 FE 07 78 AA AA 04 80 02 FF 4D 31 AA AA 04 80 02 01 A3 D9 AA AA 04 80 02 02 17 64 AA 
[0;32mI (30964) TGAM: Received 128 bytes:[0m
AA 04 80 02 00 01 4D 2F AA AA 04 80 02 FE DC A3 AA AA 04 80 02 FD 55 2B AA AA 04 80 02 FF AD D1 AA AA 04 80 02 02 88 F3 AA AA 04 80 02 01 F8 84 AA AA 04 80 02 FF 43 3B AA AA 04 80 02 FD FA 86 AA AA 04 80 02 FF BC C2 AA AA 04 80 02 02 0A 71 AA AA 04 80 02 02 14 67 AA AA 04 80 02 FF DA A4 AA AA 04 80 02 FD 97 E9 AA AA 04 80 02 FE E4 9B AA AA 04 80 02 02 50 2B AA AA 04 80 02 02 97 E4 
[0;32mI (31184) TGAM: Received 128 bytes:[0m
AA AA 04 80 02 00 09 74 AA AA 04 80 02 FD EF 91 AA AA 04 80 02 FE B2 CD AA AA 04 80 02 01 34 48 AA AA 04 80 02 02 38 43 AA AA 04 80 02 00 93 EA AA AA 04 80 02 FE 1A 65 AA AA 04 80 02 FD ED 93 AA AA 04 80 02 01 41 3B AA AA 04 80 02 02 C4 B7 AA AA 04 80 02 00 E4 99 AA AA 04 80 02 FE 5D 22 AA AA 04 80 02 FE 54 2B AA AA 04 80 02 00 AB D2 AA AA 04 80 02 04 80 02 FF 4C 32 AA AA 04 80 02 
[0;32mI (31404) TGAM: Received 128 bytes:[0m
01 98 E4 AA AA 04 80 02 02 0C 6F AA AA 04 80 02 00 36 47 AA AA 04 80 02 FD BD C3 AA AA 04 80 02 FE 05 7A AA AA 04 80 02 01 92 EA AA AA 04 80 02 02 99 E2 AA AA 04 80 02 00 66 17 AA AA 04 80 02 FE 19 66 AA AA 04 80 02 FE A6 D9 AA AA 04 80 02 01 21 5B AA AA 04 80 02 02 5C 1F AA AA 04 80 02 00 DB A2 AA AA 04 80 02 FE 32 4D AA AA 02 FD CE B2 AA AA 04 80 02 FD BE C2 AA AA 04 80 02 01 66 
[0;32mI (31624) TGAM: Received 128 bytes:[0m
16 AA AA 04 80 02 02 F2 89 AA AA 04 80 02 00 D4 A9 AA AA 04 80 02 FE 22 5D AA AA 04 80 02 FE 33 4C AA AA 04 80 02 00 A5 D8 AA AA 04 80 02 02 52 29 AA AA 04 80 02 01 45 37 AA AA 04 80 02 FE A3 DC AA AA 04 80 02 FD 2D 53 AA AA 04 80 02 00 08 75 AA AA 04 80 02 02 A9 D2 AA AA 04 80 02 01 8B F1 AA AA 04 80 04 80 02 01 70 0C AA AA 04 80 02 FE DB A4 AA AA 04 80 02 FD 27 59 AA AA 04 80 02 
[0;32mI (31844) TGAM: Received 128 bytes:[0m
FF B5 C9 AA AA 04 80 02 02 C7 B4 AA AA 04 80 02 02 31 4A AA AA 04 80 02 FF 3B 43 AA AA 04 80 02 FD B3 CD AA AA 04 80 02 FF 7B 03 AA AA 04 80 02 02 0B 70 AA AA 04 80 02 02 27 54 AA AA 04 80 02 FF AA D4 AA AA 04 80 02 FD 0D 73 AA AA 04 80 02 FE 57 28 AA AA 04 80 02 02 19 62 AA AA AA AA 04 80 02 01 C4 B8 AA AA 04 80 02 02 29 52 AA AA 04 80 02 00 40 3D AA AA 04 80 02 FD C3 BD AA AA 04 
[0;32mI (32064) TGAM: Received 128 bytes:[0m
80 02 FE 1F 60 AA AA 04 80 02 01 C6 B6 AA AA 04 80 02 02 C4 B7 AA AA 04 80 02 00 80 FD AA AA 04 80 02 FE 07 78 AA AA 04 80 02 FE 4C 33 AA AA 04 80 02 00 DB A2 AA AA 04 80 02 02 63 18 AA AA 04 80 02 01 22 5A AA AA 04 80 02 FE 59 26 AA AA 04 80 02 FD 68 18 74 0B AA AA 04 80 02 FE 5E 21 AA AA 04 80 02 00 A7 D6 AA AA 04 80 02 02 38 43 AA AA 04 80 02 01 2C 50 AA AA 04 80 02 FE 9D E2 AA 
[0;32mI (32284) TGAM: Received 128 bytes:[0m
AA 04 80 02 FD 48 38 AA AA 04 80 02 00 37 46 AA AA 04 80 02 02 C3 B8 AA AA 04 80 02 01 92 EA AA AA 04 80 02 FE DA A5 AA AA 04 80 02 FD FB 85 AA AA 04 80 02 FF F3 8B AA AA 04 80 02 02 37 44 AA AA 04 80 02 02 19 62 AA AA 04 80 02 FF 02 02 80 FB AA AA 04 80 02 FF 79 05 AA AA 04 80 02 FD A2 DE AA AA 04 80 02 FF 45 39 AA AA 04 80 02 02 03 78 AA AA 04 80 02 02 5C 1F AA AA 04 80 02 FF EB 
[0;32mI (32504) TGAM: Received 128 bytes:[0m
93 AA AA 04 80 02 FD 2A 56 AA AA 04 80 02 FE 34 4B AA AA 04 80 02 02 16 65 AA AA 04 80 02 02 D1 AA AA AA 04 80 02 00 29 54 AA AA 04 80 02 FD A4 DC AA AA 04 80 02 FE 58 27 AA AA 04 80 02 01 42 3A AA AA 04 80 22 AA AA 04 80 02 01 D8 A4 AA AA 04 80 02 FE 82 FD AA AA 04 80 02 FD 8A F6 AA AA 04 80 02 FF F2 8C AA AA 04 80 02 02 66 15 AA AA 04 80 02 01 D0 AC AA AA 04 80 02 FE E2 9D AA AA 
[0;32mI (32724) TGAM: Received 128 bytes:[0m
04 80 02 FC BA C7 AA AA 04 80 02 FF 4A 34 AA AA 04 80 02 03 3A 40 AA AA 04 80 02 02 F9 82 AA AA 04 80 02 FF 9E E0 AA AA 04 80 02 FD 8F F1 AA AA 04 80 02 FF 35 49 AA AA 04 80 02 02 05 FE 42 3D AA AA 04 80 02 02 80 FB AA AA 04 80 02 03 05 75 AA AA 04 80 02 00 3A 43 AA AA 04 80 02 FD E6 9A AA AA 04 80 02 FE DE A1 AA AA 04 80 02 01 BB C1 AA AA 04 80 02 02 AB D0 AA AA 04 80 02 00 81 FC 
[0;32mI (32944) TGAM: Received 128 bytes:[0m
AA AA 04 80 02 FD 59 27 AA AA 04 80 02 FD 4A 36 AA AA 04 80 02 01 7B 01 AA AA 04 80 02 03 42 38 AA AA 04 80 02 01 1B 61 AA AA 04 80 02 FE 27 58 AA AA 04 80 02 80 02 FD E4 9C AA AA 04 80 02 FD 4E 32 AA AA 04 80 02 01 28 54 AA AA 04 80 02 03 61 19 AA AA 04 80 02 01 73 09 AA AA 04 80 02 FE 28 57 AA AA 04 80 02 FD 95 EB AA AA 04 80 02 00 2D 50 AA AA 04 80 02 02 74 07 AA AA 04 80 02 01 
[0;32mI (33164) TGAM: Received 128 bytes:[0m
76 06 AA AA 04 80 02 FE 94 EB AA AA 04 80 02 FC C2 BF AA AA 04 80 02 FF B3 CB AA AA 04 80 02 03 41 39 AA AA 04 80 02 02 8C EF AA AA 04 AA 04 80 02 01 89 F3 AA AA 04 80 02 FF 19 65 AA AA 04 80 02 FD 5B 25 AA AA 04 80 02 FF AA D4 AA AA 04 80 02 02 FB 80 AA AA 04 80 02 02 8D EE AA AA 04 80 02 FF 8E F0 AA AA 04 80 02 FD CB B5 AA AA 04 80 02 FF 5A 24 AA AA 04 80 02 01 D7 A5 AA AA 04 80 
[0;32mI (33384) TGAM: Received 128 bytes:[0m
02 02 0B 70 AA AA 04 80 02 FF F8 86 AA AA 04 80 02 FD 8D F3 AA AA 04 80 02 FE 76 09 AA AA 04 80 02 02 40 3B AA 80 02 02 F6 85 AA AA 04 80 02 03 10 6A AA AA 04 80 02 FF F9 85 AA AA 04 80 02 FD 74 0C AA AA 04 80 02 FE B8 C7 AA AA 04 80 02 01 AA D2 AA AA 04 80 02 02 9A E1 AA AA 04 80 02 00 9A E3 AA AA 04 80 02 FD 92 EE AA AA 04 80 02 FD 97 E9 AA AA 04 80 02 01 BC C0 AA AA 04 80 02 03 
[0;32mI (33604) TGAM: Received 128 bytes:[0m
4D 2D AA AA 04 80 02 00 FA 83 AA AA 04 80 02 FD E5 9B AA AA 04 80 02 FE 0E 71 AA AA 04 AA 04 80 02 FE 6C 13 AA AA 04 80 02 FF 83 FB AA AA 04 80 02 00 63 1A AA AA 04 80 02 00 72 0B AA AA 04 80 02 FF FB 83 AA AA 04 80 02 FF FB 83 AA AA 04 80 02 00 B2 CB AA AA 04 80 02 00 FA 83 AA AA 04 80 02 00 4A 33 AA AA 04 80 02 FF 54 2A AA AA 04 80 02 FE C5 BA AA AA 04 80 02 FF 8C F2 AA AA 04 80 
[0;32mI (33824) TGAM: Received 128 bytes:[0m
02 00 87 F6 AA AA 04 80 02 00 8B F2 AA AA 04 80 02 FF D3 AB AA AA AA 04 80 02 FF 72 0C AA AA 04 80 02 FF 92 EC AA AA 04 80 02 00 2C 51 AA AA 04 80 02 00 A8 D5 AA AA 04 80 02 00 57 26 AA AA 04 80 02 FF 8F EF AA AA 04 80 02 FF 45 39 AA AA 04 80 02 00 39 44 AA AA 04 80 02 00 C6 B7 AA AA 04 80 02 00 40 3D AA AA 04 80 02 FF 9A E4 AA AA 04 80 02 FF 97 E7 AA AA 04 80 02 00 53 2A AA AA 04 
[0;32mI (34044) TGAM: Received 128 bytes:[0m
80 02 00 F5 88 AA AA 04 80 02 00 A6 D7 B2 C8 AA AA 04 80 02 02 55 26 AA AA 04 80 02 FE AA D5 AA AA 04 80 02 FD 8B F5 AA AA 04 80 02 00 E0 9D AA AA 04 80 02 03 7C FE AA AA 04 80 02 01 FB 81 AA AA 04 80 02 FE 55 2A AA AA 04 80 02 FB BF C3 AA AA 04 80 02 FC 65 1C AA AA 04 80 02 FF 1B 63 AA AA 04 80 02 01 18 64 AA AA 04 80 02 01 AA D2 AA AA 04 80 02 01 90 EC AA AA 04 80 02 01 BA C2 AA 
[0;32mI (34264) TGAM: Received 128 bytes:[0m
AA 04 80 02 01 02 FF 66 18 AA AA 04 80 02 00 68 15 AA AA 04 80 02 00 D8 A5 AA AA 04 80 02 00 4B 32 AA AA 04 80 02 FF 9D E1 AA AA 04 80 02 FF 57 27 AA AA 04 80 02 FF FA 84 AA AA 04 80 02 00 CA B3 AA AA 04 80 02 00 BC C1 AA AA 04 80 02 FF F3 8B AA AA 04 80 02 FF 75 09 AA AA 04 80 02 00 40 3D AA AA 04 80 02 00 F1 8C AA AA 04 80 02 00 B8 C5 AA AA 04 80 02 00 35 48 AA AA 04 80 02 00 06 
[0;32mI (34484) TGAM: Received 128 bytes:[0m
77 AA AA 04 80 02 00 30 4D AA AA 04 80 02 00 99 E4 AA AA 04 80 02 00 BB C2 AA AA 04 80 02 00 45 38 AA AA 04 80 02 FF A9 D5 AA AA 04 80 02 FF CE B0 AA AA 04 80 02 00 98 E5 AA AA 04 80 02 00 DD A0 AA AA 04 80 02 00 6A 13 AA AA 04 80 02 00 05 78 AA AA 04 80 02 00 0C 71 AA AA 20 02 C8 83 18 18 D1 10 0F 56 43 03 63 38 03 7F 35 02 74 2C 00 A3 3F 00 40 29 00 86 F7 AA AA 04 80 02 00 1A 63 
[0;32mI (34704) TGAM: Received 128 bytes:[0m
AA AA 04 80 02 FF FD 81 AA AA 04 80 02 00 29 54 AA AA 04 80 02 00 89 F4 AA AA 04 80 02 00 31 4C AA AA 04 80 02 FF 65 19 AA AA 04 80 02 FF 03 7B AA AA 04 80 02 FF DB A3 AA AA 04 80 02 00 BC C1 AA AA 04 80 02 00 D5 A8 AA AA 04 80 02 00 16 67 AA AA 04 80 02 FF 88 F6 AA AA 04 80 02 FF BF BF AA AA 04 80 02 00 89 F4 AA AA 04 80 02 80 02 00 A8 D5 AA AA 04 80 02 00 C2 BB AA AA 04 80 02 00 
[0;32mI (34924) TGAM: Received 128 bytes:[0m
16 67 AA AA 04 80 02 FF 95 E9 AA AA 04 80 02 FF BB C3 AA AA 04 80 02 00 77 06 AA AA 04 80 02 00 CD B0 AA AA 04 80 02 00 19 64 AA AA 04 80 02 FF 3B 43 AA AA 04 80 02 FF 7D 01 AA AA 04 80 02 00 A9 D4 AA AA 04 80 02 00 F5 88 AA AA 04 80 02 00 46 37 AA AA 04 80 02 FF 88 F6 AA AA 04 80 02 FF 73 0B AA AA 04 AA 04 80 02 FF 38 46 AA AA 04 80 02 00 35 48 AA AA 04 80 02 00 B4 C9 AA AA 04 80 
[0;32mI (35144) TGAM: Received 128 bytes:[0m
02 00 42 3B AA AA 04 80 02 FF B8 C6 AA AA 04 80 02 FF BD C1 AA AA 04 80 02 00 51 2C AA AA 04 80 02 00 BA C3 AA AA 04 80 02 00 48 35 AA AA 04 80 02 FF 9A E4 AA AA 04 80 02 FF 69 15 AA AA 04 80 02 00 41 3C AA AA 04 80 02 00 D9 A4 AA AA 04 80 02 00 7A 03 AA AA 04 80 02 FF CB B3 AA 08 AA AA 04 80 02 FF BC C2 AA AA 04 80 02 FF 4E 30 AA AA 04 80 02 FF F6 88 AA AA 04 80 02 00 A0 DD AA AA 
[0;32mI (35364) TGAM: Received 128 bytes:[0m
04 80 02 00 8B F2 AA AA 04 80 02 FF F3 8B AA AA 04 80 02 FF 97 E7 AA AA 04 80 02 FF DD A1 AA AA 04 80 02 00 74 09 AA AA 04 80 02 00 AA D3 AA AA 04 80 02 00 07 76 AA AA 04 80 02 FF 53 2B AA AA 04 80 02 FF AE D0 AA AA 04 80 02 00 D1 AC AA AA 04 80 02 01 26 04 80 02 00 1A 63 AA AA 04 80 02 FF 42 3C AA AA 04 80 02 FF 3D 41 AA AA 04 80 02 00 52 2B AA AA 04 80 02 00 EB 92 AA AA 04 80 02 
[0;32mI (35584) TGAM: Received 128 bytes:[0m
00 5A 23 AA AA 04 80 02 FF 98 E6 AA AA 04 80 02 FF 75 09 AA AA 04 80 02 00 02 7B AA AA 04 80 02 00 96 E7 AA AA 04 80 02 00 78 05 AA AA 04 80 02 FF DC A2 AA AA 04 80 02 FF 49 35 AA AA 04 80 02 FF E6 98 AA AA 04 80 02 00 C1 BC AA AA AA AA 04 80 02 00 9B E2 AA AA 04 80 02 00 60 1D AA AA 04 80 02 FF CD B1 AA AA 04 80 02 FF 5D 21 AA AA 04 80 02 FF EF 8F AA AA 04 80 02 00 B6 C7 AA AA 04 
[0;32mI (35804) TGAM: Received 128 bytes:[0m
80 02 00 C0 BD AA AA 04 80 02 FF F6 88 AA AA 04 80 02 FF 7A 04 AA AA 04 80 02 FF E4 9A AA AA 04 80 02 00 9A E3 AA AA 04 80 02 00 E8 95 AA AA 04 80 02 00 5C 21 AA AA 04 80 02 FF 8A F4 AA AA 04 80 02 FF 94 EA A6 D8 AA AA 04 80 02 FF BA C4 AA AA 04 80 02 00 7B 02 AA AA 04 80 02 00 F6 87 AA AA 04 80 02 00 6B 12 AA AA 04 80 02 FF 9B E3 AA AA 04 80 02 FF 9E E0 AA AA 04 80 02 00 A3 DA AA 
[0;32mI (36024) TGAM: Received 128 bytes:[0m
AA 04 80 02 00 F1 8C AA AA 04 80 02 00 40 3D AA AA 04 80 02 FF A3 DB AA AA 04 80 02 FF B5 C9 AA AA 04 80 02 00 88 F5 AA AA 04 80 02 01 2A 52 AA AA 04 80 02 00 C0 BD AA AA 04 80 02 FF 02 00 7B 02 AA AA 04 80 02 FF C3 BB AA AA 04 80 02 FF A9 D5 AA AA 04 80 02 00 57 26 AA AA 04 80 02 00 F6 87 AA AA 04 80 02 00 AB D2 AA AA 04 80 02 FF E3 9B AA AA 04 80 02 FF 54 2A AA AA 04 80 02 FF F7 
[0;32mI (36244) TGAM: Received 128 bytes:[0m
87 AA AA 04 80 02 00 95 E8 AA AA 04 80 02 00 76 07 AA AA 04 80 02 FF D3 AB AA AA 04 80 02 FF 84 FA AA AA 04 80 02 00 09 74 AA AA 04 80 02 00 B5 C8 AA AA 04 80 04 80 02 00 D3 AA AA AA 04 80 02 00 95 E8 AA AA 04 80 02 FF F2 8C AA AA 04 80 02 FF 97 E7 AA AA 04 80 02 FF FC 82 AA AA 04 80 02 00 AA D3 AA AA 04 80 02 00 CB B2 AA AA 04 80 02 00 27 56 AA AA 04 80 02 FF 7B 03 AA AA 04 80 02 
[0;32mI (36464) TGAM: Received 128 bytes:[0m
FF B5 C9 AA AA 04 80 02 00 AA D3 AA AA 04 80 02 00 F1 8C AA AA 04 80 02 00 60 1D AA AA 04 80 02 FF B5 C9 AA AA 04 80 02 FF 98 E6 AA AA 02 FF 32 4C AA AA 04 80 02 02 22 59 AA AA 04 80 02 02 51 2A AA AA 04 80 02 FF 8B F3 AA AA 04 80 02 FC C3 BE AA AA 04 80 02 FE 9F E0 AA AA 04 80 02 02 CB B0 AA AA 04 80 02 02 F8 83 AA AA 04 80 02 FF DF 9F AA AA 04 80 02 FD 3F 41 AA AA 04 80 02 FE 64 
[0;32mI (36684) TGAM: Received 128 bytes:[0m
1B AA AA 04 80 02 01 8D EF AA AA 04 80 02 02 B2 C9 AA AA 04 80 02 00 97 E6 AA AA 04 80 02 FD 48 38 AA AA 04 80 04 80 02 FD 8B F5 AA AA 04 80 02 FE 05 7A AA AA 04 80 02 01 52 2A AA AA 04 80 02 03 02 78 AA AA 04 80 02 01 21 5B AA AA 04 80 02 FD AC D4 AA AA 04 80 02 FC D9 A8 AA AA 04 80 02 01 23 59 AA AA 04 80 02 03 A0 DA AA AA 04 80 02 01 AB D1 AA AA 04 80 02 FE 1E 61 AA AA 04 80 02 
[0;32mI (36904) TGAM: Received 128 bytes:[0m
FD 5A 26 AA AA 04 80 02 00 26 57 AA AA 04 80 02 02 D6 A5 AA AA 04 80 02 01 F2 8A AA AA 04 80 02 FE AD D2 32 AA AA 04 80 02 FD 14 6C AA AA 04 80 02 FD 92 EE AA AA 04 80 02 01 DD 9F AA AA 04 80 02 03 53 27 AA AA 04 80 02 00 E3 9A AA AA 04 80 02 FD 93 ED AA AA 04 80 02 FD 7E 02 AA AA 04 80 02 00 BC C1 AA AA 04 80 02 02 D9 A2 AA AA 04 80 02 01 49 33 AA AA 04 80 02 FD F8 88 AA AA 04 80 
[0;32mI (37124) TGAM: Received 128 bytes:[0m
02 FC DA A7 AA AA 04 80 02 00 E2 9B AA AA 04 80 02 03 D3 A7 AA AA 04 80 02 02 3B 03 23 57 AA AA 04 80 02 02 02 79 AA AA 04 80 02 FE 8F F0 AA AA 04 80 02 FC 9F E2 AA AA 04 80 02 FF F4 8A AA AA 04 80 02 03 6B 0F AA AA 04 80 02 02 A5 D6 AA AA 04 80 02 FF 39 45 AA AA 04 80 02 FD 7D 03 AA AA 04 80 02 FF 7E 00 AA AA 04 80 02 02 6C 0F AA AA 04 80 02 02 65 16 AA AA 04 80 02 FF 6C 12 AA AA 
[0;32mI (37344) TGAM: Received 128 bytes:[0m
04 80 02 FC 93 EE AA AA 04 80 02 FE 8C F3 AA AA 04 80 02 C9 AA AA 04 80 02 03 60 1A AA AA 04 80 02 02 BB C0 AA AA 04 80 02 FF 3A 44 AA AA 04 80 02 FD 26 5A AA AA 04 80 02 FF 32 4C AA AA 04 80 02 02 95 E6 AA AA 04 80 02 02 E4 97 AA AA 04 80 02 FF FC 82 AA AA 04 80 02 FC C7 BA AA AA 04 80 02 FD F9 87 AA AA 04 80 02 02 67 14 AA AA 04 80 02 03 57 23 AA AA 04 80 02 00 81 FC AA AA 04 80 
[0;32mI (37564) TGAM: Received 128 bytes:[0m
02 FD 7E 02 AA AA 04 80 02 FE 25 FC EF 92 AA AA 04 80 02 FD B5 CB AA AA 04 80 02 02 0B 70 AA AA 04 80 02 03 39 41 AA AA 04 80 02 00 9D E0 AA AA 04 80 02 FD 98 E8 AA AA 04 80 02 FE 0C 73 AA AA 04 80 02 01 67 15 AA AA 04 80 02 03 1C 5E AA AA 04 80 02 01 32 4A AA AA 04 80 02 FD A6 DA AA AA 04 80 02 FC 89 F8 AA AA 04 80 02 00 80 FD AA AA 04 80 02 03 46 34 AA AA 04 80 02 01 C2 BA AA AA 
[0;32mI (37784) TGAM: Received 128 bytes:[0m
04 80 02 80 02 01 64 18 AA AA 04 80 02 FE 1F 60 AA AA 04 80 02 FC C7 BA AA AA 04 80 02 00 78 05 AA AA 04 80 02 03 76 04 AA AA 04 80 02 02 16 65 AA AA 04 80 02 FE BC C3 AA AA 04 80 02 FD 93 ED AA AA 04 80 02 00 08 75 AA AA 04 80 02 02 C7 B4 AA AA 04 80 02 02 2B 50 AA AA 04 80 02 FF 43 3B AA AA 04 80 02 FC C4 BD AA AA 04 80 02 FE F5 8A AA AA 04 80 02 02 DD 9E AA AA 04 80 02 02 D2 A9 
[0;32mI (38004) TGAM: Received 128 bytes:[0m
AA AA 04 80 02 FF C9 B5 AA AA 04 80 02 FD 78 08 AA AA 04 80 02 FE CE B1 AA AA 04 80 02 01 DB A1 AA AA 04 80 02 02 B1 CA AA AA 04 80 02 00 53 2A AA AA 04 80 02 FD 22 5E AA AA 04 80 02 FD 95 EB AA AA 04 80 02 01 ED 8F AA AA 04 80 02 03 61 19 AA AA 04 80 02 00 E5 98 AA AA 04 80 02 FD A4 DC AA AA 04 80 02 FD DB A5 AA AA 04 80 02 01 43 39 AA AA 04 AA AA 04 80 02 FF 73 0B AA AA 04 80 02 
[0;32mI (38224) TGAM: Received 128 bytes:[0m
02 64 17 AA AA 04 80 02 02 66 15 AA AA 04 80 02 FF 7D 01 AA AA 04 80 02 FC BC C5 AA AA 04 80 02 FE 8F F0 AA AA 04 80 02 02 B1 CA AA AA 04 80 02 03 0C 6E AA AA 04 80 02 00 15 68 AA AA 04 80 02 FD 7A 06 AA AA 04 80 02 FE 5E 21 AA AA 04 80 02 01 94 E8 AA AA 04 80 02 02 DA A1 AA AA 04 80 02 00 C4 B9 AA AA 04 80 02 FD 68 18 80 FD AA AA 04 80 02 FD A2 DE AA AA 04 80 02 FE 42 3D AA AA 04 
[0;32mI (38444) TGAM: Received 128 bytes:[0m
80 02 01 6A 12 AA AA 04 80 02 02 C9 B2 AA AA 04 80 02 00 C1 BC AA AA 04 80 02 FD 96 EA AA AA 04 80 02 FD 1D 63 AA AA 04 80 02 01 18 64 AA AA 04 80 02 03 43 37 AA AA 04 80 02 01 69 13 AA AA 04 80 02 FE 5D 22 AA AA 04 80 02 FD E4 9C AA AA 04 80 02 00 6B 12 AA AA 04 80 02 02 A7 D4 AA AA 04 80 02 01 AA 04 80 02 FF AA D4 AA AA 04 80 02 FD 9B E5 AA AA 04 80 02 FF 14 6A AA AA 04 80 02 01 
[0;32mI (38664) TGAM: Received 128 bytes:[0m
E8 94 AA AA 04 80 02 02 61 1A AA AA 04 80 02 FF D4 AA AA AA 04 80 02 FC CB B6 AA AA 04 80 02 FD EA 96 AA AA 04 80 02 02 36 45 AA AA 04 80 02 03 26 54 AA AA 04 80 02 00 71 0C AA AA 04 80 02 FD 9B E5 AA AA 04 80 02 FE 1B 64 AA AA 04 80 02 01 45 37 AA AA 04 80 02 02 E0 9B AA B5 AA AA 04 80 02 03 48 32 AA AA 04 80 02 00 CA B3 AA AA 04 80 02 FD 8F F1 AA AA 04 80 02 FD BC C4 AA AA 04 80 
[0;32mI (38884) TGAM: Received 128 bytes:[0m
02 01 03 79 AA AA 04 80 02 02 F4 87 AA AA 04 80 02 01 3C 40 AA AA 04 80 02 FD D6 AA AA AA 04 80 02 FC B7 CA AA AA 04 80 02 00 B2 CB AA AA 04 80 02 03 A4 D6 AA AA 04 80 02 02 16 65 AA AA 04 80 02 FE 9F E0 AA AA 04 80 02 FD 7E 02 AA AA 04 80 02 FF FF FC 83 FE AA AA 04 80 02 00 0C 71 AA AA 04 80 02 03 96 E4 AA AA 04 80 02 02 6C 0F AA AA 04 80 02 FE AA D5 AA AA 04 80 02 FD 08 78 AA AA 
[0;32mI (39104) TGAM: Received 128 bytes:[0m
04 80 02 FF 76 08 AA AA 04 80 02 02 AB D0 AA AA 04 80 02 02 A2 D9 AA AA 04 80 02 FF 62 1C AA AA 04 80 02 FC 57 2A AA AA 04 80 02 FE 6A 15 AA AA 04 80 02 03 03 77 AA AA 04 80 02 03 66 14 AA AA 04 80 02 00 0C 71 AA AA 04 80 02 80 02 00 02 7B AA AA 04 80 02 FC 14 6D AA AA 04 80 02 FD AC D4 AA AA 04 80 02 03 63 17 AA AA 04 80 02 04 52 27 AA AA 04 80 02 00 DD A0 AA AA 04 80 02 FC EB 96 
[0;32mI (39324) TGAM: Received 128 bytes:[0m
AA AA 04 80 02 FD C6 BA AA AA 04 80 02 01 FC 80 AA AA 04 80 02 03 A6 D4 AA AA 04 80 02 00 F0 8D AA AA 04 80 02 FC AB D6 AA AA 04 80 02 FC 5C 25 AA AA 04 80 02 02 0C 6F AA AA 04 80 02 04 97 E2 AA AA 04 04 12 67 AA AA 04 80 02 01 28 54 AA AA 04 80 02 FD 2D 53 AA AA 04 80 02 FD 7E 02 AA AA 04 80 02 01 7D FF AA AA 04 80 02 03 95 E5 AA AA 04 80 02 01 B7 C5 AA AA 04 80 02 FD 87 F9 AA AA 
[0;32mI (39544) TGAM: Received 128 bytes:[0m
04 80 02 FC 15 6C AA AA 04 80 02 00 DA A3 AA AA 04 80 02 04 2A 4F AA AA 04 80 02 02 B0 CB AA AA 04 80 02 FE 45 3A AA AA 04 80 02 FC AE D3 AA AA 04 80 02 00 24 59 AA AA 04 80 02 80 02 00 8B F2 AA AA 04 80 02 04 42 37 AA AA 04 80 02 02 B5 C6 AA AA 04 80 02 FE 1E 61 AA AA 04 80 02 FC 66 1B AA AA 04 80 02 FF 64 1A AA AA 04 80 02 03 32 48 AA AA 04 80 02 02 E1 9A AA AA 04 80 02 FE E7 98 
[0;32mI (39764) TGAM: Received 128 bytes:[0m
AA AA 04 80 02 FB 92 F0 AA AA 04 80 02 FE A5 DA AA AA 04 80 02 03 BB BF AA AA 04 80 02 03 AC CE AA AA 04 80 02 FF C3 BB AA AA 04 80 02 FC 6C 15 AA AA 04 AA 04 80 02 FB 74 0E AA AA 04 80 02 FD CD B3 AA AA 04 80 02 03 50 2A AA AA 04 80 02 03 E0 9A AA AA 04 80 02 00 13 6A AA AA 04 80 02 FC 56 2B AA AA 04 80 02 FD BA C6 AA AA 04 80 02 02 89 F2 AA AA 04 80 02 04 09 70 AA AA 04 80 02 01 
[0;32mI (39984) TGAM: Received 128 bytes:[0m
02 7A AA AA 04 80 02 FC 68 19 AA AA 04 80 02 FC 74 0D AA AA 04 80 02 02 45 36 AA AA 04 80 02 04 91 E8 AA AA 04 80 02 01 FC 80 AA AA 04 80 02 FD 42 3E 9A AA AA 04 80 02 FC 59 28 AA AA 04 80 02 FE F9 86 AA AA 04 80 02 03 07 73 AA AA 04 80 02 03 2C 4E AA AA 04 80 02 FF 7E 00 AA AA 04 80 02 FB AF D3 AA AA 04 80 02 FD CA B6 AA AA 04 80 02 03 55 25 AA AA 04 80 02 04 13 66 AA AA 04 80 02 
[0;32mI (40204) TGAM: Received 128 bytes:[0m
00 86 F7 AA AA 04 80 02 FC C3 BE AA AA 04 80 02 FD E3 9D AA AA 04 80 02 02 5D 1E AA AA 04 80 02 03 DC 9E AA AA 04 80 02 00 F2 03 ED 8D AA AA 04 80 02 00 77 06 AA AA 04 80 02 FC B4 CD AA AA 04 80 02 FD 68 18 AA AA 04 80 02 01 7D FF AA AA 04 80 02 03 8C EE AA AA 04 80 02 01 52 2A AA AA 04 80 02 FC E6 9B AA AA 04 80 02 FB E6 9C AA AA 04 80 02 01 47 35 AA AA 04 80 02 04 5B 1E AA AA 04 
[0;32mI (40424) TGAM: Received 128 bytes:[0m
80 02 02 2A 51 AA AA 04 80 02 FD A7 D9 AA AA 04 80 02 FC D3 AE AA AA 04 80 02 00 90 ED AA AA 04 80 02 14 AA AA 04 80 02 03 E9 91 AA AA 04 80 02 01 CD AF AA AA 04 80 02 FD 65 1B AA AA 04 80 02 FB EF 93 AA AA 04 80 02 01 03 79 AA AA 04 80 02 04 7D FC AA AA 04 80 02 02 89 F2 AA AA 04 80 02 FD CA B6 AA AA 04 80 02 FC 6D 14 AA AA 04 80 02 FF C5 B9 AA AA 04 80 02 03 47 33 AA AA 04 80 02 
[0;32mI (40644) TGAM: Received 128 bytes:[0m
02 B3 C8 AA AA 04 80 02 FE A4 DB AA AA 04 80 02 FB 5F 23 AA AA 04 80 02 FE DC FC 98 E9 AA AA 04 80 02 FF 9D E1 AA AA 04 80 02 03 67 13 AA AA 04 80 02 03 32 48 AA AA 04 80 02 FF 43 3B AA AA 04 80 02 FB 94 EE AA AA 04 80 02 FE 6B 14 AA AA 04 80 02 03 E9 91 AA AA 04 80 02 03 F2 88 AA AA 04 80 02 FF D5 A9 AA AA 04 80 02 FC 9C E5 AA AA 04 80 02 FE 2A 55 AA AA 04 80 02 02 14 67 AA AA 04 
[0;32mI (40864) TGAM: Received 128 bytes:[0m
80 02 03 37 43 AA AA 04 80 02 00 34 49 AA AA 04 80 02 80 02 00 4B 32 AA AA 04 80 02 FC AF D2 AA AA 04 80 02 FD E2 9E AA AA 04 80 02 02 2C 4F AA AA 04 80 02 03 C1 B9 AA AA 04 80 02 00 E7 96 AA AA 04 80 02 FC 7D 04 AA AA 04 80 02 FC 2C 55 AA AA 04 80 02 01 9B E1 AA AA 04 80 02 04 2B 4E AA AA 04 80 02 01 86 F6 AA AA 04 80 02 FD 24 5C AA AA 04 80 02 FC DF A2 AA AA 04 80 02 00 C8 B5 AA 
[0;32mI (41084) TGAM: Received 128 bytes:[0m
AA 04 80 02 03 B4 C6 AA AA 04 AA 04 80 02 04 4C 2D AA AA 04 80 02 01 D7 A5 AA AA 04 80 02 FD 7B 05 AA AA 04 80 02 FD 04 7C AA AA 04 80 02 00 BB C2 AA AA 04 80 02 03 85 F5 AA AA 04 80 02 02 13 68 AA AA 04 80 02 FE 35 4A AA AA 04 80 02 FC 13 6E AA AA 04 80 02 FF ED 91 AA AA 04 80 02 03 FB 7F AA AA 04 80 02 02 F6 85 AA AA 04 80 02 FE BB C4 AA AA 04 80 02 FC 97 EA AA AA 04 80 02 FF 34 
[0;32mI (41304) TGAM: Received 128 bytes:[0m
4A AA 02 02 A1 DA AA AA 04 80 02 03 F4 86 AA AA 04 80 02 00 F4 89 AA AA 04 80 02 FD 16 6A AA AA 04 80 02 FD BD C3 AA AA 04 80 02 02 1A 61 AA AA 04 80 02 03 E5 95 AA AA 04 80 02 01 3B 41 AA AA 04 80 02 FD 0C 74 AA AA 04 80 02 FC 4C 35 AA AA 04 80 02 01 4A 32 AA AA 04 80 02 04 33 46 AA AA 04 80 02 02 03 78 AA AA 04 80 02 FD AD D3 AA AA 04 80 02 FD 02 7E AA AA 04 80 02 00 AA D3 AA AA 
[0;32mI (41524) TGAM: Received 128 bytes:[0m
04 80 02 03 6B 0F AA AA 04 80 02 01 F7 85 AA AA 04 80 02 FE 26 59 AA AA 04 80 02 FB ED 95 AA AA 04 80 02 FF 8A F4 AA AA 04 80 02 03 BC BE AA AA 04 80 02 02 EC 8F AA AA 04 80 02 FE F3 8C AA AA 04 80 02 FC E7 9A AA AA 04 80 02 FF 3F 3F AA AA 04 80 02 02 C1 BA AA AA 04 80 02 02 C6 B5 AA AA 04 80 02 FF 64 1A AA AA 04 80 02 FC 06 7B AA AA 04 80 AA 04 80 02 FD 8D F3 AA AA 04 80 02 FC 9E 
[0;32mI (41744) TGAM: Received 128 bytes:[0m
E3 AA AA 04 80 02 00 C1 BC AA AA 04 80 02 03 A0 DA AA AA 04 80 02 01 E6 96 AA AA 04 80 02 FE 4D 32 AA AA 04 80 02 FD 83 FD AA AA 04 80 02 00 55 28 AA AA 04 80 02 03 05 75 AA AA 04 80 02 02 24 57 AA AA 04 80 02 FE EB 94 AA AA 04 80 02 FC 99 E8 AA AA 04 80 02 FF 3D 41 AA AA 04 80 02 03 15 65 AA AA 04 80 02 02 C4 B7 AA AB AA AA 04 80 02 02 35 46 AA AA 04 80 02 FF 4D 31 AA AA 04 80 02 
[0;32mI (41964) TGAM: Received 128 bytes:[0m
FC F5 8C AA AA 04 80 02 FF 1D 61 AA AA 04 80 02 02 F7 84 AA AA 04 80 02 02 EC 8F AA AA 04 80 02 FF 9C E2 AA AA 04 80 02 FD 19 67 AA AA 04 80 02 FE C7 B8 AA AA 04 80 02 02 26 55 AA AA 04 80 02 02 C9 B2 AA AA 04 80 02 00 24 59 AA AA 04 80 02 FD 09 77 AA AA 04 80 02 FD A6 DA AA AA 04 80 02 02 1A FE 73 0C AA AA 04 80 02 01 BD BF AA AA 04 80 02 02 BB C0 AA AA 04 80 02 00 78 05 AA AA 04 
[0;32mI (42184) TGAM: Received 128 bytes:[0m
80 02 FD 55 2B AA AA 04 80 02 FD 5A 26 AA AA 04 80 02 01 B0 CC AA AA 04 80 02 03 87 F3 AA AA 04 80 02 01 1C 60 AA AA 04 80 02 FD AF D1 AA AA 04 80 02 FD B5 CB AA AA 04 80 02 01 05 77 AA AA 04 80 02 03 20 5A AA AA 04 80 02 01 82 FA AA AA 04 80 02 FE 22 5D AA AA 04 80 02 80 02 FE 1A 65 AA AA 04 80 02 FD F2 8E AA AA 04 80 02 00 E2 9B AA AA 04 80 02 03 07 73 AA AA 04 80 02 01 AC D0 AA 
[0;32mI (42404) TGAM: Received 128 bytes:[0m
AA 04 80 02 FE 84 FB AA AA 04 80 02 FC D3 AE AA AA 04 80 02 FF FF 7F AA AA 04 80 02 03 50 2A AA AA 04 80 02 02 61 1A AA AA 04 80 02 FE AD D2 AA AA 04 80 02 FD 2A 56 AA AA 04 80 02 FF AE D0 AA AA 04 80 02 02 8A F1 AA AA 04 80 02 02 34 47 AA AA 04 01 AB D1 AA AA 04 80 02 FE A7 D8 AA AA 04 80 02 FC C7 BA AA AA 04 80 02 FF 95 E9 AA AA 04 80 02 03 26 54 AA AA 04 80 02 02 8A F1 AA AA 04 
[0;32mI (42624) TGAM: Received 128 bytes:[0m
80 02 FF 0F 6F AA AA 04 80 02 FD 34 4C AA AA 04 80 02 FF 64 1A AA AA 04 80 02 02 7B 00 AA AA 04 80 02 02 A1 DA AA AA 04 80 02 FF D9 A5 AA AA 04 80 02 FD 06 7A AA AA 04 80 02 FE 5F 20 AA AA 04 80 02 02 88 F3 AA AA 04 80 02 80 02 02 1D 5E AA AA 04 80 02 02 71 0A AA AA 04 80 02 FF DE A0 AA AA 04 80 02 FD 0C 74 AA AA 04 80 02 FD F5 8B AA AA 04 80 02 02 00 7B AA AA 04 80 02 03 1A 60 AA 
[0;32mI (42844) TGAM: Received 128 bytes:[0m
AA 04 80 02 00 92 EB AA AA 04 80 02 FD 9C E4 AA AA 04 80 02 FE 32 4D AA AA 04 80 02 01 6B 11 AA AA 04 80 02 02 E7 94 AA AA 04 80 02 01 0D 6F AA AA 04 80 02 FD FA 86 AA AA 04 80 02 FD 2A 56 AA AA 04 04 80 02 FF 57 27 AA AA 04 80 02 02 EA 91 AA AA 04 80 02 02 9B E0 AA AA 04 80 02 FF 63 1B AA AA 04 80 02 FD 5A 26 AA AA 04 80 02 FF 1C 62 AA AA 04 80 02 02 30 4B AA AA 04 80 02 02 93 E8 
[0;32mI (43064) TGAM: Received 128 bytes:[0m
AA AA 04 80 02 00 03 7A AA AA 04 80 02 FD 38 48 AA AA 04 80 02 FD E3 9D AA AA 04 80 02 01 DB A1 AA AA 04 80 02 03 15 65 AA AA 04 80 02 00 A1 DC AA AA 04 80 02 FD AF D1 AA AA AA AA 04 80 02 FD 4A 36 AA AA 04 80 02 FD 98 E8 AA AA 04 80 02 01 F0 8C AA AA 04 80 02 03 6C 0E AA AA 04 80 02 00 E5 98 AA AA 04 80 02 FD C3 BD AA AA 04 80 02 FE 03 7C AA AA 04 80 02 01 0C 70 AA AA 04 80 02 02 
[0;32mI (43284) TGAM: Received 128 bytes:[0m
E9 92 AA AA 04 80 02 01 5D 1F AA AA 04 80 02 FE 53 2C AA AA 04 80 02 FD 27 59 AA AA 04 80 02 00 88 F5 AA AA 04 80 02 03 48 32 AA AA 04 80 02 01 DC A0 23 7D 02 EE 31 09 6E 74 02 1D DF 00 99 AC 01 32 9C 04 00 05 00 74 AA AA 04 80 02 00 A1 DC AA AA 04 80 02 02 91 EA AA AA 04 80 02 01 5B 21 AA AA 04 80 02 FE AA D5 AA AA 04 80 02 FD 12 6E AA AA 04 80 02 FF FD 81 AA AA 04 80 02 03 21 59 
[0;32mI (43504) TGAM: Received 128 bytes:[0m
AA AA 04 80 02 02 53 28 AA AA 04 80 02 FF 34 4A AA AA 04 80 02 FD A5 DB AA AA 04 80 02 FF 7A 04 AA AA 04 80 02 02 64 17 AA AA AA AA 04 80 02 03 46 34 AA AA 04 80 02 02 8A F1 AA AA 04 80 02 FF 14 6A AA AA 04 80 02 FD 5D 23 AA AA 04 80 02 FF 88 F6 AA AA 04 80 02 02 79 02 AA AA 04 80 02 02 88 F3 AA AA 04 80 02 FF C9 B5 AA AA 04 80 02 FD 0C 74 AA AA 04 80 02 FE 87 F8 AA AA 04 80 02 02 
[0;32mI (43724) TGAM: Received 128 bytes:[0m
73 08 AA AA 04 80 02 02 D3 A8 AA AA 04 80 02 FF FA 84 AA AA 04 80 02 FD 8B F5 AA AA 04 80 02 FE CE B1 25 5B AA AA 04 80 02 FE 0D 72 AA AA 04 80 02 02 17 64 AA AA 04 80 02 03 08 72 AA AA 04 80 02 00 66 17 AA AA 04 80 02 FD 9B E5 AA AA 04 80 02 FE 48 37 AA AA 04 80 02 01 74 08 AA AA 04 80 02 02 D3 A8 AA AA 04 80 02 00 D2 AB AA AA 04 80 02 FD BA C6 AA AA 04 80 02 FD 2D 53 AA AA 04 80 
[0;32mI (43944) TGAM: Received 128 bytes:[0m
02 00 E6 97 AA AA 04 80 02 02 F6 85 AA AA 04 80 02 01 30 4C AA AA 04 80 02 FE 02 01 2C 50 AA AA 04 80 02 FE 29 56 AA AA 04 80 02 FD 1C 64 AA AA 04 80 02 00 AC D1 AA AA 04 80 02 03 3C 3E AA AA 04 80 02 01 BC C0 AA AA 04 80 02 FE 8F F0 AA AA 04 80 02 FD B9 C7 AA AA 04 80 02 00 1D 60 AA AA 04 80 02 02 96 E5 AA AA 04 80 02 01 E5 97 AA AA 04 80 02 FF 1D 61 AA AA 04 80 02 FD 04 7C AA AA 
[0;32mI (44164) TGAM: Received 128 bytes:[0m
04 80 02 FF 36 48 AA AA 04 80 02 02 91 EA AA AA 04 80 04 80 02 02 66 15 AA AA 04 80 02 01 D8 A4 AA AA 04 80 02 FF 33 4B AA AA 04 80 02 FC F5 8C AA AA 04 80 02 FF 08 76 AA AA 04 80 02 02 BA C1 AA AA 04 80 02 02 B0 CB AA AA 04 80 02 FF C4 BA AA AA 04 80 02 FD C2 BE AA AA 04 80 02 FF 33 4B AA AA 04 80 02 01 D9 A3 AA AA 04 80 02 02 6A 11 AA AA 04 80 02 00 3B 42 AA AA 04 80 02 FD 67 19 
[0;32mI (44384) TGAM: Received 128 bytes:[0m
AA AA 04 80 02 FD E8 98 AA AA 00 BB C2 AA AA 04 80 02 02 64 17 AA AA 04 80 02 01 37 45 AA AA 04 80 02 FE 94 EB AA AA 04 80 02 FD 68 18 AA AA 04 80 02 00 8A F3 AA AA 04 80 02 03 18 62 AA AA 04 80 02 01 BA C2 AA AA 04 80 02 FE 9E E1 AA AA 04 80 02 FD A8 D8 AA AA 04 80 02 FF EF 8F AA AA 04 80 02 02 55 26 AA AA 04 80 02 02 18 63 AA AA 04 80 02 FF 4F 2F AA AA 04 80 02 FC DC A5 AA AA 04 
[0;32mI (44604) TGAM: Received 128 bytes:[0m
80 02 80 02 FD 6D 13 AA AA 04 80 02 FF A4 DA AA AA 04 80 02 02 62 19 AA AA 04 80 02 02 53 28 AA AA 04 80 02 FF 95 E9 AA AA 04 80 02 FC F3 8E AA AA 04 80 02 FE B4 CB AA AA 04 80 02 02 C0 BB AA AA 04 80 02 02 E7 94 AA AA 04 80 02 FF C4 BA AA AA 04 80 02 FD 55 2B AA AA 04 80 02 FE 8C F3 AA AA 04 80 02 01 74 08 AA AA 04 80 02 02 82 F9 AA AA 04 80 02 00 92 EB AA AA 04 80 02 FD B4 CC AA 
[0;32mI (44824) TGAM: Received 128 bytes:[0m
AA 04 80 02 FD D9 A7 AA AA 04 80 02 02 18 63 AA AA 04 80 02 03 B0 CA AA AA 04 80 02 01 1B 61 AA AA 04 80 02 FD B5 CB AA AA 04 80 02 FD BD C3 AA AA 04 80 02 00 9A E3 AA AA 04 80 02 02 9A E1 AA AA 04 80 02 01 55 27 AA AA 04 80 02 FE 4D 32 AA AA 04 80 02 FC F8 89 AA AA 04 80 02 00 72 0B AA AA 04 80 02 03 70 0A AA AA 04 80 02 02 03 78 AA AA 04 AA AA 04 80 02 02 B1 CA AA AA 04 80 02 00 
[0;32mI (45044) TGAM: Received 128 bytes:[0m
05 78 AA AA 04 80 02 FD E8 98 AA AA 04 80 02 FF 1C 62 AA AA 04 80 02 01 FB 81 AA AA 04 80 02 02 E1 9A AA AA 04 80 02 00 C5 B8 AA AA 04 80 02 FD 78 08 AA AA 04 80 02 FC E3 9E AA AA 04 80 02 00 E4 99 AA AA 04 80 02 03 21 59 AA AA 04 80 02 01 69 13 AA AA 04 80 02 FE 95 EA AA AA 04 80 02 FE 63 1C AA AA 04 80 02 00 E3 9A 37 49 AA AA 04 80 02 01 0B 71 AA AA 04 80 02 03 26 54 AA AA 04 80 
[0;32mI (45264) TGAM: Received 128 bytes:[0m
02 01 45 37 AA AA 04 80 02 FE 2E 51 AA AA 04 80 02 FD D6 AA AA AA 04 80 02 00 70 0D AA AA 04 80 02 02 A1 DA AA AA 04 80 02 01 C3 B9 AA AA 04 80 02 FE F8 87 AA AA 04 80 02 FD 0F 71 AA AA 04 80 02 FF CC B2 AA AA 04 80 02 03 0B 6F AA AA 04 80 02 02 50 2B AA AA 04 80 02 FF 38 46 AA AA 04 80 02 FD 02 FF 1B 63 AA AA 04 80 02 FD 3E 42 AA AA 04 80 02 FF AD D1 AA AA 04 80 02 02 D0 AB AA AA 
[0;32mI (45484) TGAM: Received 128 bytes:[0m
04 80 02 02 42 39 AA AA 04 80 02 FF 5A 24 AA AA 04 80 02 FD C5 BB AA AA 04 80 02 FF 7E 00 AA AA 04 80 02 02 20 5B AA AA 04 80 02 02 4C 2F AA AA 04 80 02 FF DE A0 AA AA 20 02 C8 83 18 10 CD BF 09 0D 88 04 C3 61 0B 87 FF 01 AB 39 02 3B 26 00 E4 B9 01 3E 07 04 00 05 00 73 72 09 AA AA 04 80 02 FF 76 08 AA AA 04 80 02 FD 99 E7 AA AA 04 80 02 FF 39 45 AA AA 04 80 02 02 04 77 AA AA 04 80 
[0;32mI (45704) TGAM: Received 128 bytes:[0m
02 02 78 03 AA AA 04 80 02 00 2B 52 AA AA 04 80 02 FD 73 0D AA AA 04 80 02 FD FC 84 AA AA 04 80 02 01 D0 AC AA AA 04 80 02 02 E1 9A AA AA 04 80 02 00 84 F9 AA AA 04 80 02 FE 0C 73 AA AA 04 80 02 FE 79 06 AA AA 04 80 02 00 EB 92 AA AA 04 80 02 02 02 01 16 66 AA AA 04 80 02 02 A7 D4 AA AA 04 80 02 01 14 68 AA AA 04 80 02 FE AA D5 AA AA 04 80 02 FE 5F 20 AA AA 04 80 02 00 89 F4 AA AA 
[0;32mI (45924) TGAM: Received 128 bytes:[0m
04 80 02 02 2A 51 AA AA 04 80 02 01 34 48 AA AA 04 80 02 FE C8 B7 AA AA 04 80 02 FD 8A F6 AA AA 04 80 02 FF FF 7F AA AA 04 80 02 02 7A 01 AA AA 04 80 02 02 04 77 AA AA 04 80 02 FF 5C 22 AA AA 04 80 02 FE 06 79 AA AA 04 80 02 FF AB D3 AA AA 04 04 80 02 01 4B 31 AA AA 04 80 02 02 2A 51 AA AA 04 80 02 00 95 E8 AA AA 04 80 02 FE 27 58 AA AA 04 80 02 FE 17 68 AA AA 04 80 02 01 19 63 AA 
[0;32mI (46144) TGAM: Received 128 bytes:[0m
AA 04 80 02 02 96 E5 AA AA 04 80 02 01 21 5B AA AA 04 80 02 FE E8 97 AA AA 04 80 02 FE A8 D7 AA AA 04 80 02 00 74 09 AA AA 04 80 02 02 09 72 AA AA 04 80 02 01 42 3A AA AA 04 80 02 FF 04 7A AA AA 04 80 02 FD DA A6 AA AA AA AA 04 80 02 FE F7 88 AA AA 04 80 02 00 9A E3 AA AA 04 80 02 01 E9 93 AA AA 04 80 02 01 16 66 AA AA 04 80 02 FF 0F 6F AA AA 04 80 02 FE 0E 71 AA AA 04 80 02 00 06 
[0;32mI (46364) TGAM: Received 128 bytes:[0m
77 AA AA 04 80 02 02 07 74 AA AA 04 80 02 01 89 F3 AA AA 04 80 02 FF 9E E0 AA AA 04 80 02 FE A6 D9 AA AA 04 80 02 FF CE B0 AA AA 04 80 02 01 91 EB AA AA 04 80 02 01 B3 C9 AA AA 04 80 02 00 0C 71 04 80 02 FF 69 15 AA AA 04 80 02 FE 3F 40 AA AA 04 80 02 FF 99 E5 AA AA 04 80 02 01 77 05 AA AA 04 80 02 01 60 1C AA AA 04 80 02 FF C7 B7 AA AA 04 80 02 FE DC A3 AA AA 04 80 02 FF E7 97 AA 
[0;32mI (46584) TGAM: Received 128 bytes:[0m
AA 04 80 02 01 69 13 AA AA 04 80 02 01 6C 10 AA AA 04 80 02 FF B3 CB AA AA 04 80 02 FE 24 5B AA AA 04 80 02 FF 18 66 AA AA 04 80 02 01 52 2A AA AA 04 80 02 01 C7 B5 AA AA AA AA 04 80 02 01 CA B2 AA AA 04 80 02 00 39 44 AA AA 04 80 02 FE 63 1C AA AA 04 80 02 FE B2 CD AA AA 04 80 02 00 F4 89 AA AA 04 80 02 01 CA B2 AA AA 04 80 02 00 67 16 AA AA 04 80 02 FE C5 BA AA AA 04 80 02 FE F7 
[0;32mI (46804) TGAM: Received 128 bytes:[0m
88 AA AA 04 80 02 00 B2 CB AA AA 04 80 02 01 A7 D5 AA AA 04 80 02 00 91 EC AA AA 04 80 02 FE EA 95 AA AA 04 80 02 FE 9C E3 AA AA 04 80 02 00 98 E5 D7 A8 AA AA 04 80 02 00 B0 CD AA AA 04 80 02 01 C6 B6 AA AA 04 80 02 00 B6 C7 AA AA 04 80 02 FE ED 92 AA AA 04 80 02 FE 67 18 AA AA 04 80 02 00 44 39 AA AA 04 80 02 01 A9 D3 AA AA 04 80 02 00 DB A2 AA AA 04 80 02 FF 32 4C AA AA 04 80 02 
[0;32mI (47024) TGAM: Received 128 bytes:[0m
FE D7 A8 AA AA 04 80 02 00 2A 53 AA AA 04 80 02 01 60 1C AA AA 04 80 02 00 BA C3 AA AA 04 80 02 FF 32 4C AA AA 04 80 02 FE 02 FF 65 19 AA AA 04 80 02 FE BE C1 AA AA 04 80 02 FF E2 9C AA AA 04 80 02 01 3B 41 AA AA 04 80 02 01 21 5B AA AA 04 80 02 FF AB D3 AA AA 04 80 02 FE 83 FC AA AA 04 80 02 FF C5 B9 AA AA 04 80 02 01 B5 C7 AA AA 04 80 02 01 B7 C5 AA AA 04 80 02 00 11 6C AA AA 04 
[0;32mI (47244) TGAM: Received 128 bytes:[0m
80 02 FE DD A2 AA AA 04 80 02 FF 8D F1 AA AA 04 80 02 01 47 35 AA AA 04 80 02 01 98 E4 AA AA 04 80 04 80 02 01 70 0C AA AA 04 80 02 FF CA B4 AA AA 04 80 02 FE AA D5 AA AA 04 80 02 FF 8F EF AA AA 04 80 02 01 30 4C AA AA 04 80 02 01 B1 CB AA AA 04 80 02 00 64 19 AA AA 04 80 02 FE C4 BB AA AA 04 80 02 FE E4 9B AA AA 04 80 02 00 F9 84 AA AA 04 80 02 01 DB A1 AA AA 04 80 02 00 9A E3 AA 
[0;32mI (47464) TGAM: Received 128 bytes:[0m
AA 04 80 02 FF 07 77 AA AA 04 80 02 FF 0B 73 AA AA 04 80 02 00 75 08 AA AA 01 B9 C3 AA AA 04 80 02 01 38 44 AA AA 04 80 02 FF 98 E6 AA AA 04 80 02 FE E8 97 AA AA 04 80 02 FF F5 89 AA AA 04 80 02 01 3C 40 AA AA 04 80 02 01 23 59 AA AA 04 80 02 FF 9B E3 AA AA 04 80 02 FE 66 19 AA AA 04 80 02 FF 99 E5 AA AA 04 80 02 01 76 06 AA AA 04 80 02 01 88 F4 AA AA 04 80 02 00 08 75 AA AA 04 80 
[0;32mI (47684) TGAM: Received 128 bytes:[0m
02 FE DA A5 AA AA 04 80 02 FF 62 1C AA AA 04 80 02 80 02 FF 5E 20 AA AA 04 80 02 01 39 43 AA AA 04 80 02 01 6C 10 AA AA 04 80 02 FF EC 92 AA AA 04 80 02 FE AB D4 AA AA 04 80 02 FF 58 26 AA AA 04 80 02 00 C9 B4 AA AA 04 80 02 01 36 46 AA AA 04 80 02 00 2C 51 AA AA 04 80 02 FE C3 BC AA AA 04 80 02 FE DE A1 AA AA 04 80 02 01 00 7C AA AA 04 80 02 01 E7 95 AA AA 04 80 02 00 A3 DA AA AA 
[0;32mI (47904) TGAM: Received 128 bytes:[0m
04 80 02 FF 1A 64 AA AA 04 AA 04 80 02 FE E9 96 AA AA 04 80 02 FE C6 B9 AA AA 04 80 02 00 C9 B4 AA AA 04 80 02 01 E4 98 AA AA 04 80 02 00 DD A0 AA AA 04 80 02 FF 2E 50 AA AA 04 80 02 FE FB 84 AA AA 04 80 02 00 53 2A AA AA 04 80 02 01 6C 10 AA AA 04 80 02 00 CC B1 AA AA 04 80 02 FF 2B 53 AA AA 04 80 02 FE 83 FC AA AA 04 80 02 00 36 47 AA AA 04 80 02 01 C8 B4 AA AA 04 80 02 01 32 4A 
[0;32mI (48124) TGAM: Received 128 bytes:[0m
AA 21 AA AA 04 80 02 00 C7 B6 AA AA 04 80 02 FF 4A 34 AA AA 04 80 02 FE 88 F7 AA AA 04 80 02 FF E7 97 AA AA 04 80 02 01 81 FB AA AA 04 80 02 01 63 19 AA AA 04 80 02 FF C7 B7 AA AA 04 80 02 FE CE B1 AA AA 04 80 02 FF B8 C6 AA AA 04 80 02 01 36 46 AA AA 04 80 02 01 71 0B AA AA 04 80 02 00 08 75 AA AA 04 80 02 FE A7 D8 AA AA 04 80 02 FF 56 28 AA AA 04 80 02 01 6B 11 AA AA 04 80 02 01 
[0;32mI (48344) TGAM: Received 128 bytes:[0m
E3 99 AA AA 04 80 02 00 85 F8 AA AA 04 80 02 FF 22 5C AA AA 04 80 02 FF 5B 23 AA AA 04 80 02 00 DC A1 AA AA 04 80 02 01 A7 D5 AA AA 04 80 02 00 A5 D8 AA AA 04 80 02 FF 0C 72 AA AA 04 80 02 FE D4 AB AA AA 04 80 02 00 A6 D7 AA AA 04 80 02 01 C0 BC AA AA 04 80 02 00 E3 9A AA AA 04 80 02 FF 47 37 AA AA 04 80 02 FF 15 69 AA AA 04 80 02 00 81 AA AA 04 80 02 FF 59 25 AA AA 04 80 02 01 A2 
[0;32mI (48564) TGAM: Received 128 bytes:[0m
DA AA AA 04 80 02 01 57 25 AA AA 04 80 02 FF 43 3B AA AA 04 80 02 FE 19 66 AA AA 04 80 02 FF 83 FB AA AA 04 80 02 01 98 E4 AA AA 04 80 02 02 01 7A AA AA 04 80 02 00 4C 31 AA AA 04 80 02 FE 44 3B AA AA 04 80 02 FE CF B0 AA AA 04 80 02 01 7B 01 AA AA 04 80 02 02 2A 51 AA AA 04 80 02 00 46 37 AA AA 04 80 02 FE 59 26 07 76 AA AA 04 80 02 FD F3 8D AA AA 04 80 02 FE 85 FA AA AA 04 80 02 
[0;32mI (48784) TGAM: Received 128 bytes:[0m
01 85 F7 AA AA 04 80 02 02 78 03 AA AA 04 80 02 00 A4 D9 AA AA 04 80 02 FE 6F 10 AA AA 04 80 02 FE B6 C9 AA AA 04 80 02 00 FA 83 AA AA 04 80 02 02 23 58 AA AA 04 80 02 00 CA B3 AA AA 04 80 02 FE 66 19 AA AA 04 80 02 FD EB 95 AA AA 04 80 02 00 AB D2 AA AA 04 80 02 02 64 17 AA AA 04 80 02 01 01 70 0C AA AA 04 80 02 FF ED 91 AA AA 04 80 02 FE DE A1 AA AA 04 80 02 FF A3 DB AA AA 04 80 
[0;32mI (49004) TGAM: Received 128 bytes:[0m
02 01 24 58 AA AA 04 80 02 01 64 18 AA AA 04 80 02 FF EC 92 AA AA 04 80 02 FE 55 2A AA AA 04 80 02 FE EB 94 AA AA 04 80 02 00 DA A3 AA AA 04 80 02 01 7D FF AA AA 04 80 02 00 78 05 AA AA 04 80 02 FF 45 39 AA AA 04 80 02 FF 37 47 AA AA 04 80 02 00 86 F7 AA AA 04 80 02 80 02 00 8A F3 AA AA 04 80 02 01 34 48 AA AA 04 80 02 00 5B 22 AA AA 04 80 02 FF 52 2C AA AA 04 80 02 FF 74 0A AA AA 
[0;32mI (49224) TGAM: Received 128 bytes:[0m
04 80 02 00 D1 AC AA AA 04 80 02 01 89 F3 AA AA 04 80 02 00 B3 CA AA AA 04 80 02 FF 46 38 AA AA 04 80 02 FE CA B5 AA AA 04 80 02 00 13 6A AA AA 04 80 02 01 12 6A AA AA 04 80 02 00 AD D0 AA AA 04 80 02 FF AB D3 AA AA 04 80 02 FF 79 05 AA AA 04 AA 04 80 02 FE A7 D8 AA AA 04 80 02 00 4A 33 AA AA 04 80 02 01 63 19 AA AA 04 80 02 00 BD C0 AA AA 04 80 02 FF 6F 0F AA AA 04 80 02 FE F7 88 
[0;32mI (49444) TGAM: Received 128 bytes:[0m
