etï¿½j%ï¿½(40) boot.esp32: SPI Speed    ets Jul 29 2019 12:21:46

rst:0x1 (POWERON_RESET),boot:0x13 (SPI_FAST_FLASH_BOOT)
configsip: 0, SPIWP:0xee
clk_drv:0x00,q_drv:0x00,d_drv:0x00,cs0_drv:0x00,hd_drv:0x00,wp_drv:0x00
mode:DIO, clock div:2
load:0x3fff0030,len:7176
load:0x40078000,len:15564
ho 0 tail 12 room 4
load:0x40080400,len:4
load:0x40080404,len:3904
entry 0x40080640
[0;32mI (31) boot: ESP-IDF v5.3.2-dirty 2nd stage bootloader[0m
[0;32mI (31) boot: compile time May  7 2025 04:51:56[0m
[0;32mI (31) boot: Multicore bootloader[0m
[0;32mI (36) boot: chip revision: v3.1[0m
[0;32mI (40) boot.esp32: SPI Speed      : 40MHz[0m
[0;32mI (44) boot.esp32: SPI Mode       : DIO[0m
[0;32mI (49) boot.esp32: SPI Flash Size : 2MB[0m
[0;32mI (53) boot: Enabling RNG early entropy source...[0m
[0;32mI (59) boot: Partition Table:[0m
[0;32mI (62) boot: ## Label            Usage          Type ST Offset   Length[0m
[0;32mI (70) boot:  0 nvs              WiFi data        01 02 00009000 00006000[0m
[0;32mI (77) boot:  1 phy_init         RF data          01 01 0000f000 00001000[0m
[0;32mI (85) boot:  2 factory          factory app      00 00 00010000 00100000[0m
[0;32mI (92) boot: End of partition table[0m
[0;32mI (96) esp_image: segment 0: paddr=00010020 vaddr=3f400020 size=0aa8ch ( 43660) map[0m
[0;32mI (120) esp_image: segment 1: paddr=0001aab4 vaddr=3ffb0000 size=02364h (  9060) load[0m
[0;32mI (123) esp_image: segment 2: paddr=0001ce20 vaddr=40080000 size=031f8h ( 12792) load[0m
[0;32mI (131) esp_image: segment 3: paddr=00020020 vaddr=400d0020 size=16550h ( 91472) map[0m
[0;32mI (165) esp_image: segment 4: paddr=00036578 vaddr=400831f8 size=0a914h ( 43284) load[0m
[0;32mI (189) boot: Loaded app from partition at offset 0x10000[0m
[0;32mI (190) boot: Disabling RNG early entropy source...[0m
[0;32mI (202) cpu_start: Multicore app[0m
[0;32mI (210) cpu_start: Pro cpu start user code[0m
[0;32mI (210) cpu_start: cpu freq: 160000000 Hz[0m
[0;32mI (210) app_init: Application information:[0m
[0;32mI (213) app_init: Project name:     AWAKE[0m
[0;32mI (218) app_init: App version:      1[0m
[0;32mI (222) app_init: Compile time:     May  7 2025 04:51:34[0m
[0;32mI (228) app_init: ELF file SHA256:  46baa7b5b...[0m
[0;32mI (234) app_init: ESP-IDF:          v5.3.2-dirty[0m
[0;32mI (239) efuse_init: Min chip rev:     v0.0[0m
[0;32mI (244) efuse_init: Max chip rev:     v3.99 [0m
[0;32mI (249) efuse_init: Chip rev:         v3.1[0m
[0;32mI (254) heap_init: Initializing. RAM available for dynamic allocation:[0m
[0;32mI (261) heap_init: At 3FFAE6E0 len 00001920 (6 KiB): DRAM[0m
[0;32mI (267) heap_init: At 3FFB2C30 len 0002D3D0 (180 KiB): DRAM[0m
[0;32mI (273) heap_init: At 3FFE0440 len 00003AE0 (14 KiB): D/IRAM[0m
[0;32mI (279) heap_init: At 3FFE4350 len 0001BCB0 (111 KiB): D/IRAM[0m
[0;32mI (286) heap_init: At 4008DB0C len 000124F4 (73 KiB): IRAM[0m
[0;32mI (293) spi_flash: detected chip: generic[0m
[0;32mI (297) spi_flash: flash io: dio[0m
[0;33mW (300) spi_flash: Detected size(4096k) larger than the size in the binary image header(2048k). Using the size in the binary image header.[0m
[0;32mI (314) main_task: Started on CPU0[0m
[0;32mI (324) main_task: Calling app_main()[0m
[0;32mI (384) TGAM: Received 128 bytes:[0m
F9 A7 D8 AA AA 04 80 02 04 B2 C7 AA AA 04 80 02 FC A5 DC AA AA 04 80 02 FC DA A7 AA AA 04 80 02 FD 08 78 AA AA 04 80 02 02 5C 1F AA AA 04 80 02 07 FF 77 AA AA 04 80 02 FC 33 4E AA AA 04 80 02 FC 73 0E AA AA 04 80 02 FC A6 DB AA AA 04 80 02 FC EA 97 AA AA 04 80 02 04 D8 A1 AA AA 04 80 02 FC 96 EB AA AA 04 80 02 FC CD B4 AA AA 04 80 02 FC FB 86 AA AA 04 80 02 FD B6 CA AA AA 04 80 02 
[0;32mI (604) TGAM: Received 128 bytes:[0m
07 FF 77 AA AA 04 80 02 FC DD A4 AA AA 04 80 02 FC 76 0B AA AA 04 80 02 FC AA D7 AA AA 04 80 02 FC D8 A9 AA AA 04 80 02 03 81 F9 AA AA 04 80 02 FD 5F 21 AA AA 04 80 02 FC CE B3 AA AA 04 80 02 FC FD 84 AA AA 04 80 02 FD 2A 56 AA AA 04 80 02 07 FF 77 AA AA 04 80 02 02 F3 88 AA AA 04 80 02 FC 6B 16 AA AA 04 80 02 FC A4 DD AA AA 04 80 02 FC D4 AD AA AA 04 80 02 02 38 43 AA AA 04 80 02 
[0;32mI (824) TGAM: Received 128 bytes:[0m
02 09 72 AA AA 04 80 02 FC AD D4 AA AA 04 80 02 FC E4 9D AA AA 04 80 02 FD 0F 71 AA AA 04 80 02 07 FF 77 AA AA 04 80 02 07 FF 77 AA AA 04 80 02 FC 34 4D AA AA 04 80 02 FC 6F 12 AA AA 04 80 02 FC A3 DE AA AA 04 80 02 FE 99 E6 AA AA 20 02 C8 83 18 0C B9 0A 03 03 2D 04 2A 55 01 0E BC 02 79 56 01 A0 9F 01 69 82 02 31 A2 04 00 05 00 6F AA AA 04 80 02 05 98 E0 AA AA 04 80 02 FC 7E 03 AA 
[0;32mI (1044) TGAM: Received 128 bytes:[0m
AA 04 80 02 FC B8 C9 AA AA 04 80 02 FC E7 9A AA AA 04 80 02 01 F9 83 AA AA 04 80 02 07 FF 77 AA AA 04 80 02 FC 0D 74 AA AA 04 80 02 FC 4E 33 AA AA 04 80 02 FC 85 FC AA AA 04 80 02 FC D3 AE AA AA 04 80 02 05 C9 AF AA AA 04 80 02 FC 69 18 AA AA 04 80 02 FC A3 DE AA AA 04 80 02 FC D4 AD AA AA 04 80 02 FD 97 E9 AA AA 04 80 02 07 FF 77 AA AA 04 80 02 FD 29 57 AA AA 04 80 02 FC 3A 47 AA 
[0;32mI (1264) TGAM: Received 128 bytes:[0m
AA 04 80 02 FC 72 0F AA AA 04 80 02 FC A2 DF AA AA 04 80 02 02 F0 8B AA AA 04 80 02 FD 7A 06 AA AA 04 80 02 FC 9E E3 AA AA 04 80 02 FC CF B2 AA AA 04 80 02 FC FD 84 AA AA 04 80 02 07 FF 77 AA AA 04 80 02 03 4A 30 AA AA 04 80 02 FC 5A 27 AA AA 04 80 02 FC 94 ED AA AA 04 80 02 FC C3 BE AA AA 04 80 02 FF 05 79 AA AA 04 80 02 00 24 59 AA AA 04 80 02 FC CD B4 AA AA 04 80 02 FC FE 83 AA 
[0;32mI (1484) TGAM: Received 128 bytes:[0m
AA 04 80 02 FD 28 58 AA AA 04 80 02 04 93 E6 AA AA 04 80 02 07 FF 77 AA AA 04 80 02 FC 99 E8 AA AA 04 80 02 FC D2 AF AA AA 04 80 02 FC FE 83 AA AA 04 80 02 FD 5D 23 AA AA 04 80 02 01 DC A0 AA AA 04 80 02 FD 12 6E AA AA 04 80 02 FD 3F 41 AA AA 04 80 02 FD 67 19 AA AA 04 80 02 FF 1C 62 AA AA 04 80 02 07 FF 77 AA AA 04 80 02 FC D2 AF AA AA 04 80 02 FD 0A 76 AA AA 04 80 02 FD 38 48 AA 
[0;32mI (1704) TGAM: Received 128 bytes:[0m
AA 04 80 02 FD 5E 22 AA AA 04 80 02 01 73 09 AA AA 04 80 02 FD 49 37 AA AA 04 80 02 FD 76 0A AA AA 04 80 02 FD 9B E5 AA AA 04 80 02 FD C2 BE AA AA 04 80 02 07 FF 77 AA AA 04 80 02 FD F7 89 AA AA 04 80 02 FD 3F 41 AA AA 04 80 02 FD 6C 14 AA AA 04 80 02 FD 94 EC AA AA 04 80 02 00 8C F1 AA AA 04 80 02 FE 03 7C AA AA 04 80 02 FD 9D E3 AA AA 04 80 02 FD C4 BC AA AA 04 80 02 FD E6 9A AA 
[0;32mI (1924) TGAM: Received 128 bytes:[0m
AA 04 80 02 07 FF 77 AA AA 04 80 02 04 6C 0D AA AA 04 80 02 FD 56 2A AA AA 04 80 02 FD 85 FB AA AA 04 80 02 FD AA D6 AA AA 04 80 02 FE D4 AB AA AA 04 80 02 00 3C 41 AA AA 04 80 02 FD B4 CC AA AA 04 80 02 FD DA A6 AA AA 04 80 02 FD FA 86 AA AA 04 80 02 03 33 47 AA AA 04 80 02 07 FF 77 AA AA 04 80 02 FD 62 1E AA AA 04 80 02 FD 93 ED AA AA 04 80 02 FD BA C6 AA AA 04 80 02 FD F4 8C AA 
[0;32mI (2144) TGAM: Received 128 bytes:[0m
AA 04 80 02 01 F9 83 AA AA 04 80 02 FD BE C2 AA AA 04 80 02 FD E7 99 AA AA 04 80 02 FE 07 78 AA AA 04 80 02 FF 25 59 AA AA 04 80 02 07 FF 77 AA AA 04 80 02 FD 5B 25 AA AA 04 80 02 FD 8E F2 AA AA 04 80 02 FD B7 C9 AA AA 04 80 02 FD DA A6 AA AA 04 80 02 02 70 0B AA AA 04 80 02 FD B4 CC AA AA 04 80 02 FD DB A5 AA AA 04 80 02 FD FD 83 AA AA 04 80 02 FE 1F 60 AA AA 04 80 02 07 FF 77 AA 
[0;32mI (2364) TGAM: Received 128 bytes:[0m
AA 04 80 02 FF 49 35 AA AA 04 80 02 FD 7C 04 AA AA 04 80 02 FD A8 D8 AA AA 04 80 02 FD CC B4 AA AA 04 80 02 01 61 1B AA AA 04 80 02 FE CF B0 AA AA 04 80 02 FD C4 BC AA AA 04 80 02 FD E9 97 AA AA 04 80 02 FE 0A 75 AA AA 04 80 02 07 FF 77 AA AA 04 80 02 06 98 DF AA AA 04 80 02 FD 57 29 AA AA 04 80 02 FD 87 F9 AA AA 04 80 02 FD AD D3 AA AA 04 80 02 FF 72 0C AA AA 04 80 02 02 49 32 AA 
[0;32mI (2584) TGAM: Received 128 bytes:[0m
AA 04 80 02 FD 9B E5 AA AA 04 80 02 FD C6 BA AA AA 04 80 02 FD E9 97 AA AA 04 80 02 04 91 E8 AA AA 04 80 02 07 FF 77 AA AA 04 80 02 FD 19 67 AA AA 04 80 02 FD 4E 32 AA AA 04 80 02 FD 79 07 AA AA 04 80 02 FD F4 8C AA AA 04 80 02 05 18 60 AA AA 04 80 02 FD 5A 26 AA AA 04 80 02 FD 8A F6 AA AA 04 80 02 FD B3 CD AA AA 04 80 02 FF 96 E8 AA AA 04 80 02 07 FF 77 AA AA 04 80 02 FC D8 A9 AA 
[0;32mI (2804) TGAM: Received 128 bytes:[0m
AA 04 80 02 FD 04 7C AA AA 04 80 02 FD 34 4C AA AA 04 80 02 FD 5C 24 AA AA 04 80 02 04 CC AD AA AA 04 80 02 FD 32 4E AA AA 04 80 02 FD 46 3A AA AA 04 80 02 FD 72 0E AA AA 04 80 02 FD 9D E3 AA AA 04 80 02 07 FF 77 AA AA 04 80 02 00 90 ED AA AA 04 80 02 FC C7 BA AA AA 04 80 02 FC FA 87 AA AA 04 80 02 FD 26 5A AA AA 04 80 02 02 EB 90 AA AA 04 80 02 FF E3 9B AA AA 04 80 02 FD 08 78 AA 
[0;32mI (3024) TGAM: Received 128 bytes:[0m
AA 04 80 02 FD 38 48 AA AA 04 80 02 FD 62 1E AA AA 04 80 02 07 FF 77 AA AA 04 80 02 07 6C 0A AA AA 04 80 02 FC A2 DF AA AA 04 80 02 FC D9 A8 AA AA 04 80 02 FD 07 79 AA AA 04 80 02 FE E3 9C AA AA 04 80 02 03 06 74 AA AA 04 80 02 FC F9 88 AA AA 04 80 02 FD 2A 56 AA AA 04 80 02 FD 55 2B AA AA 04 80 02 02 FA 81 AA AA 04 80 02 07 FF 77 AA AA 04 80 02 FC 9A E7 AA AA 04 80 02 FC D6 AB AA 
[0;32mI (3244) TGAM: Received 128 bytes:[0m
AA 04 80 02 FD 05 7B AA AA 04 80 02 FD 3C 44 AA AA 04 80 02 02 BC BF AA AA 04 80 02 FD 0B 75 AA AA 04 80 02 FD 3C 44 AA AA 04 80 02 FD 65 1B AA AA 04 80 02 FE 03 7C AA AA 04 80 02 07 FF 77 AA AA 04 80 02 FC D8 A9 AA AA 04 80 02 FD 05 7B AA AA 04 80 02 FD 34 4C AA AA 04 80 02 FD 5B 25 AA AA 04 80 02 02 04 77 AA AA 04 80 02 FD 4C 34 AA AA 04 80 02 FD 64 1C AA AA 04 80 02 FD 8B F5 AA 
[0;32mI (3464) TGAM: Received 128 bytes:[0m
AA 04 80 02 FD AF D1 AA AA 04 80 02 07 FF 77 AA AA 04 80 02 00 76 07 AA AA 04 80 02 FD 1F 61 AA AA 04 80 02 FD 4F 31 AA AA 04 80 02 FD 77 09 AA AA 04 80 02 00 2C 51 AA AA 04 80 02 FF 12 6C AA AA 04 80 02 FD 7A 06 AA AA 04 80 02 FD A4 DC AA AA 04 80 02 FD C7 B9 AA AA 04 80 02 07 07 6F AA AA 04 80 02 07 E8 8E AA AA 04 80 02 FD 27 59 AA AA 04 80 02 FD 59 27 AA AA 04 80 02 FD 83 FD AA 
[0;32mI (3684) TGAM: Received 128 bytes:[0m
AA 04 80 02 FE 6D 12 AA AA 04 80 02 01 FC 80 AA AA 04 80 02 FD 82 FE AA AA 04 80 02 FD AB D5 AA AA 04 80 02 FD CE B2 AA AA 04 80 02 01 C9 B3 AA AA 04 80 02 07 FF 77 AA AA 04 80 02 FD 18 68 AA AA 04 80 02 FD 4D 33 AA AA 04 80 02 FD 78 08 AA AA 04 80 02 FD A7 D9 AA AA 04 80 02 03 47 33 AA AA 04 80 02 FD 72 0E AA AA 04 80 02 FD 9E E2 AA AA 04 80 02 FD C5 BB AA AA 04 80 02 FE 48 37 AA 
[0;32mI (3904) TGAM: Received 128 bytes:[0m
AA 04 80 02 07 FF 77 AA AA 04 80 02 FD 49 37 AA AA 04 80 02 FD 3F 41 AA AA 04 80 02 FD 6D 13 AA AA 04 80 02 FD 94 EC AA AA 04 80 02 03 00 7A AA AA 04 80 02 FD 99 E7 AA AA 04 80 02 FD 8A F6 AA AA 04 80 02 FD B3 CD AA AA 04 80 02 FD D6 AA AA AA 04 80 02 07 FF 77 AA AA 04 80 02 02 07 74 AA AA 04 80 02 FD 2E 52 AA AA 04 80 02 FD 5D 23 AA AA 04 80 02 FD 87 F9 AA AA 04 80 02 01 03 79 AA 
[0;32mI (4124) TGAM: Received 128 bytes:[0m
AA 04 80 02 00 84 F9 AA AA 04 80 02 FD 72 0E AA AA 04 80 02 FD 9C E4 AA AA 04 80 02 FD C3 BD AA AA 04 80 02 07 FF 77 AA AA 04 80 02 07 FF 77 AA AA 04 80 02 FC FE 83 AA AA 04 80 02 FD 34 4C AA AA 04 80 02 FD 5D 23 AA AA 04 80 02 FE 9E E1 AA AA 04 80 02 03 AB CF AA AA 04 80 02 FD 49 37 AA AA 04 80 02 FD 79 07 AA AA 04 80 02 FD 9F E1 AA AA 04 80 02 02 21 5A AA AA 04 80 02 07 FF 77 AA 
[0;32mI (4344) TGAM: Received 128 bytes:[0m
AA 04 80 02 FC D3 AE AA AA 04 80 02 FD 0B 75 AA AA 04 80 02 FD 39 47 AA AA 04 80 02 FD 6F 11 AA AA 04 80 02 04 58 21 AA AA 04 80 02 FD 27 59 AA AA 04 80 02 FD 59 27 AA AA 04 80 02 FD 83 FD AA AA 04 80 02 FE 2E 51 AA AA 04 80 02 07 FF 77 AA AA 04 80 02 FD 2D 53 AA AA 04 80 02 FC EE 93 AA AA 04 80 02 FD 1E 62 AA AA 04 80 02 FD 49 37 AA AA 04 80 02 03 41 39 AA AA 04 80 02 FD A3 DD AA 
[0;32mI (4564) TGAM: Received 128 bytes:[0m
AA 04 80 02 FD 3C 44 AA AA 04 80 02 FD 68 18 AA AA 04 80 02 FD 8E F2 AA AA 04 80 02 07 FF 77 AA AA 04 80 02 02 45 36 AA AA 04 80 02 FC EF 92 AA AA 04 80 02 FD 24 5C AA AA 04 80 02 FD 4C 34 AA AA 04 80 02 00 26 57 AA AA 04 80 02 00 4B 32 AA AA 04 80 02 FD 46 3A AA 02 FE 0D 72 AA AA 04 80 02 03 04 76 AA AA 04 80 02 FD 76 0A AA AA 04 80 02 FD A4 DC AA AA 04 80 02 FD C7 B9 AA AA 04 80 
[0;32mI (4784) TGAM: Received 128 bytes:[0m
02 FF FD 81 AA AA 04 80 02 07 FF 77 AA AA 04 80 02 FD 0D 73 AA AA 04 80 02 FD 45 3B AA AA 04 80 02 FD 6F 11 AA AA 04 80 02 FD 98 E8 AA AA 04 80 02 03 34 46 AA AA 04 80 02 FD 69 17 AA AA 04 80 02 FD 97 E9 AA AA 04 80 02 FD BC C4 AA AA 04 80 04 80 02 FD 7E 02 AA AA 04 80 02 FE CE B1 AA AA 04 80 02 01 B7 C5 AA AA 04 80 02 FD 7B 05 AA AA 04 80 02 FD A6 DA AA AA 04 80 02 FD CA B6 AA AA 
[0;32mI (5004) TGAM: Received 128 bytes:[0m
04 80 02 04 3B 3E AA AA 04 80 02 07 FF 77 AA AA 04 80 02 FC E7 9A AA AA 04 80 02 FD 1E 62 AA AA 04 80 02 FD 4B 35 AA AA 04 80 02 FD 8F F1 AA AA 04 80 02 03 52 28 AA AA 04 80 02 FD 48 38 AA AA 04 80 02 FD 77 09 AA AA FE 1F 60 AA AA 04 80 02 FE 98 E7 AA AA 04 80 02 01 79 03 AA AA 04 80 02 FE 1E 61 AA AA 04 80 02 FE 43 3C AA AA 04 80 02 FE 5E 21 AA AA 04 80 02 01 39 43 AA AA 04 80 02 
[0;32mI (5224) TGAM: Received 128 bytes:[0m
07 FF 77 AA AA 04 80 02 FD A7 D9 AA AA 04 80 02 FD D8 A8 AA AA 04 80 02 FD FC 84 AA AA 04 80 02 FE 1E 61 AA AA 04 80 02 02 D7 A4 AA AA 04 80 02 FD F5 8B AA AA 04 80 02 FE 1B 64 AA AA 04 80 02 80 02 FD 46 3A AA AA 04 80 02 FD 6E 12 AA AA 04 80 02 FF 99 E5 AA AA 04 80 02 01 FA 82 AA AA 04 80 02 FD 5E 22 AA AA 04 80 02 FD 8B F5 AA AA 04 80 02 FD B2 CE AA AA 04 80 02 04 FA 7F AA AA 04 
[0;32mI (5444) TGAM: Received 128 bytes:[0m
80 02 07 FF 77 AA AA 04 80 02 FC EF 92 AA AA 04 80 02 FD 27 59 AA AA 04 80 02 FD 53 2D AA AA 04 80 02 FD D6 AA AA AA 04 80 02 03 F0 8A AA AA 04 80 02 FD 45 3B AA AA 04 AA 04 80 02 FE FA 85 AA AA 04 80 02 FF 0E 70 AA AA 04 80 02 FF 23 5B AA AA 04 80 02 00 20 5D AA AA 04 80 02 FF 2B 53 AA AA 04 80 02 FF 24 5A AA AA 04 80 02 FF 36 48 AA AA 04 80 02 FF 45 39 AA AA 04 80 02 01 66 16 AA 
[0;32mI (5664) TGAM: Received 128 bytes:[0m
AA 04 80 02 FF A7 D7 AA AA 04 80 02 FF 25 59 AA AA 04 80 02 FF 3B 43 AA AA 04 80 02 FF 4C 32 AA AA 04 80 02 FF 98 E6 AA AA 04 80 02 00 45 38 AA 71 AA AA 04 80 02 00 10 6D AA AA 04 80 02 00 12 6B AA AA 04 80 02 00 14 69 AA AA 04 80 02 00 14 69 AA AA 04 80 02 00 13 6A AA AA 04 80 02 00 12 6B AA AA 04 80 02 00 12 6B AA AA 04 80 02 00 13 6A AA AA 04 80 02 00 15 68 AA AA 04 80 02 00 16 
[0;32mI (5884) TGAM: Received 128 bytes:[0m
67 AA AA 04 80 02 00 16 67 AA AA 04 80 02 00 18 65 AA AA 04 80 02 00 1C 61 AA AA 04 80 02 00 3C 41 AA AA 04 80 02 00 15 F8 00 85 AA AA 04 80 02 F8 00 85 AA AA 04 80 02 07 E0 96 AA AA 04 80 02 07 88 EE AA AA 04 80 02 07 3D 39 AA AA 04 80 02 06 FA 7D AA AA 04 80 02 06 BA BD AA AA 04 80 02 06 7C FB AA AA 04 80 02 06 48 2F AA AA 04 80 02 F8 00 85 AA AA 04 80 02 F8 00 85 AA AA 04 80 02 
[0;32mI (6104) TGAM: Received 128 bytes:[0m
F8 00 85 AA AA 04 80 02 07 FF 77 AA AA 04 80 02 07 D8 9E AA AA 04 80 02 07 8B EB AA AA 04 80 02 77 AA AA 04 80 02 07 FF 77 AA AA 04 80 02 05 66 12 AA AA 04 80 02 07 FF 77 AA AA 04 80 02 06 D3 A4 AA AA 04 80 02 F8 00 85 AA AA 04 80 02 F8 00 85 AA AA 04 80 02 F8 00 85 AA AA 04 80 02 07 FF 77 AA AA 04 80 02 07 FF 77 AA AA 04 80 02 07 FF 77 AA AA 04 80 02 07 FF 77 AA AA 04 80 02 03 72 
[0;32mI (6324) TGAM: Received 128 bytes:[0m
08 AA AA 04 80 02 07 99 DD AA AA 04 80 02 07 B3 C3 AA AA 04 80 02 F8 00 07 FF 77 AA AA 04 80 02 07 FF 77 AA AA 04 80 02 07 B0 C6 AA AA 04 80 02 F8 00 85 AA AA 04 80 02 FC 0B 76 AA AA 04 80 02 F8 00 85 AA AA 04 80 02 F8 00 85 AA AA 04 80 02 F8 00 85 AA AA 04 80 02 FE 7F 00 AA AA 04 80 02 07 FF 77 AA AA 04 80 02 07 FF 77 AA AA 04 80 02 07 FF 77 AA AA 04 80 02 07 FF 77 AA AA 04 80 02 
[0;32mI (6544) TGAM: Received 128 bytes:[0m
F8 00 85 AA AA 04 80 02 F8 84 01 AA AA 04 80 02 80 02 07 FF 77 AA AA 04 80 02 07 FF 77 AA AA 04 80 02 07 FF 77 AA AA 04 80 02 05 50 28 AA AA 04 80 02 F8 F7 8E AA AA 04 80 02 02 48 33 AA AA 04 80 02 F8 00 85 AA AA 04 80 02 F8 00 85 AA AA 04 80 02 F8 00 85 AA AA 04 80 02 02 9B E0 AA AA 04 80 02 07 FF 77 AA AA 04 80 02 07 FF 77 AA AA 04 80 02 07 FF 77 AA AA 04 80 02 07 FF 77 AA AA 04 
[0;32mI (6764) TGAM: Received 128 bytes:[0m
80 02 F8 FF 86 AA AA 04 04 80 02 01 91 EB AA AA 04 80 02 FE A3 DC AA AA 04 80 02 F8 00 85 AA AA 04 80 02 F8 00 85 AA AA 04 80 02 01 17 65 AA AA 04 80 02 07 FF 77 AA AA 04 80 02 07 FF 77 AA AA 04 80 02 07 FF 77 AA AA 04 80 02 FC A9 D8 AA AA 04 80 02 F8 00 85 AA AA 04 80 02 FF B7 C7 AA AA 04 80 02 06 B5 C2 AA AA 04 80 02 F8 00 85 AA AA 04 80 02 F8 00 85 AA AA 04 80 02 F8 5D 28 AA AA 
[0;32mI (6984) TGAM: Received 128 bytes:[0m
04 80 02 07 FF 77 AA AA 04 80 02 07 FF 77 AA AA 04 80 02 07 FF 77 AA AA 04 80 02 07 FF 77 AA AA 04 80 02 F8 6D 18 AA AA 04 80 02 FF 9B E3 AA AA 04 80 02 07 FF 77 AA AA 04 80 02 F8 00 85 AA AA 04 80 02 F8 00 85 AA AA 04 80 02 F8 00 85 AA AA 04 80 02 07 FF 77 AA AA 04 80 02 07 FF 77 AA AA 04 80 02 07 FF 77 AA AA 04 80 02 07 FF 77 AA AA 04 80 02 01 2C 50 AA AA 80 02 F8 00 85 AA AA 04 
[0;32mI (7204) TGAM: Received 128 bytes:[0m
80 02 07 FF 77 AA AA 04 80 02 07 FF 77 AA AA 04 80 02 07 FF 77 AA AA 04 80 02 07 FF 77 AA AA 04 80 02 07 88 EE AA AA 04 80 02 06 C1 B6 AA AA 04 80 02 07 AD C9 AA AA 04 80 02 FE 09 76 AA AA 04 80 02 F8 00 85 AA AA 04 80 02 F8 00 85 AA AA 04 80 02 02 A5 D6 AA AA 04 80 02 07 FF 77 AA AA 04 80 02 07 FF 77 AA AA 04 80 02 07 FF 77 AA AA 04 AA 04 80 02 F8 00 85 AA AA 04 80 02 F8 00 85 AA 
[0;32mI (7424) TGAM: Received 128 bytes:[0m
AA 04 80 02 07 FF 77 AA AA 04 80 02 07 FF 77 AA AA 04 80 02 07 C2 B4 AA AA 04 80 02 07 7B FB AA AA 04 80 02 07 23 53 AA AA 04 80 02 06 F8 7F AA AA 04 80 02 06 B6 C1 AA AA 04 80 02 FD 5F 21 AA AA 04 80 02 F8 00 85 AA AA 04 80 02 F8 00 85 AA AA 04 80 02 07 8D E9 AA AA 04 80 02 07 FF 77 AA AA 04 80 02 07 B3 C3 AA 37 AA AA 04 80 02 F8 00 85 AA AA 04 80 02 F8 00 85 AA AA 04 80 02 F8 00 
[0;32mI (7644) TGAM: Received 128 bytes:[0m
85 AA AA 04 80 02 07 E8 8E AA AA 04 80 02 07 91 E5 AA AA 04 80 02 07 46 30 AA AA 04 80 02 07 06 70 AA AA 04 80 02 06 C2 B5 AA AA 04 80 02 06 86 F1 AA AA 04 80 02 06 4A 2D AA AA 04 80 02 F9 DF A5 AA AA 04 80 02 F8 00 85 AA AA 04 80 02 F8 00 85 AA AA 04 80 02 07 FF 77 AA AA 04 80 02 07 A6 06 2A 4D AA AA 04 80 02 05 F8 80 AA AA 04 80 02 F8 00 85 AA AA 04 80 02 F8 00 85 AA AA 04 80 02 
[0;32mI (7864) TGAM: Received 128 bytes:[0m
F8 0C 79 AA AA 04 80 02 07 83 F3 AA AA 04 80 02 07 32 44 AA AA 04 80 02 06 E9 8E AA AA 04 80 02 06 AB CC AA AA 04 80 02 06 70 07 AA AA 04 80 02 06 31 46 AA AA 04 80 02 05 FA 7E AA AA 04 80 02 FA E3 A0 AA AA 04 80 02 F8 00 85 AA AA 04 80 02 F8 00 85 AA AA 04 80 02 80 02 06 13 64 AA AA 04 80 02 05 D9 9F AA AA 04 80 02 05 AC CC AA AA 04 80 02 F8 00 85 AA AA 04 80 02 F8 00 85 AA AA 04 
[0;32mI (8084) TGAM: Received 128 bytes:[0m
80 02 FD BD C3 AA AA 04 80 02 07 28 4E AA AA 04 80 02 06 D9 9E AA AA 04 80 02 06 97 E0 AA AA 04 80 02 06 5B 1C AA AA 04 80 02 06 22 55 AA AA 04 80 02 05 E6 92 AA AA 04 80 02 05 B4 C4 AA AA 04 80 02 F8 00 85 AA AA 04 80 02 F8 00 85 AA AA 04 06 71 AA AA 04 80 02 05 CD AB AA AA 04 80 02 05 A0 D8 AA AA 04 80 02 F8 00 85 AA AA 04 80 02 F8 00 85 AA AA 04 80 02 FA 38 4B AA AA 04 80 02 07 
[0;32mI (8304) TGAM: Received 128 bytes:[0m
1A 5C AA AA 04 80 02 06 CB AC AA AA 04 80 02 06 88 EF AA AA 04 80 02 06 4C 2B AA AA 04 80 02 06 12 65 AA AA 04 80 02 05 D9 9F AA AA 04 80 02 05 A5 D3 AA AA 04 80 02 FC B8 C9 AA AA 04 80 02 F8 00 85 AA AA 04 80 02 F8 02 06 05 72 AA AA 04 80 02 05 CB AD AA AA 04 80 02 05 96 E2 AA AA 04 80 02 05 6B 0D AA AA 04 80 02 F8 00 85 AA AA 04 80 02 F8 00 85 AA AA 04 80 02 FF CC B2 AA AA 04 80 
[0;32mI (8524) TGAM: Received 128 bytes:[0m
02 06 DB 9C AA AA 04 80 02 06 92 E5 AA AA 04 80 02 06 52 25 AA AA 04 80 02 06 18 5F AA AA 04 80 02 05 E0 98 AA AA 04 80 02 05 A8 D0 AA AA 04 80 02 05 77 01 AA AA 04 80 02 F8 4B 3A AA AA 04 80 04 80 02 06 44 33 AA AA 04 80 02 06 0A 6D AA AA 04 80 02 05 D2 A6 AA AA 04 80 02 05 9B DD AA AA 04 80 02 05 6D 0B AA AA 04 80 02 F8 00 85 AA AA 04 80 02 F8 00 85 AA AA 04 80 02 05 88 F0 AA AA 
[0;32mI (8744) TGAM: Received 128 bytes:[0m
04 80 02 06 D9 9E AA AA 04 80 02 06 91 E6 AA AA 04 80 02 06 51 26 AA AA 04 80 02 06 17 60 AA AA 04 80 02 05 DD 9B AA AA 04 80 02 05 A7 D1 AA AA 04 80 02 05 79 FF AA AA AA AA 04 80 02 06 66 11 AA AA 04 80 02 06 2B 4C AA AA 04 80 02 05 F3 85 AA AA 04 80 02 05 B9 BF AA AA 04 80 02 05 86 F2 AA AA 04 80 02 04 6C 0D AA AA 04 80 02 F8 00 85 AA AA 04 80 02 F8 00 85 AA AA 04 80 02 07 17 5F 
[0;32mI (8964) TGAM: Received 128 bytes:[0m
AA AA 04 80 02 06 C1 B6 AA AA 04 80 02 06 7A FD AA AA 04 80 02 06 3B 3C AA AA 04 80 02 06 04 73 AA AA 04 80 02 05 CA AE AA AA 04 80 02 05 95 E3 04 80 02 05 73 05 AA AA 04 80 02 F8 75 10 AA AA 04 80 02 F8 00 85 AA AA 04 80 02 F8 00 85 AA AA 04 80 02 06 F1 86 AA AA 04 80 02 06 A2 D5 AA AA 04 80 02 06 60 17 AA AA 04 80 02 06 25 52 AA AA 04 80 02 05 EA 8E AA AA 04 80 02 05 B4 C4 AA AA 
[0;32mI (9184) TGAM: Received 128 bytes:[0m
04 80 02 05 81 F7 AA AA 04 80 02 00 AA D3 AA AA 04 80 02 F8 00 85 AA AA 04 80 02 F8 00 85 AA AA 04 80 02 07 12 64 AA AA AA AA 04 80 02 05 AB CD AA AA 04 80 02 05 80 F8 AA AA 04 80 02 F8 00 85 AA AA 04 80 02 F8 00 85 AA AA 04 80 02 FD 93 ED AA AA 04 80 02 06 F1 86 AA AA 04 80 02 06 A4 D3 AA AA 04 80 02 06 63 14 AA AA 04 80 02 06 28 4F AA AA 04 80 02 05 F0 88 AA AA 04 80 02 05 B7 C1 
[0;32mI (9404) TGAM: Received 128 bytes:[0m
AA AA 04 80 02 05 85 F3 AA AA 04 80 02 FA AD D6 AA AA 04 80 02 F8 00 85 AA AA 04 80 02 F8 00 85 20 57 AA AA 04 80 02 05 E5 93 AA AA 04 80 02 05 B1 C7 AA AA 04 80 02 05 84 F4 AA AA 04 80 02 F8 00 85 AA AA 04 80 02 F8 00 85 AA AA 04 80 02 02 C4 B7 AA AA 04 80 02 06 F0 87 AA AA 04 80 02 06 A5 D2 AA AA 04 80 02 06 65 12 AA AA 04 80 02 06 29 4E AA AA 04 80 02 05 F1 87 AA AA 04 80 02 05 
[0;32mI (9624) TGAM: Received 128 bytes:[0m
B9 BF AA AA 04 80 02 05 89 EF AA AA 04 80 02 F8 00 85 AA AA 04 80 02 F8 02 06 38 3F AA AA 04 80 02 06 01 76 AA AA 04 80 02 05 C7 B1 AA AA 04 80 02 05 92 E6 AA AA 04 80 02 05 04 74 AA AA 04 80 02 F8 00 85 AA AA 04 80 02 F8 00 85 AA AA 04 80 02 06 D9 9E AA AA 04 80 02 06 D3 A4 AA AA 04 80 02 06 8A ED AA AA 04 80 02 06 4B 2C AA AA 04 80 02 06 14 63 AA AA 04 80 02 05 D9 9F AA AA 04 80 
[0;32mI (9844) TGAM: Received 128 bytes:[0m
02 05 A4 D4 AA AA 04 80 02 05 78 00 AA AA 04 80 02 F8 00 85 AA AA 04 80 80 02 F8 00 85 AA AA 04 80 02 05 04 74 AA AA 04 80 02 06 F3 84 AA AA 04 80 02 06 A9 CE AA AA 04 80 02 06 69 0E AA AA 04 80 02 06 30 47 AA AA 04 80 02 05 F5 83 AA AA 04 80 02 05 BC BC AA AA 04 80 02 05 91 E7 AA AA 04 80 02 F8 00 85 AA AA 04 80 02 F8 00 85 AA AA 04 80 02 FB F3 8F AA AA 04 80 02 07 12 64 AA AA 04 
[0;32mI (10064) TGAM: Received 128 bytes:[0m
80 02 06 C4 B3 AA AA 04 80 02 06 82 F5 AA AA 04 07 FF 77 AA AA 04 80 02 FE 5F 20 AA AA 04 80 02 FE E9 96 AA AA 04 80 02 05 13 65 AA AA 04 80 02 F8 00 85 AA AA 04 80 02 F8 00 85 AA AA 04 80 02 F8 00 85 AA AA 04 80 02 07 FF 77 AA AA 04 80 02 07 FF 77 AA AA 04 80 02 07 FF 77 AA AA 04 80 02 07 FF 77 AA AA 04 80 02 02 26 55 AA AA 04 80 02 FA 38 4B AA AA 04 80 02 04 CA AF AA AA 04 80 02 
[0;32mI (10284) TGAM: Received 128 bytes:[0m
F8 00 85 AA AA 04 80 02 80 02 07 FF 77 AA AA 04 80 02 07 FF 77 AA AA 04 80 02 F8 00 85 AA AA 04 80 02 FA 08 7B AA AA 04 80 02 FD 8D F3 AA AA 04 80 02 F8 00 85 AA AA 04 80 02 F8 00 85 AA AA 04 80 02 F8 00 85 AA AA 04 80 02 07 FF 77 AA AA 04 80 02 07 FF 77 AA AA 04 80 02 07 FF 77 AA AA 04 80 02 07 FF 77 AA AA 04 80 02 FD 63 1D AA AA 04 80 02 F9 37 4D AA AA 04 80 02 03 1B 5F AA AA 04 
[0;32mI (10504) TGAM: Received 128 bytes:[0m
80 02 F8 00 85 AA AA 04 80 02 F8 00 85 AA AA 04 80 02 F8 00 85 AA AA 04 80 02 07 FF 77 AA AA 04 80 02 07 FF 77 AA AA 04 80 02 07 FF 77 AA AA 04 80 02 07 FF 77 AA AA 04 80 02 00 4A 33 AA AA 04 80 02 F8 00 85 AA AA 04 80 02 01 DA A2 AA AA 04 80 02 F8 00 85 AA AA 04 80 02 F8 00 85 AA AA 04 80 02 F8 00 85 AA AA 04 80 02 02 E0 9B AA AA 04 80 02 07 FF 77 AA AA 04 AA AA 04 80 02 07 FF 77 
[0;32mI (10724) TGAM: Received 128 bytes:[0m
AA AA 04 80 02 07 FF 77 AA AA 04 80 02 07 FF 77 AA AA 04 80 02 07 FF 77 AA AA 04 80 02 F9 8A FA AA AA 04 80 02 05 5C 1C AA AA 04 80 02 04 9C DD AA AA 04 80 02 F8 00 85 AA AA 04 80 02 F8 00 85 AA AA 04 80 02 F8 00 85 AA AA 04 80 02 07 FF 77 AA AA 04 80 02 07 FF 77 AA AA 04 80 02 07 FF 77 AA AA 04 80 02 07 FF 77 AA AA 04 80 02 FB CF B3 00 85 AA AA 04 80 02 03 FA 80 AA AA 04 80 02 07 
[0;32mI (10944) TGAM: Received 128 bytes:[0m
FF 77 AA AA 04 80 02 07 FF 77 AA AA 04 80 02 07 FF 77 AA AA 04 80 02 07 73 03 AA AA 04 80 02 FC 07 7A AA AA 04 80 02 07 3C 3A AA AA 04 80 02 FF 4D 31 AA AA 04 80 02 F8 00 85 AA AA 04 80 02 F8 00 85 AA AA 04 80 02 FA A6 DD AA AA 04 80 02 07 FF 77 AA AA 04 80 02 07 FF 77 AA AA 04 80 02 07 FF 77 AA AA 04 80 02 07 AA 04 80 02 01 08 74 AA AA 04 80 02 07 FF 77 AA AA 04 80 02 07 FF 77 AA 
[0;32mI (11164) TGAM: Received 128 bytes:[0m
AA 04 80 02 07 FF 77 AA AA 04 80 02 07 FF 77 AA AA 04 80 02 FD 48 38 AA AA 04 80 02 07 5C 1A AA AA 04 80 02 02 D3 A8 AA AA 04 80 02 F8 00 85 AA AA 04 80 02 F8 00 85 AA AA 04 80 02 F8 53 32 AA AA 04 80 02 07 FF 77 AA AA 04 80 02 07 FF 77 AA AA 04 80 02 07 FF 77 AA AA 04 80 02 07 FF 77 AA 85 AA AA 04 80 02 F8 00 85 AA AA 04 80 02 06 F9 7E AA AA 04 80 02 07 FF 77 AA AA 04 80 02 07 FF 
[0;32mI (11384) TGAM: Received 128 bytes:[0m
77 AA AA 04 80 02 07 FF 77 AA AA 04 80 02 06 33 44 AA AA 04 80 02 FA 56 2D AA AA 04 80 02 06 3C 3B AA AA 04 80 02 FB 63 1F AA AA 04 80 02 F8 00 85 AA AA 04 80 02 F8 00 85 AA AA 04 80 02 FD 7A 06 AA AA 04 80 02 07 FF 77 AA AA 04 80 02 07 FF 77 AA AA 04 80 02 07 FF F8 00 85 AA AA 04 80 02 F8 00 85 AA AA 04 80 02 F8 00 85 AA AA 04 80 02 07 FF 77 AA AA 04 80 02 07 FF 77 AA AA 04 80 02 
[0;32mI (11604) TGAM: Received 128 bytes:[0m
07 FF 77 AA AA 04 80 02 07 FF 77 AA AA 04 80 02 05 67 11 AA AA 04 80 02 FF 7D 01 AA AA 04 80 02 07 FF 77 AA AA 04 80 02 F8 E3 A2 AA AA 04 80 02 F8 00 85 AA AA 04 80 02 F8 00 85 AA AA 04 80 02 03 67 13 AA AA 04 80 02 07 FF 77 AA AA 04 80 02 80 02 F8 00 85 AA AA 04 80 02 F8 00 85 AA AA 04 80 02 F8 00 85 AA AA 04 80 02 F8 DC A9 AA AA 04 80 02 07 FF 77 AA AA 04 80 02 07 FF 77 AA AA 04 
[0;32mI (11824) TGAM: Received 128 bytes:[0m
80 02 07 FF 77 AA AA 04 80 02 07 FF 77 AA AA 04 80 02 F8 00 85 AA AA 04 80 02 F8 00 85 AA AA 04 80 02 F8 00 85 AA AA 04 80 02 F8 00 85 AA AA 04 80 02 F8 00 85 AA AA 04 80 02 F8 00 85 AA AA 04 80 02 07 FF 77 AA AA 04 AA 04 80 02 F8 00 85 AA AA 04 80 02 F8 00 85 AA AA 04 80 02 F8 00 85 AA AA 04 80 02 F8 00 85 AA AA 04 80 02 FC 32 4F AA AA 04 80 02 07 FF 77 AA AA 04 80 02 07 FF 77 AA 
[0;32mI (12044) TGAM: Received 128 bytes:[0m
AA 04 80 02 07 FF 77 AA AA 04 80 02 07 FF 77 AA AA 04 80 02 F8 00 85 AA AA 04 80 02 F8 00 85 AA AA 04 80 02 F8 00 85 AA AA 04 80 02 F8 00 85 AA AA 04 80 02 F8 00 85 AA AA 04 80 02 F8 00 85 AA 80 02 07 FF 77 AA AA 04 80 02 07 FF 77 AA AA 04 80 02 07 FF 77 AA AA 04 80 02 07 FF 77 AA AA 04 80 02 FE 74 0B AA AA 04 80 02 F8 00 85 AA AA 04 80 02 F8 00 85 AA AA 04 80 02 F8 00 85 AA AA 04 
[0;32mI (12264) TGAM: Received 128 bytes:[0m
80 02 F8 00 85 AA AA 04 80 02 F8 00 85 AA AA 04 80 02 04 2C 4D AA AA 04 80 02 07 FF 77 AA AA 04 80 02 07 FF 77 AA AA 04 80 02 07 FF 77 AA AA 04 80 02 07 B4 C2 AA AA 04 AA 04 80 02 F8 00 85 AA AA 04 80 02 07 FF 77 AA AA 04 80 02 07 FF 77 AA AA 04 80 02 07 FF 77 AA AA 04 80 02 07 FF 77 AA AA 04 80 02 F8 00 85 AA AA 04 80 02 F8 00 85 AA AA 04 80 02 F8 00 85 AA AA 04 80 02 F8 00 85 AA 
[0;32mI (12484) TGAM: Received 128 bytes:[0m
AA 04 80 02 F8 00 85 AA AA 04 80 02 F8 00 85 AA AA 04 80 02 07 FF 77 AA AA 04 80 02 07 FF 77 AA AA 04 80 02 07 FF 77 AA AA 04 80 02 07 FF 77 AA 85 AA AA 04 80 02 F8 00 85 AA AA 04 80 02 F8 00 85 AA AA 04 80 02 07 FF 77 AA AA 04 80 02 07 FF 77 AA AA 04 80 02 07 FF 77 AA AA 04 80 02 07 FF 77 AA AA 04 80 02 07 B9 BD AA AA 04 80 02 FE FC 83 AA AA 04 80 02 F8 00 85 AA AA 04 80 02 F8 00 
[0;32mI (12704) TGAM: Received 128 bytes:[0m
85 AA AA 04 80 02 F8 00 85 AA AA 04 80 02 F8 00 85 AA AA 04 80 02 07 FF 77 AA AA 04 80 02 07 FF 77 AA AA 04 80 02 07 FF FF 77 AA AA 04 80 02 07 FF 77 AA AA 04 80 02 07 FF 77 AA AA 04 80 02 07 FF 77 AA AA 04 80 02 06 C1 B6 AA AA 04 80 02 F8 00 85 AA AA 04 80 02 F8 00 85 AA AA 04 80 02 F8 00 85 AA AA 04 80 02 07 FF 77 AA AA 04 80 02 07 FF 77 AA AA 04 80 02 07 FF 77 AA AA 04 80 02 07 
[0;32mI (12924) TGAM: Received 128 bytes:[0m
FF 77 AA AA 04 80 02 07 FF 77 AA AA 04 80 02 FF 74 0A AA AA 04 80 02 F8 00 85 AA AA 04 80 02 F8 AA AA 04 80 02 F8 00 85 AA AA 04 80 02 F8 00 85 AA AA 04 80 02 F8 00 85 AA AA 04 80 02 07 FF 77 AA AA 04 80 02 07 FF 77 AA AA 04 80 02 07 FF 77 AA AA 04 80 02 07 FF 77 AA AA 04 80 02 07 FF 77 AA AA 04 80 02 06 94 E3 AA AA 04 80 02 F8 33 52 AA AA 04 80 02 F8 00 85 AA AA 04 80 02 F8 00 85 
[0;32mI (13144) TGAM: Received 128 bytes:[0m
AA AA 04 80 02 F8 00 85 AA AA 04 80 02 07 FF 77 AA AA 04 80 02 07 FF 77 00 85 AA AA 04 80 02 F8 00 85 AA AA 04 80 02 F8 00 85 AA AA 04 80 02 F8 00 85 AA AA 04 80 02 FF 2B 53 AA AA 04 80 02 07 FF 77 AA AA 04 80 02 07 FF 77 AA AA 04 80 02 07 FF 77 AA AA 04 80 02 07 FF 77 AA AA 04 80 02 F9 26 5E AA AA 04 80 02 F8 00 85 AA AA 04 80 02 F8 00 85 AA AA 04 80 02 F8 00 85 AA AA 04 80 02 F8 
[0;32mI (13364) TGAM: Received 128 bytes:[0m
00 85 AA AA 04 80 02 F8 13 72 AA AA 04 80 02 07 02 F8 00 85 AA AA 04 80 02 F8 00 85 AA AA 04 80 02 F8 00 85 AA AA 04 80 02 F8 00 85 AA AA 04 80 02 F8 00 85 AA AA 04 80 02 06 DB 9C AA AA 04 80 02 07 FF 77 AA AA 04 80 02 07 FF 77 AA AA 04 80 02 07 FF 77 AA AA 04 80 02 07 FF 77 AA AA 04 80 02 F8 00 85 AA AA 04 80 02 F8 00 85 AA AA 04 80 02 F8 00 85 AA AA 04 80 02 F8 00 85 AA AA 04 80 
[0;32mI (13584) TGAM: Received 128 bytes:[0m
02 F8 00 85 AA AA 04 80 04 80 02 FF 5A 24 AA AA 04 80 02 F8 00 85 AA AA 04 80 02 F8 00 85 AA AA 04 80 02 F8 00 85 AA AA 04 80 02 F8 00 85 AA AA 04 80 02 F8 00 85 AA AA 04 80 02 07 FF 77 AA AA 04 80 02 07 FF 77 AA AA 04 80 02 07 FF 77 AA AA 04 80 02 07 FF 77 AA AA 04 80 02 07 DC 9A AA AA 04 80 02 F8 00 85 AA AA 04 80 02 F8 00 85 AA AA 04 80 02 F8 00 85 AA AA 04 80 02 F8 00 85 AA AA 
[0;32mI (13804) TGAM: Received 128 bytes:[0m
04 80 02 F8 00 85 AA AA 04 80 02 03 C5 B5 AA AA 04 80 02 07 FF 77 AA AA 04 80 02 07 FF 77 AA AA 04 80 02 07 FF 77 AA AA 04 80 02 07 FF 77 AA AA 04 80 02 F8 00 85 AA AA 04 80 02 F8 00 85 AA AA 04 80 02 F8 00 85 AA AA 04 80 02 F8 00 85 AA AA 04 80 02 F8 00 85 AA AA 04 80 02 FA B3 D0 AA AA 04 80 02 07 FF 77 AA AA 04 80 02 07 FF 77 AA AA 04 80 02 07 FF 77 AA AA 77 AA AA 04 80 02 07 FF 
[0;32mI (14024) TGAM: Received 128 bytes:[0m
77 AA AA 04 80 02 07 FF 77 AA AA 04 80 02 FA C8 BB AA AA 04 80 02 F8 00 85 AA AA 04 80 02 F8 00 85 AA AA 04 80 02 F8 00 85 AA AA 04 80 02 F8 00 85 AA AA 04 80 02 F8 00 85 AA AA 04 80 02 07 FF 77 AA AA 04 80 02 07 FF 77 AA AA 04 80 02 07 FF 77 AA AA 04 80 02 07 FF 77 AA AA 04 80 02 03 CA B0 AA AA 04 80 02 F8 00 85 AA AA 04 80 02 F8 00 04 80 02 07 FF 77 AA AA 04 80 02 07 FF 77 AA AA 
[0;32mI (14244) TGAM: Received 128 bytes:[0m
04 80 02 FE 15 6A AA AA 04 80 02 F8 00 85 AA AA 04 80 02 F8 00 85 AA AA 04 80 02 F8 00 85 AA AA 04 80 02 F8 00 85 AA AA 04 80 02 F8 00 85 AA AA 04 80 02 07 FF 77 AA AA 04 80 02 07 FF 77 AA AA 04 80 02 07 FF 77 AA AA 04 80 02 07 FF 77 AA AA 04 80 02 04 1B 5E AA AA 04 80 02 F8 00 85 AA AA 04 80 02 F8 00 85 AA AA AA AA 04 80 02 07 FF 77 AA AA 04 80 02 07 FF 77 AA AA 04 80 02 07 FF 77 
[0;32mI (14464) TGAM: Received 128 bytes:[0m
AA AA 04 80 02 F8 00 85 AA AA 04 80 02 F8 00 85 AA AA 04 80 02 F8 00 85 AA AA 04 80 02 F8 00 85 AA AA 04 80 02 F8 00 85 AA AA 04 80 02 F8 00 85 AA AA 04 80 02 07 FF 77 AA AA 04 80 02 07 FF 77 AA AA 04 80 02 07 FF 77 AA AA 04 80 02 07 FF 77 AA AA 04 80 02 F8 00 85 AA AA 04 80 02 F8 00 85 CA B5 AA AA 04 80 02 07 FF 77 AA AA 04 80 02 07 FF 77 AA AA 04 80 02 07 FF 77 AA AA 04 80 02 06 
[0;32mI (14684) TGAM: Received 128 bytes:[0m
A5 D2 AA AA 04 80 02 F8 00 85 AA AA 04 80 02 F8 00 85 AA AA 04 80 02 F8 00 85 AA AA 04 80 02 F8 00 85 AA AA 04 80 02 F8 00 85 AA AA 04 80 02 F8 9B EA AA AA 04 80 02 07 FF 77 AA AA 04 80 02 07 FF 77 AA AA 04 80 02 07 FF 77 AA AA 04 80 02 07 FF 77 AA AA 04 80 02 F8 02 F8 00 85 AA AA 04 80 02 FE 63 1C AA AA 04 80 02 07 FF 77 AA AA 04 80 02 07 FF 77 AA AA 04 80 02 07 FF 77 AA AA 04 80 
[0;32mI (14904) TGAM: Received 128 bytes:[0m
02 07 FF 77 AA AA 04 80 02 F8 00 85 AA AA 04 80 02 FE C7 B8 AA AA 04 80 02 03 AB CF AA AA 04 80 02 F8 00 85 AA AA 04 80 02 F8 00 85 AA AA 04 80 02 F8 00 85 AA AA 04 80 02 07 FF 77 AA AA 04 80 02 07 FF 77 AA AA 04 80 02 07 FF 77 AA AA 04 80 67 2D 0B 9E D3 04 00 05 00 45 AA AA 04 80 02 F8 00 85 AA AA 04 80 02 F8 00 85 AA AA 04 80 02 F8 00 85 AA AA 04 80 02 F8 00 85 AA AA 04 80 02 F8 
[0;32mI (15124) TGAM: Received 128 bytes:[0m
00 85 AA AA 04 80 02 04 48 31 AA AA 04 80 02 07 FF 77 AA AA 04 80 02 07 FF 77 AA AA 04 80 02 07 FF 77 AA AA 04 80 02 01 81 FB AA AA 04 80 02 F8 00 85 AA AA 04 80 02 F8 00 85 AA AA 04 80 02 F8 00 85 AA AA 04 80 02 F8 02 07 FF 77 AA AA 04 80 02 07 FF 77 AA AA 04 80 02 F8 3D 48 AA AA 04 80 02 F8 00 85 AA AA 04 80 02 FE 54 2B AA AA 04 80 02 F8 00 85 AA AA 04 80 02 F8 00 85 AA AA 04 80 
[0;32mI (15344) TGAM: Received 128 bytes:[0m
02 F8 00 85 AA AA 04 80 02 07 FF 77 AA AA 04 80 02 07 FF 77 AA AA 04 80 02 07 FF 77 AA AA 04 80 02 07 FF 77 AA AA 04 80 02 FD AE D2 AA AA 04 80 02 F8 00 85 AA AA 04 80 02 01 29 53 AA AA 04 80 04 80 02 06 EB 8C AA AA 04 80 02 06 A5 D2 AA AA 04 80 02 06 6A 0D AA AA 04 80 02 05 A8 D0 AA AA 04 80 02 05 F9 7F AA AA 04 80 02 05 C0 B8 AA AA 04 80 02 04 E5 94 AA AA 04 80 02 F8 00 85 AA AA 
[0;32mI (15564) TGAM: Received 128 bytes:[0m
04 80 02 F8 00 85 AA AA 04 80 02 07 32 44 AA AA 04 80 02 06 D7 A0 AA AA 04 80 02 06 91 E6 AA AA 04 80 02 06 53 24 AA AA 04 80 02 06 01 76 AA AA 04 80 02 05 E3 95 AA AA AA AA 04 80 02 06 35 42 AA AA 04 80 02 05 EB 8D AA AA 04 80 02 05 B1 C7 AA AA 04 80 02 05 7C FC AA AA 04 80 02 05 49 2F AA AA 04 80 02 05 15 63 AA AA 04 80 02 04 E7 92 AA AA 04 80 02 04 60 19 AA AA 04 80 02 F8 00 85 
[0;32mI (15784) TGAM: Received 128 bytes:[0m
AA AA 04 80 02 F8 00 85 AA AA 04 80 02 06 56 21 AA AA 04 80 02 06 06 71 AA AA 04 80 02 05 C7 B1 AA AA 04 80 02 05 92 E6 AA AA 04 80 02 05 62 16 AA AA 04 80 02 05 28 21 57 AA AA 04 80 02 04 F3 86 AA AA 04 80 02 04 CC AD AA AA 04 80 02 F8 00 85 AA AA 04 80 02 F8 00 85 AA AA 04 80 02 06 00 77 AA AA 04 80 02 06 0C 6B AA AA 04 80 02 05 CB AD AA AA 04 80 02 05 94 E4 AA AA 04 80 02 05 61 
[0;32mI (16004) TGAM: Received 128 bytes:[0m
17 AA AA 04 80 02 05 2B 4D AA AA 04 80 02 04 FC 7D AA AA 04 80 02 04 D1 A8 AA AA 04 80 02 03 96 E4 AA AA 04 80 02 F8 00 85 AA AA 04 80 02 F8 AA AA 04 80 02 00 90 ED AA AA 04 80 02 00 7B 02 AA AA 04 80 02 00 75 08 AA AA 04 80 02 00 75 08 AA AA 04 80 02 00 50 2D AA AA 04 80 02 00 6A 13 AA AA 04 80 02 00 65 18 AA AA 04 80 02 00 63 1A AA AA 04 80 02 00 62 1B AA AA 04 80 02 F8 12 73 AA 
[0;32mI (16224) TGAM: Received 128 bytes:[0m
AA 04 80 02 00 E0 9D AA AA 04 80 02 00 B8 C5 AA AA 04 80 02 00 A8 D5 AA AA 04 80 02 00 A3 DA AA AA 04 80 02 00 9C E1 00 85 AA AA 04 80 02 F8 00 85 AA AA 04 80 02 05 D7 A1 AA AA 04 80 02 05 8D EB AA AA 04 80 02 05 55 23 AA AA 04 80 02 05 25 53 AA AA 04 80 02 04 F1 88 AA AA 04 80 02 04 C3 B6 AA AA 04 80 02 04 97 E2 AA AA 04 80 02 04 72 07 AA AA 04 80 02 F8 00 85 AA AA 04 80 02 F8 00 
[0;32mI (16444) TGAM: Received 128 bytes:[0m
85 AA AA 04 80 02 05 8C EC AA AA 04 80 02 05 3D 3B AA AA 04 80 02 05 05 73 AA AA 04 80 02 04 02 F8 00 85 AA AA 04 80 02 F8 00 85 AA AA 04 80 02 07 FF 77 AA AA 04 80 02 07 FF 77 AA AA 04 80 02 07 FF 77 AA AA 04 80 02 07 FF 77 AA AA 04 80 02 FA 37 4C AA AA 04 80 02 F8 00 85 AA AA 04 80 02 F8 00 85 AA AA 04 80 02 F8 00 85 AA AA 04 80 02 F8 00 85 AA AA 04 80 02 F8 00 85 AA AA 04 80 02 
[0;32mI (16664) TGAM: Received 128 bytes:[0m
00 E1 9C AA AA 04 80 02 07 FF 77 AA AA 04 80 02 07 FF 77 AA AA 04 80 04 80 02 F8 00 85 AA AA 04 80 02 F8 00 85 AA AA 04 80 02 F8 00 85 AA AA 04 80 02 07 FF 77 AA AA 04 80 02 07 FF 77 AA AA 04 80 02 07 FF 77 AA AA 04 80 02 07 FF 77 AA AA 04 80 02 F8 00 85 AA AA 04 80 02 F8 00 85 AA AA 04 80 02 F8 00 85 AA AA 04 80 02 F8 00 85 AA AA 04 80 02 F8 00 85 AA AA 04 80 02 F8 00 85 AA AA 04 
[0;32mI (16884) TGAM: Received 128 bytes:[0m
80 02 07 FF 77 AA AA 04 80 02 07 FF 77 AA AA AA AA 04 80 02 F8 00 85 AA AA 04 80 02 F8 00 85 AA AA 04 80 02 F8 00 85 AA AA 04 80 02 F8 05 80 AA AA 04 80 02 07 FF 77 AA AA 04 80 02 07 FF 77 AA AA 04 80 02 07 FF 77 AA AA 20 02 C8 83 18 12 91 85 03 53 68 00 CB 57 01 93 45 02 49 93 02 C7 66 01 53 91 08 C6 F5 04 00 05 00 FB AA AA 04 80 02 07 FF 77 AA AA 04 80 02 F8 00 85 AA AA 04 80 02 
[0;32mI (17104) TGAM: Received 128 bytes:[0m
F8 00 85 AA AA 04 80 80 02 FF 1F 5F AA AA 04 80 02 F8 00 85 AA AA 04 80 02 F8 00 85 AA AA 04 80 02 F8 00 85 AA AA 04 80 02 07 FF 77 AA AA 04 80 02 07 FF 77 AA AA 04 80 02 07 FF 77 AA AA 04 80 02 07 FF 77 AA AA 04 80 02 F8 00 85 AA AA 04 80 02 F8 00 85 AA AA 04 80 02 00 73 0A AA AA 04 80 02 F8 00 85 AA AA 04 80 02 F8 00 85 AA AA 04 80 02 F8 00 85 AA AA 04 80 02 07 FF 77 AA AA 04 80 
[0;32mI (17324) TGAM: Received 128 bytes:[0m
02 07 FF 77 AA AA 04 80 02 07 FF 77 AA AA 04 80 02 07 FF 77 AA AA 04 80 02 F8 00 85 AA AA 04 80 02 F8 00 85 AA AA 04 80 02 FF C4 BA AA AA 04 80 02 FA 16 6D AA AA 04 80 02 F8 00 85 AA AA 04 80 02 F8 00 85 AA AA 04 80 02 02 DC 9F AA AA 04 80 02 07 FF 77 AA AA 04 80 02 07 FF 77 AA AA 04 80 02 07 FF 77 AA AA 04 80 02 F9 93 F1 AA AA 04 80 02 F8 00 85 AA AA 04 AA AA 04 80 02 F8 00 85 AA 
[0;32mI (17544) TGAM: Received 128 bytes:[0m
AA 04 80 02 FA EE 95 AA AA 04 80 02 FD 45 3B AA AA 04 80 02 F8 00 85 AA AA 04 80 02 F8 00 85 AA AA 04 80 02 F8 00 85 AA AA 04 80 02 07 FF 77 AA AA 04 80 02 07 FF 77 AA AA 04 80 02 07 FF 77 AA AA 04 80 02 07 FF 77 AA AA 04 80 02 F8 00 85 AA AA 04 80 02 F9 23 61 AA AA 04 80 02 03 C9 B1 AA AA 04 80 02 F8 00 85 AA AA 04 80 02 F8 00 85 FF 77 AA AA 04 80 02 05 0B 6D AA AA 04 80 02 F8 00 
[0;32mI (17764) TGAM: Received 128 bytes:[0m
85 AA AA 04 80 02 07 F9 7D AA AA 04 80 02 03 D9 A1 AA AA 04 80 02 F8 00 85 AA AA 04 80 02 F8 00 85 AA AA 04 80 02 F9 C7 BD AA AA 04 80 02 07 FF 77 AA AA 04 80 02 07 FF 77 AA AA 04 80 02 07 FF 77 AA AA 04 80 02 07 FF 77 AA AA 04 80 02 F8 0A 7B AA AA 04 80 02 04 FA 7F AA AA 04 80 02 07 FF 77 AA AA 04 80 02 F8 02 07 FF 77 AA AA 04 80 02 07 FF 77 AA AA 04 80 02 03 C7 B3 AA AA 04 80 02 
[0;32mI (17984) TGAM: Received 128 bytes:[0m
FC BB C6 AA AA 04 80 02 07 FF 77 AA AA 04 80 02 00 89 F4 AA AA 04 80 02 F8 00 85 AA AA 04 80 02 F8 00 85 AA AA 04 80 02 FF 56 28 AA AA 04 80 02 07 FF 77 AA AA 04 80 02 07 FF 77 AA AA 04 80 02 07 FF 77 AA AA 04 80 02 07 FF 77 AA AA 04 80 02 07 FF 77 AA AA 04 80 02 07 FF 77 AA AA 04 80 FF 77 AA AA 04 80 02 F8 00 85 AA AA 04 80 02 F8 00 85 AA AA 04 80 02 F8 00 85 AA AA 04 80 02 07 FF 
[0;32mI (18204) TGAM: Received 128 bytes:[0m
77 AA AA 04 80 02 07 FF 77 AA AA 04 80 02 07 FF 77 AA AA 04 80 02 07 FF 77 AA AA 04 80 02 01 75 07 AA AA 04 80 02 01 C2 BA AA AA 04 80 02 07 FF 77 AA AA 04 80 02 FC DC A5 AA AA 04 80 02 F8 00 85 AA AA 04 80 02 F8 00 85 AA AA 04 80 02 05 B8 C0 AA AA 04 80 02 07 02 07 45 31 AA AA 04 80 02 07 FF 77 AA AA 04 80 02 F8 00 85 AA AA 04 80 02 F8 00 85 AA AA 04 80 02 F8 00 85 AA AA 04 80 02 
[0;32mI (18424) TGAM: Received 128 bytes:[0m
07 FF 77 AA AA 04 80 02 07 FF 77 AA AA 04 80 02 07 FF 77 AA AA 04 80 02 07 FF 77 AA AA 04 80 02 FC 79 08 AA AA 04 80 02 02 ED 8E AA AA 04 80 02 07 FF 77 AA AA 04 80 02 F8 47 3E AA AA 04 80 02 F8 00 85 AA AA 04 80 02 F8 00 85 AA AA 04 80 04 80 02 FE B7 C8 AA AA 04 80 02 07 BB BB AA AA 04 80 02 07 1C 5A AA AA 04 80 02 F8 00 85 AA AA 04 80 02 F8 00 85 AA AA 04 80 02 F8 00 85 AA AA 04 
[0;32mI (18644) TGAM: Received 128 bytes:[0m
80 02 07 FF 77 AA AA 04 80 02 07 FF 77 AA AA 04 80 02 07 FF 77 AA AA 04 80 02 07 CD A9 AA AA 04 80 02 02 F2 89 AA AA 04 80 02 07 87 EF AA AA 04 80 02 07 32 44 AA AA 04 80 02 F8 00 85 AA AA 04 80 02 F8 00 85 AA AA AA AA 04 80 02 05 90 E8 AA AA 04 80 02 01 16 66 AA AA 04 80 02 07 66 10 AA AA 04 80 02 05 5B 1D AA AA 04 80 02 F8 00 85 AA AA 04 80 02 F8 00 85 AA AA 04 80 02 FC C9 B8 AA 
[0;32mI (18864) TGAM: Received 128 bytes:[0m
AA 04 80 02 07 FF 77 AA AA 04 80 02 07 FF 77 AA AA 04 80 02 07 DA 9C AA AA 04 80 02 07 47 2F AA AA 04 80 02 FE 64 1B AA AA 04 80 02 07 8C EA AA AA 04 80 02 07 2D 49 AA AA 04 80 02 F8 00 85 AA AA 04 80 02 F8 00 85 85 AA AA 04 80 02 FA CF B4 AA AA 04 80 02 07 FF 77 AA AA 20 02 C8 83 18 0A 73 F4 0F 12 7B 06 34 47 01 D3 71 03 29 5E 02 AD EB 02 B5 C6 02 8A E7 04 00 05 00 AA AA AA 04 80 
[0;32mI (19084) TGAM: Received 128 bytes:[0m
02 07 FF 77 AA AA 04 80 02 07 E7 8F AA AA 04 80 02 07 84 F2 AA AA 04 80 02 FE 08 77 AA AA 04 80 02 07 9D D9 AA AA 04 80 02 07 43 33 AA AA 04 80 02 F8 00 85 AA AA 04 80 02 F8 00 85 AA AA 04 AA 04 80 02 04 C0 B9 AA AA 04 80 02 02 98 E3 AA AA 04 80 02 07 56 20 AA AA 04 80 02 02 B4 C7 AA AA 04 80 02 F8 00 85 AA AA 04 80 02 F8 00 85 AA AA 04 80 02 00 C6 B7 AA AA 04 80 02 07 FF 77 AA AA 
[0;32mI (19304) TGAM: Received 128 bytes:[0m
04 80 02 07 FF 77 AA AA 04 80 02 07 D4 A2 AA AA 04 80 02 06 92 E5 AA AA 04 80 02 FE 09 76 AA AA 04 80 02 07 90 E6 AA AA 04 80 02 06 EA 8D AA AA 04 80 02 F8 00 85 AA DA AA AA 04 80 02 07 58 1E AA AA 04 80 02 05 E2 96 AA AA 04 80 02 06 F3 84 AA AA 04 80 02 06 A7 D0 AA AA 04 80 02 01 E7 95 AA AA 04 80 02 F8 00 85 AA AA 04 80 02 F8 00 85 AA AA 04 80 02 06 39 3E AA AA 04 80 02 07 E2 94 
[0;32mI (19524) TGAM: Received 128 bytes:[0m
AA AA 04 80 02 07 92 E4 AA AA 04 80 02 07 4B 2B AA AA 04 80 02 06 71 06 AA AA 04 80 02 06 1A 5D AA AA 04 80 02 06 AB CC AA AA 04 80 02 05 F3 06 0B 6C AA AA 04 80 02 05 D0 A8 AA AA 04 80 02 05 9C DC AA AA 04 80 02 05 68 10 AA AA 04 80 02 05 31 47 AA AA 04 80 02 05 02 76 AA AA 04 80 02 04 D6 A3 AA AA 04 80 02 F8 00 85 AA AA 04 80 02 F8 00 85 AA AA 04 80 02 06 72 05 AA AA 04 80 02 06 
[0;32mI (19744) TGAM: Received 128 bytes:[0m
1C 5B AA AA 04 80 02 05 DB 9D AA AA 04 80 02 05 A6 D2 AA AA 04 80 02 05 75 03 AA AA 04 80 02 05 3B 3D AA AA 04 80 02 80 02 06 0D 6A AA AA 04 80 02 05 C7 B1 AA AA 04 80 02 05 8C EC AA AA 04 80 02 05 5C 1C AA AA 04 80 02 05 28 50 AA AA 04 80 02 04 F6 83 AA AA 04 80 02 04 C9 B0 AA AA 04 80 02 04 13 66 AA AA 04 80 02 F8 00 85 AA AA 04 80 02 F8 00 85 AA AA 04 80 02 06 32 45 AA AA 04 80 
[0;32mI (19964) TGAM: Received 128 bytes:[0m
02 05 E4 94 AA AA 04 80 02 05 A6 D2 AA AA 04 80 02 05 73 05 AA AA 04 80 02 05 41 37 AA AA 04 04 EA 8F AA AA 04 80 02 04 C0 B9 AA AA 04 80 02 04 95 E4 AA AA 04 80 02 FB 27 5B AA AA 04 80 02 F8 00 85 AA AA 04 80 02 00 87 F6 AA AA 04 80 02 05 D7 A1 AA AA 04 80 02 05 95 E3 AA AA 04 80 02 05 5B 1D AA AA 04 80 02 05 2C 4C AA AA 04 80 02 04 F9 80 AA AA 04 80 02 04 CA AF AA AA 04 80 02 04 
[0;32mI (20184) TGAM: Received 128 bytes:[0m
A1 D8 AA AA 04 80 02 02 31 4A AA AA 04 80 02 F8 00 85 AA AA 04 80 02 F8 00 85 AA AA 04 04 80 02 05 DB 9D AA AA 04 80 02 05 98 E0 AA AA 04 80 02 05 61 17 AA AA 04 80 02 05 31 47 AA AA 04 80 02 04 FD 7C AA AA 04 80 02 04 D0 A9 AA AA 04 80 02 04 A3 D6 AA AA 04 80 02 03 61 19 AA AA 04 80 02 F8 00 85 AA AA 04 80 02 F8 00 85 AA AA 04 80 02 05 F9 7F AA AA 04 80 02 05 B1 C7 AA AA 04 80 02 
[0;32mI (20404) TGAM: Received 128 bytes:[0m
05 76 02 AA AA 04 80 02 05 45 33 AA AA 04 80 02 05 13 65 AA AA AA AA 04 80 02 04 A5 D4 AA AA 04 80 02 07 36 40 AA AA 04 80 02 06 EA 8D AA AA 04 80 02 06 AB CC AA AA 04 80 02 01 6B 11 AA AA 04 80 02 FD D7 A9 AA AA 04 80 02 06 93 E4 AA AA 04 80 02 06 46 31 AA AA 04 80 02 F8 00 85 AA AA 04 80 02 F8 00 85 AA AA 04 80 02 FB 3B 47 AA AA 04 80 02 07 B4 C2 AA AA 04 80 02 07 62 14 AA AA 04 
[0;32mI (20624) TGAM: Received 128 bytes:[0m
80 02 07 1A 5C AA AA 04 80 02 05 1A 5E 00 85 AA AA 04 80 02 F8 00 85 AA AA 04 80 02 07 F6 80 AA AA 04 80 02 07 9B DB AA AA 04 80 02 07 4D 29 AA AA 04 80 02 07 09 6D AA AA 04 80 02 06 BC BB AA AA 04 80 02 06 8C EB AA AA 04 80 02 06 4C 2B AA AA 04 80 02 06 1B 5C AA AA 04 80 02 F8 00 85 AA AA 04 80 02 F8 00 85 AA AA 04 80 02 03 09 71 AA AA 04 80 02 07 62 14 AA AA 04 80 02 07 13 63 AA 
[0;32mI (20844) TGAM: Received 128 bytes:[0m
AA 04 80 02 06 02 F8 00 85 AA AA 04 80 02 F8 00 85 AA AA 04 80 02 F8 00 85 AA AA 04 80 02 07 FF 77 AA AA 04 80 02 07 C8 AE AA AA 04 80 02 07 7B FB AA AA 04 80 02 07 3D 39 AA AA 04 80 02 F9 5D 27 AA AA 04 80 02 02 30 4B AA AA 04 80 02 07 40 36 AA AA 04 80 02 00 F5 88 AA AA 04 80 02 F8 00 85 AA AA 04 80 02 F8 00 85 AA AA 20 02 C8 83 18 0A E9 69 0D 13 6A 02 8F AA 06 70 41 02 5F C4 01 
[0;32mI (21064) TGAM: Received 128 bytes:[0m
EC B8 03 92 32 02 57 AF 04 00 05 00 20 AA AA 04 80 02 07 FF 77 AA AA 04 80 02 07 FF 77 AA AA 04 80 02 07 D7 9F AA AA 04 80 02 07 93 E3 AA AA 04 80 02 FA 83 00 AA AA 04 80 02 F8 BF C6 AA AA 04 80 02 07 E5 91 AA AA 04 80 02 06 A3 D4 AA AA 04 80 02 F8 00 85 AA AA 04 80 02 F8 00 85 AA AA 04 80 02 02 9A E1 AA AA 04 80 02 07 FF 77 AA AA 04 80 02 07 FF 77 07 33 43 AA AA 04 80 02 06 E4 93 
[0;32mI (21284) TGAM: Received 128 bytes:[0m
AA AA 04 80 02 06 A2 D5 AA AA 04 80 02 06 69 0E AA AA 04 80 02 06 2B 4C AA AA 04 80 02 05 ED 8B AA AA 04 80 02 05 B9 BF AA AA 04 80 02 FF F8 86 AA AA 04 80 02 F8 00 85 AA AA 04 80 02 F8 00 85 AA AA 04 80 02 07 18 5E AA AA 04 80 02 06 C5 B2 AA AA 04 80 02 06 82 F5 AA AA 04 80 02 06 47 30 AA AA 04 80 02 06 10 67 AA AA 04 80 02 80 02 01 63 19 AA AA 04 80 02 01 54 28 AA AA 04 80 02 01 
[0;32mI (21504) TGAM: Received 128 bytes:[0m
49 33 AA AA 04 80 02 01 40 3C AA AA 04 80 02 01 38 44 AA AA 04 80 02 01 2C 50 AA AA 04 80 02 01 22 5A AA AA 04 80 02 01 18 64 AA AA 04 80 02 01 11 6B AA AA 04 80 02 01 08 74 AA AA 04 80 02 01 00 7C AA AA 04 80 02 00 F7 86 AA AA 04 80 02 00 F0 8D AA AA 04 80 02 00 E8 95 AA AA 04 80 02 00 E6 97 AA AA 04 AA 04 80 02 07 FF 77 AA AA 04 80 02 06 F6 81 AA AA 04 80 02 F8 00 85 AA AA 04 80 
[0;32mI (21724) TGAM: Received 128 bytes:[0m
02 F8 00 85 AA AA 04 80 02 F8 00 85 AA AA 04 80 02 FD 33 4D AA AA 04 80 02 FF 87 F7 AA AA 04 80 02 F8 05 80 AA AA 04 80 02 F8 67 1E AA AA 04 80 02 F8 BF C6 AA AA 04 80 02 05 19 5F AA AA 04 80 02 07 FF 77 AA AA 04 80 02 F8 4A 3B AA AA 04 80 02 F8 AB DA AA AA 04 80 02 F9 04 80 AA 61 AA AA 04 80 02 FE 3D 42 AA AA 04 80 02 01 B8 C4 AA AA 04 80 02 FE 27 58 AA AA 04 80 02 FE 48 37 AA AA 
